08-30 10:47:20.477 19035 19051 I System.out: query result line "expected 61286",3899610211143,16666666
08-30 10:47:20.477 19035 19051 I System.out: query result line "Choreographer#doFrame 61286",3899616634841,6836000
08-30 10:47:20.477 19035 19051 I System.out: query result line "DrawFrames 61286",3899622611841,16372000
08-30 10:47:20.478 19035 19051 I System.out: query result line "Choreographer#doFrame 61288",3899630163841,389000
08-30 10:47:20.478 19035 19051 I System.out: query result line "actual 61290",3899643544475,15957366
08-30 10:47:20.478 19035 19051 I System.out: query result line "expected 61290",3899643544475,16666666
08-30 10:47:20.478 19035 19051 I System.out: query result line "Choreographer#doFrame 61290",3899645746841,3337000
08-30 10:47:20.478 19035 19051 I System.out: query result line "DrawFrames 61290",3899647655841,26885000
08-30 10:47:20.478 19035 19051 I System.out: query result line "actual 61292",3899660211141,28268700
08-30 10:47:20.478 19035 19051 I System.out: query result line "expected 61292",3899660211141,16666666
08-30 10:47:20.478 19035 19051 I System.out: query result line "Choreographer#doFrame 61292",3899662698841,13788000
08-30 10:47:20.478 19035 19051 I System.out: query result line "DrawFrames 61292",3899674850841,30587000
08-30 10:47:20.478 19035 19051 I System.out: query result line "Choreographer#doFrame 61294",3899679439841,184000
08-30 10:47:20.478 19035 19051 I System.out: query result line "actual 61296",3899693544473,28726368
08-30 10:47:20.478 19035 19051 I System.out: query result line "expected 61296",3899693544473,16666666
08-30 10:47:20.478 19035 19051 I System.out: query result line "Choreographer#doFrame 61296",3899695502841,10803000
08-30 10:47:20.478 19035 19051 I System.out: query result line "DrawFrames 61296",3899705538841,34027000
08-30 10:47:20.478 19035 19051 I System.out: query result line "actual 61298",3899710211139,42809702
08-30 10:47:20.478 19035 19051 I System.out: query result line "expected 61298",3899710211139,16666666
08-30 10:47:20.478 19035 19051 I System.out: query result line "Choreographer#doFrame 61298",3899712215841,28424000
08-30 10:47:20.479 19035 19051 I System.out: query result line "DrawFrames 61298",3899739813841,31440000
08-30 10:47:20.479 19035 19051 I System.out: query result line "Choreographer#doFrame 61300",3899741133841,1510000
08-30 10:47:20.479 19035 19051 I System.out: query result line "actual 61302",3899743544471,42107370
08-30 10:47:20.479 19035 19051 I System.out: query result line "expected 61302",3899743544471,16666666
08-30 10:47:20.479 19035 19051 I System.out: query result line "Choreographer#doFrame 61302",3899746251841,26380000
08-30 10:47:20.479 19035 19051 I System.out: query result line "DrawFrames 61302",3899771350841,34937000
08-30 10:47:20.479 19035 19051 I System.out: query result line "Choreographer#doFrame 61304",3899773120841,764000
08-30 10:47:20.479 19035 19051 I System.out: query result line "actual 61306",3899776877803,42404038
08-30 10:47:20.479 19035 19051 I System.out: query result line "expected 61306",3899776877803,16666666
08-30 10:47:20.479 19035 19051 I System.out: query result line "Choreographer#doFrame 61306",3899780785841,26197000
08-30 10:47:20.479 19035 19051 I System.out: query result line "DrawFrames 61306",3899806384841,33369000
08-30 10:47:20.479 19035 19051 I System.out: query result line "Choreographer#doFrame 61308",3899807407841,635000
08-30 10:47:20.479 19035 19051 I System.out: query result line "actual 61310",3899810211135,42670706
08-30 10:47:20.479 19035 19051 I System.out: query result line "expected 61310",3899810211135,16666666
08-30 10:47:20.479 19035 19051 I System.out: query result line "Choreographer#doFrame 61310",3899813196841,27561000
08-30 10:47:20.479 19035 19051 I System.out: query result line "DrawFrames 61310",3899839850841,36332000
08-30 10:47:20.479 19035 19051 I System.out: query result line "Choreographer#doFrame 61312",3899842614841,450000
08-30 10:47:20.479 19035 19051 I System.out: query result line "actual 61314",3899843544467,54522374
08-30 10:47:20.479 19035 19051 I System.out: query result line "expected 61314",3899843544467,16666666
08-30 10:47:20.479 19035 19051 I System.out: query result line "Choreographer#doFrame 61314",3899845539841,34193000
08-30 10:47:20.479 19035 19051 I System.out: query result line "actual 61316",3899860211133,57446708
08-30 10:47:20.479 19035 19051 I System.out: query result line "expected 61316",3899860211133,16666666
08-30 10:47:20.479 19035 19051 I System.out: query result line "DrawFrames 61314",3899876344841,23216000
08-30 10:47:20.480 19035 19051 I System.out: query result line "Choreographer#doFrame 61316",3899883067841,17906000
08-30 10:47:20.480 19035 19051 I System.out: query result line "DrawFrames 61316",3899899650841,20893000
08-30 10:47:20.480 19035 19051 I System.out: query result line "Choreographer#doFrame 61319",3899901806841,715000
08-30 10:47:20.480 19035 19051 I System.out: query result line "actual 61321",3899910211131,28284710
08-30 10:47:20.480 19035 19051 I System.out: query result line "expected 61321",3899910211131,16666666
08-30 10:47:20.480 19035 19051 I System.out: query result line "Choreographer#doFrame 61321",3899913786841,7825000
08-30 10:47:20.480 19035 19051 I System.out: query result line "DrawFrames 61321",3899920639841,37034000
08-30 10:47:20.480 19035 19051 I System.out: query result line "Choreographer#doFrame 61323",3899928408841,2293000
08-30 10:47:20.480 19035 19051 I System.out: query result line "actual 61325",3899943544463,33425378
08-30 10:47:20.480 19035 19051 I System.out: query result line "expected 61325",3899943544463,16666666
08-30 10:47:20.480 19035 19051 I System.out: query result line "Choreographer#doFrame 61325",3899945432841,13487000
08-30 10:47:20.480 19035 19051 I System.out: query result line "DrawFrames 61325",3899958106841,30293000
08-30 10:47:20.480 19035 19051 I System.out: query result line "actual 61327",3899960211129,55200712
08-30 10:47:20.480 19035 19051 I System.out: query result line "expected 61327",3899960211129,16666666
08-30 10:47:20.480 19035 19051 I System.out: query result line "Choreographer#doFrame 61327",3899964902841,24758000
08-30 10:47:20.480 19035 19051 I System.out: query result line "DrawFrames 61327",3899988610841,27791000
08-30 10:47:20.480 19035 19051 I System.out: query result line "Choreographer#doFrame 61329",3899990420841,3948000
08-30 10:47:20.483 19035 19051 I System.out: query result line "actual 61331",3899993544461,52014380
08-30 10:47:20.483 19035 19051 I System.out: query result line "expected 61331",3899993544461,16649666
08-30 10:47:20.484 19035 19051 I System.out: query result line "Choreographer#doFrame 61331",3899995636841,22294000
08-30 10:47:20.484 19035 19051 I System.out: query result line "DrawFrames 61331",3900016569841,30160000
08-30 10:47:20.484 19035 19051 I System.out: query result line "Choreographer#doFrame 61332",3900018666841,444000
08-30 10:47:20.484 19035 19051 I System.out: query result line "actual 61334",3900026860793,33981048
08-30 10:47:20.485 19035 19051 I System.out: query result line "expected 61334",3900026860793,16666666
08-30 10:47:20.485 19035 19051 I System.out: query result line "Choreographer#doFrame 61334",3900029249841,18230000
08-30 10:47:20.486 19035 19051 I System.out: query result line "actual 61335",3900043527459,50456382
08-30 10:47:20.486 19035 19051 I System.out: query result line "expected 61335",3900043527459,16666666
08-30 10:47:20.486 19035 19051 I System.out: query result line "DrawFrames 61334",3900046820841,27465000
08-30 10:47:20.486 19035 19051 I System.out: query result line "Choreographer#doFrame 61335",3900047895841,27299000
08-30 10:47:20.486 19035 19051 I System.out: query result line "DrawFrames 61335",3900074423841,20638000
08-30 10:47:20.486 19035 19051 I System.out: query result line "Choreographer#doFrame 61337",3900076621841,482000
08-30 10:47:20.486 19035 19051 I System.out: query result line "actual 61339",3900076860791,32924050
08-30 10:47:20.486 19035 19051 I System.out: query result line "expected 61339",3900076860791,16666666
08-30 10:47:20.486 19035 19051 I System.out: query result line "Choreographer#doFrame 61339",3900079628841,16449000
08-30 10:47:20.486 19035 19051 I System.out: query result line "DrawFrames 61339",3900095202841,29459000
08-30 10:47:20.486 19035 19051 I System.out: query result line "Choreographer#doFrame 61341",3900096371841,307000
08-30 10:47:20.486 19035 19051 I System.out: query result line "actual 61343",3900110194123,44809718
08-30 10:47:20.486 19035 19051 I System.out: query result line "expected 61343",3900110194123,16666666
08-30 10:47:20.486 19035 19051 I System.out: query result line "Choreographer#doFrame 61343",3900113179841,17024000
08-30 10:47:20.486 19035 19051 I System.out: query result line "DrawFrames 61343",3900124836841,30893000
08-30 10:47:20.486 19035 19051 I System.out: query result line "actual 61345",3900126860789,46915052
08-30 10:47:20.486 19035 19051 I System.out: query result line "expected 61345",3900126860789,16666666
08-30 10:47:20.486 19035 19051 I System.out: query result line "Choreographer#doFrame 61345",3900130535841,25858000
08-30 10:47:20.486 19035 19051 I System.out: query result line "DrawFrames 61345",3900155825841,20543000
08-30 10:47:20.487 19035 19051 I System.out: query result line "Choreographer#doFrame 61346",3900156667841,629000
08-30 10:47:20.487 19035 19051 I System.out: query result line "actual 61348",3900160194121,32158720
08-30 10:47:20.487 19035 19051 I System.out: query result line "expected 61348",3900160194121,16666666
08-30 10:47:20.487 19035 19051 I System.out: query result line "Choreographer#doFrame 61348",3900162338841,15263000
08-30 10:47:20.487 19035 19051 I System.out: query result line "DrawFrames 61348",3900176475841,30536000
08-30 10:47:20.487 19035 19051 I System.out: query result line "actual 61350",3900176860787,50437054
08-30 10:47:20.487 19035 19051 I System.out: query result line "expected 61350",3900176860787,16666666
08-30 10:47:20.487 19035 19051 I System.out: query result line "Choreographer#doFrame 61350",3900179268841,28628000
08-30 10:47:20.487 19035 19051 I System.out: query result line "DrawFrames 61350",3900207120841,25068000
08-30 10:47:20.487 19035 19051 I System.out: query result line "Choreographer#doFrame 61352",3900209537841,559000
08-30 10:47:20.487 19035 19051 I System.out: query result line "actual 61354",3900210194119,39073722
08-30 10:47:20.487 19035 19051 I System.out: query result line "expected 61354",3900210194119,16666666
08-30 10:47:20.487 19035 19051 I System.out: query result line "Choreographer#doFrame 61354",3900211741841,21184000
08-30 10:47:20.487 19035 19051 I System.out: query result line "actual 61356",3900226860785,37010056
08-30 10:47:20.487 19035 19051 I System.out: query result line "expected 61356",3900226860785,16666666
08-30 10:47:20.487 19035 19051 I System.out: query result line "DrawFrames 61354",3900232308841,17697000
08-30 10:47:20.487 19035 19051 I System.out: query result line "Choreographer#doFrame 61356",3900233140841,17580000
08-30 10:47:20.487 19035 19051 I System.out: query result line "actual 61357",3900243527451,46015390
08-30 10:47:20.487 19035 19051 I System.out: query result line "expected 61357",3900243527451,16666666
08-30 10:47:20.487 19035 19051 I System.out: query result line "DrawFrames 61356",3900250100841,21153000
08-30 10:47:20.487 19035 19051 I System.out: query result line "Choreographer#doFrame 61357",3900250964841,21046000
08-30 10:47:20.487 19035 19051 I System.out: query result line "actual 61359",3900260194117,53197724
08-30 10:47:20.487 19035 19051 I System.out: query result line "expected 61359",3900260194117,16666666
08-30 10:47:20.487 19035 19051 I System.out: query result line "DrawFrames 61357",3900271352841,20288000
08-30 10:47:20.487 19035 19051 I System.out: query result line "Choreographer#doFrame 61359",3900272248841,20742000
08-30 10:47:20.487 19035 19051 I System.out: query result line "actual 61361",3900276860783,49859058
08-30 10:47:20.487 19035 19051 I System.out: query result line "expected 61361",3900276860783,16666666
08-30 10:47:20.487 19035 19051 I System.out: query result line "DrawFrames 61359",3900291786841,22344000
08-30 10:47:20.487 19035 19051 I System.out: query result line "Choreographer#doFrame 61361",3900294030841,20803000
08-30 10:47:20.487 19035 19051 I System.out: query result line "actual 61364",3900310194115,48883726
08-30 10:47:20.488 19035 19051 I System.out: query result line "expected 61364",3900310194115,16666666
08-30 10:47:20.488 19035 19051 I System.out: query result line "DrawFrames 61361",3900314224841,24321000
08-30 10:47:20.488 19035 19051 I System.out: query result line "Choreographer#doFrame 61364",3900315503841,24786000
08-30 10:47:20.488 19035 19051 I System.out: query result line "actual 61366",3900326860781,-1
08-30 10:47:20.488 19035 19051 I System.out: query result line "expected 61366",3900326860781,16666666
08-30 10:47:20.488 19035 19051 I System.out: query result line "DrawFrames 61364",3900338743841,22413000
08-30 10:47:20.488 19035 19051 I System.out: query result line "Choreographer#doFrame 61366",3900342358841,20623000
08-30 10:47:20.488 19035 19051 I System.out: query result line "DrawFrames 61366",3900361232841,19979000
08-30 10:47:20.488 19035 19051 I System.out: query result line "Choreographer#doFrame 61368",3900363351841,18746000
08-30 10:47:20.488 19035 19051 I System.out: query result line "DrawFrames 61368",3900381324841,24151000
08-30 10:47:20.488 19035 19051 I System.out: query result line "Choreographer#doFrame 61371",3900382466841,24168000
08-30 10:47:20.488 19035 19051 I System.out: query result line "DrawFrames 61371",3900405593841,36800000
08-30 10:47:20.488 19035 19051 I System.out: query result line "Choreographer#doFrame 61373",3900407233841,38667000
08-30 10:47:20.488 19035 19051 I System.out: query result line "DrawFrames 61373",3900442654841,-1
08-30 10:47:20.488 19035 19051 I System.out: query result line "Choreographer#doFrame 61375",3900446285841,-1
08-30 10:47:20.488 19035 19051 I System.out: query result line
08-30 10:47:20.501  4720 18965 I NetworkScheduler.Stats: Task com.google.android.gms/com.google.android.gms.ipa.base.IpaGcmTaskService started execution. cause:9 exec_start_elapsed_seconds: 3902 [CONTEXT service_id=218 ]
08-30 10:47:20.513  4720 18965 I NetworkScheduler.Stats: Task com.google.android.gms/com.google.android.gms.ipa.base.IpaGcmTaskService finished executing. cause:9 result: 1 elapsed_millis: 46 uptime_millis: 46 exec_start_elapsed_seconds: 3902 [CONTEXT service_id=218 ]
08-30 10:47:20.539  1402 19543 W MediaProvider: isAppCloneUserPair for user 0: false
08-30 10:47:20.679  4720 18964 I NetworkScheduler.Stats: Task com.google.android.gms/com.google.android.gms.ipa.base.IpaGcmTaskService started execution. cause:5 exec_start_elapsed_seconds: 3903 [CONTEXT service_id=218 ]
08-30 10:47:20.700  4720 18965 I NetworkScheduler.Stats: Task com.google.android.gms/com.google.android.gms.ipa.base.IpaGcmTaskService finished executing. cause:5 result: 1 elapsed_millis: 49 uptime_millis: 49 exec_start_elapsed_seconds: 3903 [CONTEXT service_id=218 ]
08-30 10:47:20.710   598   610 I system_server: Background young concurrent copying GC freed 361332(18MB) AllocSpace objects, 28(2020KB) LOS objects, 45% free, 23MB/42MB, paused 1.624ms,192us total 135.474ms
08-30 10:47:20.727   598   612 W System  : A resource failed to call release.
08-30 10:47:21.294 19557 19557 W perfetto: processor_shell.cc:1367 Trace loaded: 16.31 MB in 0.72s (22.6 MB/s)
08-30 10:47:21.300 19557 19557 W perfetto: _processor_shell.cc:619 Executing query: SELECT slice.name,ts,dur
08-30 10:47:21.300 19557 19557 W perfetto: FROM slice
08-30 10:47:21.300 19557 19557 W perfetto: WHERE slice.name LIKE "scrollBenchmark"
08-30 10:47:21.424  1402 19540 I MediaProvider: Deleted 1 0 0 0 0 0 0 items on external_primary due to com.nativo.benchmark
08-30 10:47:21.426 19035 19051 I System.out: query result line "name","ts","dur"
08-30 10:47:21.426 19035 19051 I System.out: query result line
08-30 10:47:21.430 19035 19051 D Benchmark: Iteration 0 captured UiState{highlight_process=HighlightProcess{cmdline=com.nativo.sampleapp}}
08-30 10:47:21.431 19035 19051 D Benchmark: Killing process com.nativo.sampleapp
08-30 10:47:21.451 19359 19359 I cr_ChildProcessService: Destroying ChildProcessService pid=19359
08-30 10:47:21.453   598   635 I libprocessgroup: Successfully killed process cgroup uid 10194 pid 19309 in 5ms
08-30 10:47:21.486   598  2183 W InputManager-JNI: Input channel object '6502f0c com.nativo.sampleapp/com.nativo.sampleapp.activities.MainActivity (client)' was disposed without first being removed with the input manager!
08-30 10:47:21.508   883   883 I Zygote  : Process 19359 exited due to signal 9 (Killed)
08-30 10:47:21.510   598  2183 W InputReader: Device virtio_input_multi_touch_4 is associated with display ADISPLAY_ID_NONE.
08-30 10:47:21.511   598  2183 W InputReader: Device virtio_input_multi_touch_10 is associated with display ADISPLAY_ID_NONE.
08-30 10:47:21.511   598  2183 W InputReader: Device virtio_input_multi_touch_11 is associated with display ADISPLAY_ID_NONE.
08-30 10:47:21.511   598  2183 W InputReader: Device virtio_input_multi_touch_8 is associated with display ADISPLAY_ID_NONE.
08-30 10:47:21.511   598  2183 W InputReader: Device virtio_input_multi_touch_7 is associated with display ADISPLAY_ID_NONE.
08-30 10:47:21.511   598  2183 W InputReader: Device virtio_input_multi_touch_2 is associated with display ADISPLAY_ID_NONE.
08-30 10:47:21.511   598  2183 W InputReader: Device virtio_input_multi_touch_5 is associated with display ADISPLAY_ID_NONE.
08-30 10:47:21.511   598  2183 W InputReader: Device virtio_input_multi_touch_6 is associated with display ADISPLAY_ID_NONE.
08-30 10:47:21.511   598  2183 W InputReader: Device virtio_input_multi_touch_9 is associated with display ADISPLAY_ID_NONE.
08-30 10:47:21.511   598  2183 W InputReader: Device virtio_input_multi_touch_3 is associated with display ADISPLAY_ID_NONE.
08-30 10:47:21.512   598  2183 W InputReader: Device virtio_input_multi_touch_4 is associated with display ADISPLAY_ID_NONE.
08-30 10:47:21.512   598  2183 W InputReader: Device virtio_input_multi_touch_10 is associated with display ADISPLAY_ID_NONE.
08-30 10:47:21.512   598  2183 W InputReader: Device virtio_input_multi_touch_11 is associated with display ADISPLAY_ID_NONE.
08-30 10:47:21.512   598  2183 W InputReader: Device virtio_input_multi_touch_8 is associated with display ADISPLAY_ID_NONE.
08-30 10:47:21.512   598  2183 W InputReader: Device virtio_input_multi_touch_7 is associated with display ADISPLAY_ID_NONE.
08-30 10:47:21.512   598  2183 W InputReader: Device virtio_input_multi_touch_2 is associated with display ADISPLAY_ID_NONE.
08-30 10:47:21.512   598  2183 W InputReader: Device virtio_input_multi_touch_5 is associated with display ADISPLAY_ID_NONE.
08-30 10:47:21.512   598  2183 W InputReader: Device virtio_input_multi_touch_6 is associated with display ADISPLAY_ID_NONE.
08-30 10:47:21.512   598  2183 W InputReader: Device virtio_input_multi_touch_9 is associated with display ADISPLAY_ID_NONE.
08-30 10:47:21.513   598  2183 W InputReader: Device virtio_input_multi_touch_3 is associated with display ADISPLAY_ID_NONE.
08-30 10:47:21.544  1587  1587 I A       : onApplyWindowInsets: systemWindowInsets=Insets{left=0, top=66, right=0, bottom=44}
08-30 10:47:21.544  1587  1587 I A       : onApplyWindowInsets: systemWindowInsets=Insets{left=0, top=66, right=0, bottom=44}
08-30 10:47:21.547   377   432 D goldfish-address-space: claimShared: Ask to claim region [0x3edffe000 0x3ee963000]
08-30 10:47:21.557   377   432 D goldfish-address-space: claimShared: Ask to claim region [0x3efc2d000 0x3f0592000]
08-30 10:47:21.561   377   432 D goldfish-address-space: claimShared: Ask to claim region [0x3f0592000 0x3f0ef7000]
08-30 10:47:21.588   598  1669 D ConnectivityService: ConnectivityService NetworkRequestInfo binderDied(uid/pid:10194/19309, android.os.BinderProxy@57e2b98)
08-30 10:47:21.588   598  2481 D ConnectivityService: ConnectivityService NetworkRequestInfo binderDied(uid/pid:10194/19309, android.os.BinderProxy@a1b617b)
08-30 10:47:21.588   598  1669 D ConnectivityService: ConnectivityService NetworkRequestInfo binderDied(uid/pid:10194/19309, android.os.BinderProxy@7910ff1)
08-30 10:47:21.589   598   727 D ConnectivityService: releasing NetworkRequest [ REQUEST id=382, [ Capabilities: INTERNET&NOT_RESTRICTED&TRUSTED&NOT_VCN_MANAGED Uid: 10194 RequestorUid: 10194 RequestorPkg: com.nativo.sampleapp] ] (release request)
08-30 10:47:21.600   598   727 D ConnectivityService: releasing NetworkRequest [ REQUEST id=385, [ Capabilities: INTERNET&NOT_RESTRICTED&TRUSTED&NOT_VCN_MANAGED Uid: 10194 RequestorUid: 10194 RequestorPkg: com.nativo.sampleapp] ] (release request)
08-30 10:47:21.603   361   361 I Zygote  : Process 19309 exited due to signal 9 (Killed)
08-30 10:47:21.607   439   439 E BpTransactionCompletedListener: Failed to transact (-32)
08-30 10:47:21.608   598   635 I libprocessgroup: Successfully killed process cgroup uid 99023 pid 19359 in 0ms
08-30 10:47:21.610  1402 18478 W MediaProvider: isAppCloneUserPair for user 0: false
08-30 10:47:21.613  1587  2077 I OpenGLRenderer: Davey! duration=263618ms; Flags=1, FrameTimelineVsyncId=53705, IntendedVsync=3640426933177, Vsync=3640426933177, InputEventId=0, HandleInputStart=3640429410841, AnimationStart=3640429452841, PerformTraversalsStart=3640429510841, DrawStart=3640575114841, FrameDeadline=3640460266509, FrameInterval=3640429353841, FrameStartTime=16666666, SyncQueued=3640619315841, SyncStart=3640621733841, IssueDrawCommandsStart=3640623633841, SwapBuffers=3640624354841, FrameCompleted=3904047697841, DequeueBufferDuration=116000, QueueBufferDuration=11100000, GpuCompleted=3904047697841, SwapBuffersCompleted=3640638196841, DisplayPresentTime=0,
08-30 10:47:21.619   377   432 D goldfish-address-space: claimShared: Ask to claim region [0x3ee963000 0x3ef2c8000]
08-30 10:47:21.641   377   432 D goldfish-address-space: claimShared: Ask to claim region [0x3ef2c8000 0x3efc2d000]
08-30 10:47:21.644   377   431 D goldfish-address-space: claimShared: Ask to claim region [0x3f0ef7000 0x3f185c000]
08-30 10:47:21.753   941   941 D CarrierSvcBindHelper: No carrier app for: 0
08-30 10:47:21.769  1309  1309 I GoogleInputMethodService: GoogleInputMethodService.onFinishInput():3269
08-30 10:47:21.771  1309  1309 I GoogleInputMethodService: GoogleInputMethodService.onStartInput():1947
08-30 10:47:21.785  1309  1309 I DeviceUnlockedTag: DeviceUnlockedTag.notifyDeviceLockStatusChanged():79 Notify device unlocked.
08-30 10:47:21.827  1110  1171 D QuickstepModelDelegate: notifyAppTargetEvent action=1 launchLocation=workspace/0/[-1,-1]/[1,1]
08-30 10:47:21.864  1420  1420 I GsaVoiceInteractionSrv: Handling ACTION_START_HOTWORD
08-30 10:47:21.865  1420  1420 I GsaVoiceInteractionSrv: disregardVoiceMatch: false
08-30 10:47:21.983  1420  1420 I GsaVoiceInteractionSrv: Cannot start hotword, hotword has been explicitly disabled.
08-30 10:47:22.032  4720 19544 I NetworkScheduler.Stats: Task com.google.android.gms/com.google.android.gms.ipa.base.IpaGcmTaskService started execution. cause:9 exec_start_elapsed_seconds: 3904 [CONTEXT service_id=218 ]
08-30 10:47:22.090  1402 18472 I MediaProvider: Deleted 0 0 0 0 0 0 1 items on external_primary due to com.nativo.benchmark
08-30 10:47:22.126  4720 18965 I NetworkScheduler.Stats: Task com.google.android.gms/com.google.android.gms.ipa.base.IpaGcmTaskService finished executing. cause:9 result: 1 elapsed_millis: 441 uptime_millis: 441 exec_start_elapsed_seconds: 3904 [CONTEXT service_id=218 ]
08-30 10:47:22.163   598  2476 D WifiNl80211Manager: Scan result ready event
08-30 10:47:22.164   598  2476 D WifiNative: Scan result ready event
08-30 10:47:22.236  4720  4789 I NetworkScheduler: ignoring stale queue check message
08-30 10:47:22.420 19035 19051 D Benchmark: Starting activity with command: am start -W "intent:#Intent;action=android.intent.action.MAIN;category=android.intent.category.LAUNCHER;launchFlags=0x10008000;package=com.nativo.sampleapp;component=com.nativo.sampleapp/.activities.MainActivity;end"
08-30 10:47:22.439  1402 19540 W MediaProvider: isAppCloneUserPair for user 0: false
08-30 10:47:22.498  4720 19544 I NetworkScheduler.Stats: Task com.google.android.gms/com.google.android.gms.ipa.base.IpaGcmTaskService started execution. cause:9 exec_start_elapsed_seconds: 3904 [CONTEXT service_id=218 ]
08-30 10:47:22.505  4720 19019 I NetworkScheduler.Stats: Task com.google.android.gms/com.google.android.gms.ipa.base.IpaGcmTaskService finished executing. cause:9 result: 1 elapsed_millis: 20 uptime_millis: 20 exec_start_elapsed_seconds: 3904 [CONTEXT service_id=218 ]
08-30 10:47:22.581   361   361 D Zygote  : Forked child process 19610
08-30 10:47:22.603   377   432 D goldfish-address-space: claimShared: Ask to claim region [0x3f4b95000 0x3f54fa000]
08-30 10:47:22.608   377   432 D goldfish-address-space: claimShared: Ask to claim region [0x3f54fa000 0x3f5e5f000]
08-30 10:47:22.612 19610 19610 W ativo.sampleap: Unexpected CPU variant for X86 using defaults: x86_64
08-30 10:47:22.615   377   432 D goldfish-address-space: claimShared: Ask to claim region [0x3f1ffe000 0x3f2963000]
08-30 10:47:22.639  1420  1420 I GsaVoiceInteractionSrv: Handling ACTION_STOP_HOTWORD
08-30 10:47:22.641  1420  1420 E HwDetectorWithState: a: 3
08-30 10:47:22.651   461   474 I adbd    : jdwp connection from 19610
08-30 10:47:22.651   598   675 W InputReader: Device virtio_input_multi_touch_4 is associated with display ADISPLAY_ID_NONE.
08-30 10:47:22.651   598   675 W InputReader: Device virtio_input_multi_touch_10 is associated with display ADISPLAY_ID_NONE.
08-30 10:47:22.651   598   675 W InputReader: Device virtio_input_multi_touch_11 is associated with display ADISPLAY_ID_NONE.
08-30 10:47:22.651   598   675 W InputReader: Device virtio_input_multi_touch_8 is associated with display ADISPLAY_ID_NONE.
08-30 10:47:22.651   598   675 W InputReader: Device virtio_input_multi_touch_7 is associated with display ADISPLAY_ID_NONE.
08-30 10:47:22.654   598   675 W InputReader: Device virtio_input_multi_touch_2 is associated with display ADISPLAY_ID_NONE.
08-30 10:47:22.654   598   675 W InputReader: Device virtio_input_multi_touch_5 is associated with display ADISPLAY_ID_NONE.
08-30 10:47:22.656   598   675 W InputReader: Device virtio_input_multi_touch_6 is associated with display ADISPLAY_ID_NONE.
08-30 10:47:22.657   598   675 W InputReader: Device virtio_input_multi_touch_9 is associated with display ADISPLAY_ID_NONE.
08-30 10:47:22.659   598   675 W InputReader: Device virtio_input_multi_touch_3 is associated with display ADISPLAY_ID_NONE.
08-30 10:47:22.660   598   675 W InputReader: Device virtio_input_multi_touch_4 is associated with display ADISPLAY_ID_NONE.
08-30 10:47:22.660   598   675 W InputReader: Device virtio_input_multi_touch_10 is associated with display ADISPLAY_ID_NONE.
08-30 10:47:22.660   598   675 W InputReader: Device virtio_input_multi_touch_11 is associated with display ADISPLAY_ID_NONE.
08-30 10:47:22.660   598   675 W InputReader: Device virtio_input_multi_touch_8 is associated with display ADISPLAY_ID_NONE.
08-30 10:47:22.661   598   675 W InputReader: Device virtio_input_multi_touch_7 is associated with display ADISPLAY_ID_NONE.
08-30 10:47:22.661   598   675 W InputReader: Device virtio_input_multi_touch_2 is associated with display ADISPLAY_ID_NONE.
08-30 10:47:22.662   598   675 W InputReader: Device virtio_input_multi_touch_5 is associated with display ADISPLAY_ID_NONE.
08-30 10:47:22.662   598   675 W InputReader: Device virtio_input_multi_touch_6 is associated with display ADISPLAY_ID_NONE.
08-30 10:47:22.663   598   675 W InputReader: Device virtio_input_multi_touch_9 is associated with display ADISPLAY_ID_NONE.
08-30 10:47:22.663   598   675 W InputReader: Device virtio_input_multi_touch_3 is associated with display ADISPLAY_ID_NONE.
08-30 10:47:22.667 19610 19610 D CompatibilityChangeReporter: Compat change id reported: 171979766; UID 10194; state: ENABLED
08-30 10:47:22.959  1587  1587 I A       : onApplyWindowInsets: systemWindowInsets=Insets{left=0, top=66, right=0, bottom=44}
08-30 10:47:22.959  1587  1587 I A       : onApplyWindowInsets: systemWindowInsets=Insets{left=0, top=66, right=0, bottom=44}
08-30 10:47:22.996   795  1004 D EGL_emulation: app_time_stats: avg=1506.48ms min=11.20ms max=17757.66ms count=12
08-30 10:47:23.056 19610 19610 V GraphicsEnvironment: ANGLE Developer option for 'com.nativo.sampleapp' set to: 'default'
08-30 10:47:23.059 19610 19610 V GraphicsEnvironment: ANGLE GameManagerService for com.nativo.sampleapp: false
08-30 10:47:23.059 19610 19610 V GraphicsEnvironment: Neither updatable production driver nor prerelease driver is supported.
08-30 10:47:23.060 19610 19610 D NetworkSecurityConfig: Using Network Security Config from resource network_security_config debugBuild: false
08-30 10:47:23.063 19610 19610 D NetworkSecurityConfig: Using Network Security Config from resource network_security_config debugBuild: false
08-30 10:47:23.256 19610 19634 D libEGL  : loaded /vendor/lib64/egl/libEGL_emulation.so
08-30 10:47:23.268 19610 19634 D libEGL  : loaded /vendor/lib64/egl/libGLESv1_CM_emulation.so
08-30 10:47:23.287 19610 19634 D libEGL  : loaded /vendor/lib64/egl/libGLESv2_emulation.so
08-30 10:47:23.356 19610 19610 D NativoSDK: Nativo developer logs enabled.
08-30 10:47:23.411 19610 19610 D CompatibilityChangeReporter: Compat change id reported: 171228096; UID 10194; state: ENABLED
08-30 10:47:23.573 19610 19632 D HostConnection: createUnique: call
08-30 10:47:23.574 19610 19632 D HostConnection: HostConnection::get() New Host Connection established 0x79e0b2850bd0, tid 19632
08-30 10:47:23.588 19610 19632 D HostConnection: HostComposition ext ANDROID_EMU_CHECKSUM_HELPER_v1 ANDROID_EMU_native_sync_v2 ANDROID_EMU_native_sync_v3 ANDROID_EMU_native_sync_v4 ANDROID_EMU_dma_v1 ANDROID_EMU_direct_mem ANDROID_EMU_host_composition_v1 ANDROID_EMU_host_composition_v2 ANDROID_EMU_YUV_Cache ANDROID_EMU_has_shared_slots_host_memory_allocator ANDROID_EMU_sync_buffer_data ANDROID_EMU_read_color_buffer_dma GL_OES_EGL_image_external_essl3 GL_OES_vertex_array_object GL_KHR_texture_compression_astc_ldr ANDROID_EMU_host_side_tracing ANDROID_EMU_gles_max_version_3_0
08-30 10:47:23.594 19610 19610 D NativoSDK: Test ads enabled.
08-30 10:47:23.594   220   220 I hwservicemanager: getTransport: Cannot find entry android.hardware.configstore@1.0::ISurfaceFlingerConfigs/default in either framework or device VINTF manifest.
08-30 10:47:23.596 19610 19632 W OpenGLRenderer: Failed to choose config with EGL_SWAP_BEHAVIOR_PRESERVED, retrying without...
08-30 10:47:23.596 19610 19632 W OpenGLRenderer: Failed to initialize 101010-2 format, error = EGL_SUCCESS
08-30 10:47:23.598 19610 19632 D EGL_emulation: eglCreateContext: 0x79e0b2851950: maj 3 min 0 rcv 3
08-30 10:47:23.600 19610 19632 D EGL_emulation: eglMakeCurrent: 0x79e0b2851950: ver 3 0 (tinfo 0x79e2d397c080) (first time)
08-30 10:47:23.631   220   220 I hwservicemanager: getTransport: Cannot find entry android.hardware.graphics.mapper@4.0::IMapper/default in either framework or device VINTF manifest.
08-30 10:47:23.631 19610 19632 I Gralloc4: mapper 4.x is not supported
08-30 10:47:23.640   795  1004 D EGL_emulation: app_time_stats: avg=6419.64ms min=102.24ms max=18980.06ms count=3
08-30 10:47:23.642 19610 19632 D HostConnection: createUnique: call
08-30 10:47:23.642 19610 19632 D HostConnection: HostConnection::get() New Host Connection established 0x79e0b2850b10, tid 19632
08-30 10:47:23.644 19610 19632 D goldfish-address-space: allocate: Ask for block of size 0x100
08-30 10:47:23.645 19610 19632 D goldfish-address-space: allocate: ioctl allocate returned offset 0x3edffc000 size 0x2000
08-30 10:47:23.649   220   220 I hwservicemanager: getTransport: Cannot find entry android.hardware.graphics.allocator@4.0::IAllocator/default in either framework or device VINTF manifest.
08-30 10:47:23.649 19610 19632 W Gralloc4: allocator 4.x is not supported
08-30 10:47:23.653   377   432 D goldfish-address-space: claimShared: Ask to claim region [0x3ef2c8000 0x3efc2d000]
08-30 10:47:23.667 19610 19632 D HostConnection: HostComposition ext ANDROID_EMU_CHECKSUM_HELPER_v1 ANDROID_EMU_native_sync_v2 ANDROID_EMU_native_sync_v3 ANDROID_EMU_native_sync_v4 ANDROID_EMU_dma_v1 ANDROID_EMU_direct_mem ANDROID_EMU_host_composition_v1 ANDROID_EMU_host_composition_v2 ANDROID_EMU_YUV_Cache ANDROID_EMU_has_shared_slots_host_memory_allocator ANDROID_EMU_sync_buffer_data ANDROID_EMU_read_color_buffer_dma GL_OES_EGL_image_external_essl3 GL_OES_vertex_array_object GL_KHR_texture_compression_astc_ldr ANDROID_EMU_host_side_tracing ANDROID_EMU_gles_max_version_3_0
08-30 10:47:23.670   377   432 D goldfish-address-space: claimShared: Ask to claim region [0x3efc2d000 0x3f0592000]
08-30 10:47:23.672   377   432 D goldfish-address-space: claimShared: Ask to claim region [0x3f0592000 0x3f0ef7000]
08-30 10:47:23.709 19610 19610 I WebViewFactory: Loading com.google.android.webview version 91.0.4472.114 (code 447211487)
08-30 10:47:23.997   795  1004 D EGL_emulation: app_time_stats: avg=7.76ms min=2.32ms max=37.88ms count=38
08-30 10:47:24.070 19610 19610 I cr_LibraryLoader: Loaded native library version number "91.0.4472.114"
08-30 10:47:24.073 19610 19610 I cr_CachingUmaRecorder: Flushed 5 samples from 5 histograms.
08-30 10:47:24.162   883   883 D Zygote  : Forked child process 19648
08-30 10:47:24.181 19648 19648 W ocessService0:: Unexpected CPU variant for X86 using defaults: x86_64
08-30 10:47:24.196 19648 19648 E ocessService0:: Not starting debugger since process cannot load the jdwp agent.
08-30 10:47:24.234 19648 19648 D CompatibilityChangeReporter: Compat change id reported: 171979766; UID 99024; state: ENABLED
08-30 10:47:24.270 19648 19648 D NetworkSecurityConfig: No Network Security Config specified, using platform default
08-30 10:47:24.270 19648 19648 D NetworkSecurityConfig: No Network Security Config specified, using platform default
08-30 10:47:24.281 19648 19648 I cr_ChildProcessService: Creating new ChildProcessService pid=19648
08-30 10:47:24.837   598  2010 D ConnectivityService: requestNetwork for uid/pid:10194/19610 activeRequest: null callbackRequest: 386 [NetworkRequest [ REQUEST id=387, [ Capabilities: INTERNET&NOT_RESTRICTED&TRUSTED&NOT_VCN_MANAGED Uid: 10194 RequestorUid: 10194 RequestorPkg: com.nativo.sampleapp] ]] callback flags: 0 order: 2147483647
08-30 10:47:24.839   598   727 D ConnectivityService: NetReassign [387 : null → 100]
08-30 10:47:24.842   598   720 D WifiNetworkFactory: got request NetworkRequest [ REQUEST id=387, [ Capabilities: INTERNET&NOT_RESTRICTED&TRUSTED&NOT_VCN_MANAGED Uid: 10194 RequestorUid: 10194 RequestorPkg: com.nativo.sampleapp] ]
08-30 10:47:24.843   598   720 D UntrustedWifiNetworkFactory: got request NetworkRequest [ REQUEST id=387, [ Capabilities: INTERNET&NOT_RESTRICTED&TRUSTED&NOT_VCN_MANAGED Uid: 10194 RequestorUid: 10194 RequestorPkg: com.nativo.sampleapp] ]
08-30 10:47:24.843   598   720 D OemPaidWifiNetworkFactory: got request NetworkRequest [ REQUEST id=387, [ Capabilities: INTERNET&NOT_RESTRICTED&TRUSTED&NOT_VCN_MANAGED Uid: 10194 RequestorUid: 10194 RequestorPkg: com.nativo.sampleapp] ]
08-30 10:47:24.846   598   727 D ConnectivityService: NetReassign [no changes]
08-30 10:47:24.879 19610 19610 I NativoSDK: Starting config request
08-30 10:47:24.884   598  2179 D ConnectivityService: requestNetwork for uid/pid:10194/19610 activeRequest: null callbackRequest: 389 [NetworkRequest [ REQUEST id=390, [ Capabilities: INTERNET&NOT_RESTRICTED&TRUSTED&NOT_VCN_MANAGED Uid: 10194 RequestorUid: 10194 RequestorPkg: com.nativo.sampleapp] ]] callback flags: 0 order: 2147483647
08-30 10:47:24.885   598   727 D ConnectivityService: NetReassign [390 : null → 100]
08-30 10:47:24.887   598   720 D WifiNetworkFactory: got request NetworkRequest [ REQUEST id=390, [ Capabilities: INTERNET&NOT_RESTRICTED&TRUSTED&NOT_VCN_MANAGED Uid: 10194 RequestorUid: 10194 RequestorPkg: com.nativo.sampleapp] ]
08-30 10:47:24.887   598   720 D UntrustedWifiNetworkFactory: got request NetworkRequest [ REQUEST id=390, [ Capabilities: INTERNET&NOT_RESTRICTED&TRUSTED&NOT_VCN_MANAGED Uid: 10194 RequestorUid: 10194 RequestorPkg: com.nativo.sampleapp] ]
08-30 10:47:24.887   598   720 D OemPaidWifiNetworkFactory: got request NetworkRequest [ REQUEST id=390, [ Capabilities: INTERNET&NOT_RESTRICTED&TRUSTED&NOT_VCN_MANAGED Uid: 10194 RequestorUid: 10194 RequestorPkg: com.nativo.sampleapp] ]
08-30 10:47:24.887 19610 19679 D Connectivity status: Started
08-30 10:47:24.888 19610 19681 D Connectivity status: Connected
08-30 10:47:24.921 19610 19610 D onBindViewHolder: At pos: 0
08-30 10:47:24.926 19610 19610 D SampleApp: placing ad at position 1, available: false
08-30 10:47:24.926 19610 19610 D onBindViewHolder: At pos: 1
08-30 10:47:24.926 19610 19680 D NativoSDK: Section(http://www.nativo.net/test) set placeholder at: 1
08-30 10:47:24.927 19610 19610 D onBindViewHolder: At pos: 2
08-30 10:47:24.929 19610 19610 D SampleApp: placing ad at position 3, available: false
08-30 10:47:24.930 19610 19610 D onBindViewHolder: At pos: 3
08-30 10:47:24.934 19610 19680 D NativoSDK: Section(http://www.nativo.net/test) set placeholder at: 3
08-30 10:47:24.935 19610 19610 D onBindViewHolder: At pos: 4
08-30 10:47:25.032 19610 19629 I OpenGLRenderer: Davey! duration=1491ms; Flags=1, FrameTimelineVsyncId=61637, IntendedVsync=3905976922555, Vsync=3905976922555, InputEventId=0, HandleInputStart=3905983679841, AnimationStart=3905983709841, PerformTraversalsStart=3905983754841, DrawStart=3907392784841, FrameDeadline=3905993589221, FrameInterval=3905983660841, FrameStartTime=16666666, SyncQueued=3907399159841, SyncStart=3907399691841, IssueDrawCommandsStart=3907401325841, SwapBuffers=3907458713841, FrameCompleted=3907469055841, DequeueBufferDuration=37000, QueueBufferDuration=1881000, GpuCompleted=3907468748841, SwapBuffersCompleted=3907469055841, DisplayPresentTime=0,
08-30 10:47:25.059   598   622 I ActivityTaskManager: Displayed com.nativo.sampleapp/.activities.MainActivity: +2s545ms
08-30 10:47:25.063 19610 19610 I Choreographer: Skipped 91 frames!  The application may be doing too much work on its main thread.
08-30 10:47:25.083  4720  6443 I FontLog : Received query Noto Color Emoji Compat, URI content://com.google.android.gms.fonts [CONTEXT service_id=132 ]
08-30 10:47:25.083  4720  6443 I FontLog : Query [emojicompat-emoji-font] resolved to {Noto Color Emoji Compat, wdth 100.0, wght 400, ital 0.0, bestEffort false} [CONTEXT service_id=132 ]
08-30 10:47:25.091  4720  6443 I FontLog : Fetch {Noto Color Emoji Compat, wdth 100.0, wght 400, ital 0.0, bestEffort false} end status Status{statusCode=SUCCESS, resolution=null} [CONTEXT service_id=132 ]
08-30 10:47:25.110  4720  6443 I FontLog : Pulling font file for id = 32, cache size = 5 [CONTEXT service_id=132 ]
08-30 10:47:25.130  4720  6443 I FontLog : Pulling font file for id = 32, cache size = 5 [CONTEXT service_id=132 ]
08-30 10:47:25.140  1309  1309 I GoogleInputMethodService: GoogleInputMethodService.onFinishInput():3269
08-30 10:47:25.140  1309  1309 I GoogleInputMethodService: GoogleInputMethodService.onStartInput():1947
08-30 10:47:25.147  1309  1309 I DeviceUnlockedTag: DeviceUnlockedTag.notifyDeviceLockStatusChanged():79 Notify device unlocked.
08-30 10:47:25.153  1402 18481 I MediaProvider: Deleted 0 0 0 0 0 0 1 items on external_primary due to com.nativo.benchmark
08-30 10:47:25.179 19035 19051 D Benchmark: Result: Starting: Intent { act=android.intent.action.MAIN cat=[android.intent.category.LAUNCHER] flg=0x10008000 pkg=com.nativo.sampleapp cmp=com.nativo.sampleapp/.activities.MainActivity }
08-30 10:47:25.179 19035 19051 D Benchmark: Status: ok
08-30 10:47:25.179 19035 19051 D Benchmark: LaunchState: COLD
08-30 10:47:25.179 19035 19051 D Benchmark: Activity: com.nativo.sampleapp/.activities.MainActivity
08-30 10:47:25.179 19035 19051 D Benchmark: TotalTime: 2545
08-30 10:47:25.179 19035 19051 D Benchmark: WaitTime: 2549
08-30 10:47:25.179 19035 19051 D Benchmark: Complete
08-30 10:47:25.184 19610 19625 I OpenGLRenderer: Davey! duration=1601ms; Flags=0, FrameTimelineVsyncId=61640, IntendedVsync=3905993589221, Vsync=3907510255827, InputEventId=0, HandleInputStart=3907519089841, AnimationStart=3907519673841, PerformTraversalsStart=3907520949841, DrawStart=3907521396841, FrameDeadline=3906026922553, FrameInterval=3907518681841, FrameStartTime=16666666, SyncQueued=3907521923841, SyncStart=3907522244841, IssueDrawCommandsStart=3907522782841, SwapBuffers=3907571697841, FrameCompleted=3907595703841, DequeueBufferDuration=59000, QueueBufferDuration=1521000, GpuCompleted=3907595490841, SwapBuffersCompleted=3907595703841, DisplayPresentTime=0,
08-30 10:47:25.310  4720 18964 I NetworkScheduler.Stats: Task com.google.android.gms/com.google.android.gms.ipa.base.IpaGcmTaskService started execution. cause:9 exec_start_elapsed_seconds: 3907 [CONTEXT service_id=218 ]
08-30 10:47:25.343 19035 19051 I System.out: 0 Flags,FrameTimelineVsyncId,IntendedVsync,Vsync,InputEventId,HandleInputStart,AnimationStart,PerformTraversalsStart,DrawStart,FrameDeadline,FrameInterval,FrameStartTime,SyncQueued,SyncStart,IssueDrawCommandsStart,SwapBuffers,FrameCompleted,DequeueBufferDuration,QueueBufferDuration,GpuCompleted,SwapBuffersCompleted,DisplayPresentTime,
08-30 10:47:25.344 19035 19051 I System.out: 1 1,61637,3905976922555,3905976922555,0,3905983679841,3905983709841,3905983754841,3907392784841,3905993589221,3905983660841,16666666,3907399159841,3907399691841,3907401325841,3907458713841,3907469055841,37000,1881000,3907468748841,3907469055841,0,
08-30 10:47:25.344 19035 19051 I System.out: 2 0,61640,3905993589221,3907510255827,0,3907519089841,3907519673841,3907520949841,3907521396841,3906026922553,3907518681841,16666666,3907521923841,3907522244841,3907522782841,3907571697841,3907595703841,59000,1521000,3907595490841,3907595703841,0,
08-30 10:47:25.344 19035 19051 I System.out: 3 0,61794,3907526922493,3907576922491,0,3907577690841,3907577752841,3907578094841,3907578211841,3907560255825,3907577649841,16666666,3907579067841,3907595827841,3907598631841,3907601778841,3907639315841,33376000,2794000,3907605714841,3907639315841,0,
08-30 10:47:25.344 19035 19051 I System.out: 4 0,61803,3907593589157,3907593589157,0,3907599613841,3907599715841,3907599950841,3907600000841,3907626922489,3907599594841,16666666,3907600321841,3907639437841,3907639689841,3907642912841,3907650301841,38000,1040000,3907650101841,3907650301841,0,
08-30 10:47:25.344 19035 19051 I System.out: 5 0,61805,3907610255823,3907626922489,0,3907641880841,3907642155841,3907642347841,3907642472841,3907643589155,3907641840841,16666666,3907642735841,3907650421841,3907650492841,3907651626841,3907667626841,13869000,1473000,3907653621841,3907667626841,0,
08-30 10:47:25.347 19035 19051 I System.out: 6 0,61811,3907643589155,3907643589155,0,3907651721841,3907651782841,3907651979841,3907652061841,3907676922487,3907651700841,16666666,3907652462841,3907667702841,3907667773841,3907680288841,3907702634841,12971000,3374000,3907689430841,3907702634841,0,
08-30 10:47:25.348 19035 19051 I System.out: 7 0,61813,3907660255821,3907676922487,0,3907679503841,3907679564841,3907680011841,3907683455841,3907693589153,3907679482841,16666666,3907684729841,3907702764841,3907702952841,3907705837841,3907735053841,17516000,1001000,3907717258841,3907735053841,0,
08-30 10:47:25.348 19035 19051 I System.out: 8 0,61819,3907693589153,3907710255819,0,3907713950841,3907714023841,3907714187841,3907714509841,3907710255819,3907713924841,16666666,3907714731841,3907735342841,3907742168841,3907746928841,0,17369000,1787000,0,3907769052841,0,
08-30 10:47:25.353 19035 19051 I System.out: 0 Flags,FrameTimelineVsyncId,IntendedVsync,Vsync,InputEventId,HandleInputStart,AnimationStart,PerformTraversalsStart,DrawStart,FrameDeadline,FrameInterval,FrameStartTime,SyncQueued,SyncStart,IssueDrawCommandsStart,SwapBuffers,FrameCompleted,DequeueBufferDuration,QueueBufferDuration,GpuCompleted,SwapBuffersCompleted,DisplayPresentTime,
08-30 10:47:25.353 19035 19051 I System.out: 1 1,61637,3905976922555,3905976922555,0,3905983679841,3905983709841,3905983754841,3907392784841,3905993589221,3905983660841,16666666,3907399159841,3907399691841,3907401325841,3907458713841,3907469055841,37000,1881000,3907468748841,3907469055841,0,
08-30 10:47:25.354 19035 19051 I System.out: 2 0,61640,3905993589221,3907510255827,0,3907519089841,3907519673841,3907520949841,3907521396841,3906026922553,3907518681841,16666666,3907521923841,3907522244841,3907522782841,3907571697841,3907595703841,59000,1521000,3907595490841,3907595703841,0,
08-30 10:47:25.354 19035 19051 I System.out: 3 0,61794,3907526922493,3907576922491,0,3907577690841,3907577752841,3907578094841,3907578211841,3907560255825,3907577649841,16666666,3907579067841,3907595827841,3907598631841,3907601778841,3907639315841,33376000,2794000,3907605714841,3907639315841,0,
08-30 10:47:25.354 19035 19051 I System.out: 4 0,61803,3907593589157,3907593589157,0,3907599613841,3907599715841,3907599950841,3907600000841,3907626922489,3907599594841,16666666,3907600321841,3907639437841,3907639689841,3907642912841,3907650301841,38000,1040000,3907650101841,3907650301841,0,
08-30 10:47:25.354 19035 19051 I System.out: 5 0,61805,3907610255823,3907626922489,0,3907641880841,3907642155841,3907642347841,3907642472841,3907643589155,3907641840841,16666666,3907642735841,3907650421841,3907650492841,3907651626841,3907667626841,13869000,1473000,3907653621841,3907667626841,0,
08-30 10:47:25.354 19035 19051 I System.out: 6 0,61811,3907643589155,3907643589155,0,3907651721841,3907651782841,3907651979841,3907652061841,3907676922487,3907651700841,16666666,3907652462841,3907667702841,3907667773841,3907680288841,3907702634841,12971000,3374000,3907689430841,3907702634841,0,
08-30 10:47:25.354 19035 19051 I System.out: 7 0,61813,3907660255821,3907676922487,0,3907679503841,3907679564841,3907680011841,3907683455841,3907693589153,3907679482841,16666666,3907684729841,3907702764841,3907702952841,3907705837841,3907735053841,17516000,1001000,3907717258841,3907735053841,0,
08-30 10:47:25.354 19035 19051 I System.out: 8 0,61819,3907693589153,3907710255819,0,3907713950841,3907714023841,3907714187841,3907714509841,3907710255819,3907713924841,16666666,3907714731841,3907735342841,3907742168841,3907746928841,0,17369000,1787000,0,3907769052841,0,
08-30 10:47:25.355 19035 19051 D PerfettoCapture: Supported ABIs: x86_64, arm64-v8a
08-30 10:47:25.356 19035 19051 D PerfettoCapture: Recording perfetto trace
08-30 10:47:25.389  1402 18478 W MediaProvider: isAppCloneUserPair for user 0: false
08-30 10:47:25.418 19035 19051 I PerfettoCapture: Cleanup perfetto before starting.
08-30 10:47:25.420   598  2010 W InputManager-JNI: Input channel object 'de04182 Splash Screen com.nativo.sampleapp (client)' was disposed without first being removed with the input manager!
08-30 10:47:25.437   795  1004 D EGL_emulation: app_time_stats: avg=30.21ms min=3.48ms max=710.61ms count=29
08-30 10:47:25.462  4720 19544 I NetworkScheduler.Stats: Task com.google.android.gms/com.google.android.gms.ipa.base.IpaGcmTaskService finished executing. cause:9 result: 1 elapsed_millis: 119 uptime_millis: 119 exec_start_elapsed_seconds: 3907 [CONTEXT service_id=218 ]
08-30 10:47:25.533  4720  4731 I .gms.persisten: Background concurrent copying GC freed 240775(12MB) AllocSpace objects, 0(0B) LOS objects, 49% free, 12MB/24MB, paused 1.348ms,97us total 302.113ms
08-30 10:47:25.568 19035 19051 I PerfettoCapture: Perfetto output file cleanup -
08-30 10:47:25.569 19035 19051 I PerfettoCapture: Starting perfetto tracing with cmd: cat /storage/emulated/0/Android/media/com.nativo.benchmark/trace_config.pb | perfetto --background -c - -o /data/misc/perfetto-traces/trace_output.pb
08-30 10:47:25.577  1402 17683 W MediaProvider: isAppCloneUserPair for user 0: false
08-30 10:47:25.610  4720  4789 I NetworkScheduler: ignoring stale queue check message
08-30 10:47:25.650   795  1004 D EGL_emulation: app_time_stats: avg=328.40ms min=7.50ms max=1837.41ms count=6
08-30 10:47:25.680 19610 19610 I NativoSDK: unblock request queue
08-30 10:47:25.682 19610 19637 D NativoSDK: Requesting ad in section: http://www.nativo.net/test
08-30 10:47:25.744 19610 19680 D NativoSDK: Section(http://www.nativo.net/test) set ad in prefetch queue
08-30 10:47:25.745 19736 19736 I perfetto: perfetto_cmd.cc:794     Connected to the Perfetto traced service, starting tracing
08-30 10:47:25.750 19610 19637 D NativoSDK: Requesting ad in section: http://www.nativo.net/test at 1
08-30 10:47:25.753 19610 19610 D NativoSDK: Test ads enabled.
08-30 10:47:25.753   502   502 I perfetto: ing_service_impl.cc:912 Configured tracing session 19, #sources:4, duration:0 ms, #buffers:2, total buffer size:36864 KB, total sessions:1, uid:2000 session name: ""
08-30 10:47:25.755 19610 19610 D SampleApp: Did receive ad: true
08-30 10:47:25.756   478   478 I perfetto: probes_producer.cc:241  Ftrace setup (target_buf=37)
08-30 10:47:25.792 19610 19680 D NativoSDK: Section(http://www.nativo.net/test) set ad at: 1
08-30 10:47:25.793 19610 19610 D NativoSDK: Test ads enabled.
08-30 10:47:25.794 19610 19610 D SampleApp: Did receive ad: true
08-30 10:47:25.794 19610 19610 D SampleApp: didAssignAdToLocation: 1
08-30 10:47:25.797 19610 19637 D NativoSDK: Requesting ad in section: http://www.nativo.net/test at 3
08-30 10:47:25.815 19610 19610 I NativoSDK: Inflated new view for NativeAd at position 1
