08-30 10:46:43.725 19035 19051 I TestRunner: started: scrollCold(com.nativo.benchmark.ExampleStartupBenchmark)
08-30 10:46:43.798 19035 19051 I GrantPermissionCallable: Permission: android.permission.READ_EXTERNAL_STORAGE is already granted!
08-30 10:46:43.799 19035 19051 I GrantPermissionCallable: Permission: android.permission.WRITE_EXTERNAL_STORAGE is already granted!
08-30 10:46:43.815  1587  1867 I A       : NGA disabled due to not being eligible.
08-30 10:46:43.874 19035 19051 D Benchmark: Usable output directory: /storage/emulated/0/Android/media/com.nativo.benchmark
08-30 10:46:43.874 19035 19051 D Benchmark: Output Directory: /sdcard/Android/media/com.nativo.benchmark/additional_test_output
08-30 10:46:43.892  1402 17051 W MediaProvider: isAppCloneUserPair for user 0: false
08-30 10:46:43.952  1402 17684 I MediaProvider: Deleted 0 0 0 0 0 0 1 items on external_primary due to com.nativo.benchmark
08-30 10:46:43.976  4720 18374 I NetworkScheduler.Stats: Task com.google.android.gms/com.google.android.gms.ipa.base.IpaGcmTaskService started execution. cause:9 exec_start_elapsed_seconds: 3866 [CONTEXT service_id=218 ]
08-30 10:46:44.002 19035 19051 D Benchmark: Killing process com.nativo.sampleapp
08-30 10:46:44.003  4720 18480 I NetworkScheduler.Stats: Task com.google.android.gms/com.google.android.gms.ipa.base.IpaGcmTaskService finished executing. cause:9 result: 1 elapsed_millis: 52 uptime_millis: 52 exec_start_elapsed_seconds: 3866 [CONTEXT service_id=218 ]
08-30 10:46:44.042   941   941 D CarrierSvcBindHelper: No carrier app for: 0
08-30 10:46:44.048 19035 19051 D Benchmark: Resetting com.nativo.sampleapp
08-30 10:46:44.061  1402 18472 W MediaProvider: isAppCloneUserPair for user 0: false
08-30 10:46:44.149  4720 18480 I NetworkScheduler.Stats: Task com.google.android.gms/com.google.android.gms.ipa.base.IpaGcmTaskService started execution. cause:5 exec_start_elapsed_seconds: 3866 [CONTEXT service_id=218 ]
08-30 10:46:44.154  1402 17682 I MediaProvider: Deleted 0 0 0 0 0 0 1 items on external_primary due to com.nativo.benchmark
08-30 10:46:44.168 19035 19051 D Benchmark: Copying APK to /data/local/tmp/com.nativo.sampleapp-1661881604168.apk
08-30 10:46:44.175  4720 18374 I NetworkScheduler.Stats: Task com.google.android.gms/com.google.android.gms.ipa.base.IpaGcmTaskService finished executing. cause:5 result: 1 elapsed_millis: 51 uptime_millis: 51 exec_start_elapsed_seconds: 3866 [CONTEXT service_id=218 ]
08-30 10:46:44.179  1402 15043 W MediaProvider: isAppCloneUserPair for user 0: false
08-30 10:46:44.363  1402 18472 I MediaProvider: Deleted 0 0 0 0 0 0 1 items on external_primary due to com.nativo.benchmark
08-30 10:46:44.377 19035 19051 D Benchmark: Uninstalling com.nativo.sampleapp
08-30 10:46:44.386  1402 17343 W MediaProvider: isAppCloneUserPair for user 0: false
08-30 10:46:44.430  4720 18480 I NetworkScheduler.Stats: Task com.google.android.gms/com.google.android.gms.ipa.base.IpaGcmTaskService started execution. cause:9 exec_start_elapsed_seconds: 3866 [CONTEXT service_id=218 ]
08-30 10:46:44.446  4720 19019 I NetworkScheduler.Stats: Task com.google.android.gms/com.google.android.gms.ipa.base.IpaGcmTaskService finished executing. cause:9 result: 1 elapsed_millis: 32 uptime_millis: 32 exec_start_elapsed_seconds: 3866 [CONTEXT service_id=218 ]
08-30 10:46:44.700   598   656 I system_server: Explicit concurrent copying GC freed 242627(13MB) AllocSpace objects, 29(3032KB) LOS objects, 49% free, 20MB/41MB, paused 1.289ms,168us total 144.861ms
08-30 10:46:44.736  1402 15043 I MediaProvider: Deleted 0 0 0 0 0 0 1 items on external_primary due to com.nativo.benchmark
08-30 10:46:44.753 19035 19051 D Benchmark: Installing com.nativo.sampleapp
08-30 10:46:44.767  1402 18481 W MediaProvider: isAppCloneUserPair for user 0: false
08-30 10:46:44.805  1402  1402 I MediaProvider: Invalidating LocalCallingIdentity cache for package com.nativo.sampleapp. Reason: package android.intent.action.PACKAGE_REMOVED
08-30 10:46:44.811   598   692 I RoleService: Granting default roles...
08-30 10:46:44.824   778   778 V MediaPlayerList: mPackageChangedBroadcastReceiver: action: android.intent.action.PACKAGE_REMOVED
08-30 10:46:44.825   598   700 I InputReader: Reconfiguring input devices, changes=KEYBOARD_LAYOUTS |
08-30 10:46:44.826  1420  1420 I GsaVoiceInteractionSrv: O received Intent { act=android.intent.action.PACKAGE_REMOVED dat=package:com.nativo.sampleapp flg=0x4000010 (has extras) }
08-30 10:46:44.831  7503  7503 I Finsky  : [2] pva.i(0): PackageMonitorReceiverImpl - Received: android.intent.action.PACKAGE_REMOVED, [MKAGdxF6EUSa65sKywuwKgRpHRGwrjF3fkcnuf_3dVQ]
08-30 10:46:44.831  7503  7503 I Finsky  : [2] pvp.n(8): Invalidating cached PackageState for com.nativo.sampleapp
08-30 10:46:44.832  7503  7503 I Finsky  : [2] pvp.s(3): Package no longer installed: com.nativo.sampleapp
08-30 10:46:44.835  7503  7503 I Finsky  : [2] tmx.a(8): Clearing split related stale data.
08-30 10:46:44.845  7503  7503 I Finsky  : [2] zvw.c(3): Do not start WearSupportService due to Wear service optimization
08-30 10:46:44.856  7503  7569 I Finsky  : [53] foe.a(5): AIM: AppInfoManager-Perf > OnDeviceAppInfo > cacheHitCount=0, cacheMissCount=1. Missed  in cache (limit 10) : [com.nativo.sampleapp]
08-30 10:46:44.856  7503  7569 I Finsky  : [53] flw.apply(82): AIM: Got app ownership map. App counts: . Unique apps: 0
08-30 10:46:44.864  7503 18928 I Finsky  : [388] ktn.accept(40): IQ: handled package removed
08-30 10:46:44.869  7503  7567 I Finsky  : [52] lhd.f(1): Installer: package com.nativo.sampleapp was removed. replacing: false
08-30 10:46:44.879  7503  7567 I Finsky  : [52] lhd.T(18): Installer: Notifying status update. package=com.nativo.sampleapp, status=UNINSTALLED, isid=NA
08-30 10:46:44.896  7503  7503 I Finsky  : [2] pvp.s(3): Package no longer installed: com.nativo.sampleapp
08-30 10:46:44.910  7503 18919 I Finsky  : [386] jub.run(31): Frosting DB delete succeeded: true
08-30 10:46:44.911  7503 18919 I Finsky  : [386] jub.run(31): Frosting DB delete succeeded: false
08-30 10:46:44.948   941   941 D CarrierSvcBindHelper: No carrier app for: 0
08-30 10:46:44.952  7503 18930 I Finsky  : [389] feh.a(17): Asset module storage cleared for package com.nativo.sampleapp.
08-30 10:46:44.953  7503  7503 I Finsky  : [2] lhd.S(7): Installer: found apps to install. isMultiUserMode=false, apps=[]
08-30 10:46:44.953  7503 18931 I Finsky  : [390] aec.WR(28): [ContentSync] finished, scheduled=false
08-30 10:46:44.970  7503 18928 I Finsky  : [388] lqj.M(2): IQ: Notifying installation update. [Package:com.nativo.sampleapp, isid:RmgCHDCGReaf1pCmWTV85g], status=UNINSTALLED
08-30 10:46:45.012  7503  7567 I Finsky  : [52] fnz.a(11): AIM: AppInfoManager-Perf > ItemModel > CacheSize=0, cacheHitCount=0, cacheMissCount=1, total appsWithNoServerDataCount=0. Missed  in cache (limit 10) : [com.nativo.sampleapp]
08-30 10:46:45.012  7503  7567 I Finsky  : [52] foc.p(3): AIM: AppInfoManager-Perf > ItemModel > ItemStore Called 1 apps cacheOptions = USE_CACHE
08-30 10:46:45.013  7503  7567 I Finsky  : [52] fnz.a(80): AIM: ItemModel fetch - unauth(1), auth()
08-30 10:46:45.013  7503  7567 I Finsky  : [52] mos.apply(5): ItemStore: Not cached: com.nativo.sampleapp
08-30 10:46:45.032  7503  7503 I Finsky  : [2] rki.ZN(6): PIM: Handling install package event for: com.nativo.sampleapp status:  UNINSTALLED, isid: RmgCHDCGReaf1pCmWTV85g
08-30 10:46:45.040   598   598 W WifiService: Couldn't get PackageInfo for package:com.nativo.sampleapp
08-30 10:46:45.040   598   598 D WifiService: Remove settings for package:com.nativo.sampleapp
08-30 10:46:45.042   598   720 D WifiConfigManager: Remove all networks for app ApplicationInfo{577fc73 com.nativo.sampleapp}
08-30 10:46:45.045  7503  7571 I Finsky  : [55] lqj.t(11): IQ: No matching installs to run for jobs: []
08-30 10:46:45.063  7503  7503 I Finsky  : [2] lpc.apply(19): IQ::HLD: Ongoing hold off applicable installs: []
08-30 10:46:45.072  1110  1110 D Launcher.Model: package removed received com.nativo.sampleapp
08-30 10:46:45.095   598   598 W WifiService: Couldn't get PackageInfo for package:com.nativo.sampleapp
08-30 10:46:45.095   598   598 D WifiService: Remove settings for package:com.nativo.sampleapp
08-30 10:46:45.120 12003 19153 I ProvidersCache: Provider returned no roots. Possibly naughty: com.google.android.apps.docs.storage
08-30 10:46:45.151  4720 18374 I NetworkScheduler.Stats: Task com.google.android.gms/com.google.android.gms.ipa.base.IpaGcmTaskService started execution. cause:9 exec_start_elapsed_seconds: 3867 [CONTEXT service_id=218 ]
08-30 10:46:45.188  1110  1171 D PackageUpdatedTask: Removing app iconcom.nativo.sampleapp
08-30 10:46:45.205  7503  7569 E Finsky  : [53] mpa.a(16): ItemStore: getItems RPC failed.
08-30 10:46:45.234   598   720 D WifiConfigStore: Writing to stores completed in 172 ms.
08-30 10:46:45.234   598   720 I PasspointManager: No app ops listener found for com.nativo.sampleapp
08-30 10:46:45.235   598   720 D WifiConfigManager: Remove all networks for app ApplicationInfo{c92f2bc com.nativo.sampleapp}
08-30 10:46:45.240   218   218 I servicemanager: Notifying apexservice they have clients: 0
08-30 10:46:45.256   218   218 I BpBinder: onLastStrongRef automatically unlinking death recipients: <uncached descriptor>
08-30 10:46:45.272   598   720 D WifiConfigStore: Writing to stores completed in 33 ms.
08-30 10:46:45.272   598   720 I PasspointManager: No app ops listener found for com.nativo.sampleapp
08-30 10:46:45.291  1110  1171 D ModelWriter: removing items from db
08-30 10:46:45.304  4720 18374 I NetworkScheduler.Stats: Task com.google.android.gms/com.google.android.gms.ipa.base.IpaGcmTaskService finished executing. cause:9 result: 1 elapsed_millis: 309 uptime_millis: 309 exec_start_elapsed_seconds: 3867 [CONTEXT service_id=218 ]
08-30 10:46:45.306  4676 18957 I PackageIntentOperation: Feature flags not enabled, skipping. [CONTEXT service_id=258 ]
08-30 10:46:45.310   598   656 I PackageDexOptimizer: Running dexopt (dexoptNeeded=1) on: /data/app/~~wgniHHocjDnaHJL4VSyDVA==/com.nativo.sampleapp-ygPXUGCWKN932pDs8nwTDg==/base.apk pkg=com.nativo.sampleapp isa=x86_64 dexoptFlags=boot_complete,profile_guided,public,enable_hidden_api_checks targetFilter=speed-profile oatDir=/data/app/~~wgniHHocjDnaHJL4VSyDVA==/com.nativo.sampleapp-ygPXUGCWKN932pDs8nwTDg==/oat classLoaderContext=PCL[]{}
08-30 10:46:45.315   511   531 V installd: DexInv: --- BEGIN '/data/app/~~wgniHHocjDnaHJL4VSyDVA==/com.nativo.sampleapp-ygPXUGCWKN932pDs8nwTDg==/base.apk' ---
08-30 10:46:45.316   511   531 V installd: Running /apex/com.android.art/bin/dex2oat64 in=base.apk out=/data/app/~~wgniHHocjDnaHJL4VSyDVA==/com.nativo.sampleapp-ygPXUGCWKN932pDs8nwTDg==/oat/x86_64/base.odex
08-30 10:46:45.320  7503  7503 I Finsky  : [2] pva.i(0): PackageMonitorReceiverImpl - Received: android.intent.action.PACKAGE_FULLY_REMOVED, [MKAGdxF6EUSa65sKywuwKgRpHRGwrjF3fkcnuf_3dVQ]
08-30 10:46:45.320  7503  7503 I Finsky  : [2] pvp.n(8): Invalidating cached PackageState for com.nativo.sampleapp
08-30 10:46:45.331  4676 18963 E UninstallPackageIntentO: Package still installed com.nativo.sampleapp
08-30 10:46:45.345  1110  1562 D EGL_emulation: app_time_stats: avg=2295.20ms min=2295.20ms max=2295.20ms count=1
08-30 10:46:45.347   414 17713 D AF::TrackHandle: OpPlayAudio: track:60 usage:13 not muted
08-30 10:46:45.347   414 17713 D AF::TrackHandle: OpPlayAudio: track:60 usage:13 not muted
08-30 10:46:45.349   414 17713 D AF::TrackHandle: OpPlayAudio: track:60 usage:13 not muted
08-30 10:46:45.349   414 17713 D AF::TrackHandle: OpPlayAudio: track:60 usage:13 not muted
08-30 10:46:45.351   414 17713 D AF::TrackHandle: OpPlayAudio: track:60 usage:13 not muted
08-30 10:46:45.358  2406 19159 W Role    : Cannot get ApplicationInfo for default holder: com.google.android.contacts
08-30 10:46:45.366   414   669 D AF::TrackHandle: OpPlayAudio: track:60 usage:13 not muted
08-30 10:46:45.368   414   669 D AF::TrackHandle: OpPlayAudio: track:60 usage:13 not muted
08-30 10:46:45.380  7503  7503 I Finsky  : [2] pva.i(0): PackageMonitorReceiverImpl - Deduping intent android.intent.action.PACKAGE_FULLY_REMOVED
08-30 10:46:45.381  7503 18919 I Finsky  : [386] jub.run(32): Wrote row to frosting DB: 816
08-30 10:46:45.387   414   669 D AF::TrackHandle: OpPlayAudio: track:60 usage:13 not muted
08-30 10:46:45.397   414   669 D AF::TrackHandle: OpPlayAudio: track:60 usage:13 not muted
08-30 10:46:45.400   414   669 D AF::TrackHandle: OpPlayAudio: track:60 usage:13 not muted
08-30 10:46:45.406   414 15075 D AF::TrackHandle: OpPlayAudio: track:60 usage:13 not muted
08-30 10:46:45.408 19161 19161 W dex2oat64: Unexpected CPU variant for X86 using defaults: x86_64
08-30 10:46:45.408 19161 19161 W dex2oat64: Mismatch between dex2oat instruction set features to use (ISA: X86_64 Feature string: -ssse3,-sse4.1,-sse4.2,-avx,-avx2,-popcnt) and those from CPP defines (ISA: X86_64 Feature string: ssse3,sse4.1,sse4.2,-avx,-avx2,popcnt) for the command line:
08-30 10:46:45.408 19161 19161 W dex2oat64: /apex/com.android.art/bin/dex2oat64 --zip-fd=7 --zip-location=base.apk --oat-fd=8 --oat-location=/data/app/~~wgniHHocjDnaHJL4VSyDVA==/com.nativo.sampleapp-ygPXUGCWKN932pDs8nwTDg==/oat/x86_64/base.odex --input-vdex-fd=-1 --output-vdex-fd=9 --swap-fd=10 --classpath-dir=/data/app/~~wgniHHocjDnaHJL4VSyDVA==/com.nativo.sampleapp-ygPXUGCWKN932pDs8nwTDg== --class-loader-context=PCL[]{} --compact-dex-level=none --instruction-set=x86_64 --instruction-set-features=default --instruction-set-variant=x86_64 --compiler-filter=speed-profile --compilation-reason=install --max-image-block-size=524288 --resolve-startup-const-strings=true --generate-mini-debug-info --runtime-arg -Xtarget-sdk-version:32 --runtime-arg -Xhidden-api-policy:enabled --runtime-arg -Xms64m --runtime-arg -Xmx512m
08-30 10:46:45.410   414 15075 D AF::TrackHandle: OpPlayAudio: track:60 usage:13 not muted
08-30 10:46:45.410 19161 19161 I dex2oat64: /apex/com.android.art/bin/dex2oat64 --input-vdex-fd=-1 --output-vdex-fd=9 --classpath-dir=/data/app/~~wgniHHocjDnaHJL4VSyDVA==/com.nativo.sampleapp-ygPXUGCWKN932pDs8nwTDg== --class-loader-context=PCL[]{} --compact-dex-level=none --compiler-filter=speed-profile --compilation-reason=install --max-image-block-size=524288 --resolve-startup-const-strings=true --generate-mini-debug-info
08-30 10:46:45.413   414 15075 D AF::TrackHandle: OpPlayAudio: track:60 usage:13 not muted
08-30 10:46:45.415   414 15075 D AF::TrackHandle: OpPlayAudio: track:60 usage:13 not muted
08-30 10:46:45.415   414 15075 D AF::TrackHandle: OpPlayAudio: track:60 usage:13 not muted
08-30 10:46:45.416   414 15075 D AF::TrackHandle: OpPlayAudio: track:60 usage:13 not muted
08-30 10:46:45.488   598   609 I system_server: JIT allocated 97KB for compiled code of boolean android.app.admin.IDevicePolicyManager$Stub.onTransact(int, android.os.Parcel, android.os.Parcel, int)
08-30 10:46:45.492   598   609 I system_server: Compiler allocated 5110KB to compile boolean android.app.admin.IDevicePolicyManager$Stub.onTransact(int, android.os.Parcel, android.os.Parcel, int)
08-30 10:46:45.503  2406 19159 W Role    : Cannot get ApplicationInfo for default holder: com.google.android.as
08-30 10:46:45.542  4676 13411 I Icing   : doRemovePackageData com.nativo.sampleapp
08-30 10:46:45.548  4676 13411 I Icing   : Indexing com.google.android.gms-apps from com.google.android.gms
08-30 10:46:45.557  4676 13411 I Icing   : Indexing done com.google.android.gms-apps
08-30 10:46:45.614  2406 19159 W Role    : Cannot get ApplicationInfo for default holder: com.google.android.apps.wellbeing
08-30 10:46:45.619  2406 19159 W Role    : Cannot get ApplicationInfo for default holder: com.google.android.as
08-30 10:46:45.623  2406 19159 W Role    : Cannot get ApplicationInfo for default holder: com.google.android.as
08-30 10:46:45.627  4676 18956 W SQLiteLog: (28) double-quoted string literal: "com.nativo.sampleapp"
08-30 10:46:45.635  4720 18954 I Fitness : FitCleanupIntentOperation received Intent android.intent.action.PACKAGE_REMOVED [CONTEXT service_id=17 ]
08-30 10:46:45.657  4676  4676 D BoundBrokerSvc: onBind: Intent { act=com.google.android.gms.common.BIND_SHARED_PREFS pkg=com.google.android.gms }
08-30 10:46:45.658  4676  4676 D BoundBrokerSvc: Loading bound service for intent: Intent { act=com.google.android.gms.common.BIND_SHARED_PREFS pkg=com.google.android.gms }
08-30 10:46:45.733  4676  4676 D BoundBrokerSvc: onUnbind: Intent { act=com.google.android.gms.common.BIND_SHARED_PREFS pkg=com.google.android.gms }
08-30 10:46:45.738  1402  2001 I MediaProvider: Begin Intent { act=android.intent.action.PACKAGE_FULLY_REMOVED dat=package:com.nativo.sampleapp flg=0x5000010 cmp=com.google.android.providers.media.module/com.android.providers.media.MediaService (has extras) }
08-30 10:46:45.739  1402  2001 D MediaProvider: Deleted 0 Android/media items belonging to com.nativo.sampleapp on /data/user/0/com.google.android.providers.media.module/databases/external.db
08-30 10:46:45.740  1402  2001 I MediaProvider: End Intent { act=android.intent.action.PACKAGE_FULLY_REMOVED dat=package:com.nativo.sampleapp flg=0x5000010 cmp=com.google.android.providers.media.module/com.android.providers.media.MediaService (has extras) }
08-30 10:46:45.805  2406 19159 W Role    : Cannot get ApplicationInfo for default holder: com.google.android.as
08-30 10:46:45.914  2406 19159 W Role    : Cannot get ApplicationInfo for default holder: com.google.android.as
08-30 10:46:45.919  2406 19159 W Role    : Cannot get ApplicationInfo for default holder: com.google.android.as
08-30 10:46:47.863 19161 19161 I dex2oat64: dex2oat took 2.456s (7.859s cpu) (threads: 4) arena alloc=0B (0B) java alloc=16MB (17166432B) native alloc=3196KB (3273664B) free=1155KB (1182928B)
08-30 10:46:47.876   511   531 V installd: DexInv: --- END '/data/app/~~wgniHHocjDnaHJL4VSyDVA==/com.nativo.sampleapp-ygPXUGCWKN932pDs8nwTDg==/base.apk' (success) ---
08-30 10:46:47.895   511   531 E installd: Couldn't opendir /data/app/vmdl1510752770.tmp: No such file or directory
08-30 10:46:47.895   511   531 E installd: Failed to delete /data/app/vmdl1510752770.tmp: No such file or directory
08-30 10:46:47.923  1402  1402 I MediaProvider: Invalidating LocalCallingIdentity cache for package com.nativo.sampleapp. Reason: package android.intent.action.PACKAGE_ADDED
08-30 10:46:47.934   598   692 I RoleService: Granting default roles...
08-30 10:46:47.956   778   778 V MediaPlayerList: mPackageChangedBroadcastReceiver: action: android.intent.action.PACKAGE_ADDED
08-30 10:46:47.957   778   778 D MediaPlayerList: Name of package changed: com.nativo.sampleapp
08-30 10:46:47.959   598   700 I InputReader: Reconfiguring input devices, changes=KEYBOARD_LAYOUTS |
08-30 10:46:47.987  1420  1420 I GsaVoiceInteractionSrv: O received Intent { act=android.intent.action.PACKAGE_ADDED dat=package:com.nativo.sampleapp flg=0x4000010 (has extras) }
08-30 10:46:47.991  7503  7503 I Finsky  : [2] pva.i(0): PackageMonitorReceiverImpl - Received: android.intent.action.PACKAGE_ADDED, [MKAGdxF6EUSa65sKywuwKgRpHRGwrjF3fkcnuf_3dVQ]
08-30 10:46:47.992  7503  7503 I Finsky  : [2] pvp.n(8): Invalidating cached PackageState for com.nativo.sampleapp
08-30 10:46:48.016  1402 17343 I MediaProvider: Deleted 0 0 0 0 0 0 1 items on external_primary due to com.nativo.benchmark
08-30 10:46:48.018  7503 18919 I Finsky  : [386] jub.run(32): Wrote row to frosting DB: 817
08-30 10:46:48.026  7503  7503 I Finsky  : [2] tmx.a(8): Clearing split related stale data.
08-30 10:46:48.045 19035 19051 D Benchmark: Deleting /data/local/tmp/com.nativo.sampleapp-1661881604168.apk
08-30 10:46:48.061  2406  2445 I PermissionControllerServiceImpl: Updating user sensitive for uid 10194
08-30 10:46:48.061  7503  7503 I Finsky  : [2] zvw.c(3): Do not start WearSupportService due to Wear service optimization
08-30 10:46:48.068   941   941 D CarrierSvcBindHelper: No carrier app for: 0
08-30 10:46:48.071  7503  7567 I Finsky  : [52] foe.a(5): AIM: AppInfoManager-Perf > OnDeviceAppInfo > cacheHitCount=0, cacheMissCount=1. Missed  in cache (limit 10) : [com.nativo.sampleapp]
08-30 10:46:48.072  7503  7567 I Finsky  : [52] flw.apply(82): AIM: Got app ownership map. App counts: . Unique apps: 0
08-30 10:46:48.074  2406 19159 W Role    : Cannot get ApplicationInfo for default holder: com.google.android.contacts
08-30 10:46:48.079 19035 19051 D Benchmark: Profile Installation Skip File Operation: WRITE_SKIP_FILE
08-30 10:46:48.085  2406 19159 W Role    : Cannot get ApplicationInfo for default holder: com.google.android.as
08-30 10:46:48.092   941   941 D ImsResolver: maybeAddedImsService, packageName: com.nativo.sampleapp
08-30 10:46:48.095   941   941 D CarrierConfigLoader: mHandler: EVENT_PACKAGE_CHANGED phoneId: 0
08-30 10:46:48.120  7503  7571 I Finsky  : [55] fnz.a(11): AIM: AppInfoManager-Perf > ItemModel > CacheSize=0, cacheHitCount=0, cacheMissCount=1, total appsWithNoServerDataCount=0. Missed  in cache (limit 10) : [com.nativo.sampleapp]
08-30 10:46:48.120  7503 18919 I Finsky  : [386] jub.run(32): Wrote row to frosting DB: 818
08-30 10:46:48.120  7503  7571 I Finsky  : [55] foc.p(3): AIM: AppInfoManager-Perf > ItemModel > ItemStore Called 1 apps cacheOptions = USE_CACHE
08-30 10:46:48.120  7503  7571 I Finsky  : [55] fnz.a(80): AIM: ItemModel fetch - unauth(1), auth()
08-30 10:46:48.121  7503  7571 I Finsky  : [55] mos.apply(5): ItemStore: Not cached: com.nativo.sampleapp
08-30 10:46:48.138 12003 19177 I ProvidersCache: Provider returned no roots. Possibly naughty: com.google.android.apps.docs.storage
08-30 10:46:48.162  7503 18930 I Finsky  : [389] feh.a(17): Asset module storage cleared for package com.nativo.sampleapp.
08-30 10:46:48.163 19035 19051 W Benchmark: com.nativo.sampleapp should use the latest version of `androidx.profileinstaller`
08-30 10:46:48.163 19035 19051 W Benchmark: for stable benchmarks. (The baseline profile skip file broadcast was not received. This most likely means that the `androidx.profileinstaller` library used by the target apk is old. Please use `1.2.0-alpha03` or newer. For more information refer to the release notes at https://developer.android.com/jetpack/androidx/releases/profileinstaller.)"
08-30 10:46:48.163 19035 19051 D Benchmark: Killing process com.nativo.sampleapp
08-30 10:46:48.164  7503 18931 I Finsky  : [390] aec.WR(28): [ContentSync] finished, scheduled=false
08-30 10:46:48.212   598   610 I system_server: Background concurrent copying GC freed 150028(8137KB) AllocSpace objects, 69(4000KB) LOS objects, 49% free, 21MB/42MB, paused 4.921ms,163us total 317.921ms
08-30 10:46:48.227  1110  1562 D EGL_emulation: app_time_stats: avg=1441.05ms min=52.70ms max=2829.41ms count=2
08-30 10:46:48.231   598   612 W System  : A resource failed to call close.
08-30 10:46:48.268  4676 18945 I Auth    : [SupervisedAccountIntentOperation] onHandleIntent(): android.intent.action.PACKAGE_ADDED
08-30 10:46:48.273   941   941 D CarrierSvcBindHelper: No carrier app for: 0
08-30 10:46:48.275  4676 18963 I PackageIntentOperation: Feature flags not enabled, skipping. [CONTEXT service_id=258 ]
08-30 10:46:48.282  4676 18959 I Dck     : doesDeviceHaveSupportedWirelessCapabilities: wccSysProp:0, wccMendel:1, deviceWccOverride:false [CONTEXT service_id=289 ]
08-30 10:46:48.282  4676 18959 I Dck     : isDckModuleEligible: isAtLeastR:true, hasWccSupport:false, downloadAllowed:false [CONTEXT service_id=289 ]
08-30 10:46:48.282  4676 18959 W Dck     : Dck module not eligible for asynchronous downloading [CONTEXT service_id=289 ]
08-30 10:46:48.289  4720 18954 W GCM     : Unexpected forwarded intent: Intent { act=android.intent.action.PACKAGE_ADDED dat=package:com.nativo.sampleapp flg=0x4000010 pkg=com.google.android.gms cmp=com.google.android.gms/.chimera.PersistentIntentOperationService (has extras) }
08-30 10:46:48.293   598   854 I PackageDexOptimizer: Running dexopt (dexoptNeeded=-3) on: /data/app/~~wgniHHocjDnaHJL4VSyDVA==/com.nativo.sampleapp-ygPXUGCWKN932pDs8nwTDg==/base.apk pkg=com.nativo.sampleapp isa=x86_64 dexoptFlags=boot_complete,public,force,enable_hidden_api_checks targetFilter=speed oatDir=/data/app/~~wgniHHocjDnaHJL4VSyDVA==/com.nativo.sampleapp-ygPXUGCWKN932pDs8nwTDg==/oat classLoaderContext=PCL[]{}
08-30 10:46:48.295   511   531 V installd: DexInv: --- BEGIN '/data/app/~~wgniHHocjDnaHJL4VSyDVA==/com.nativo.sampleapp-ygPXUGCWKN932pDs8nwTDg==/base.apk' ---
08-30 10:46:48.295   511   531 V installd: Running /apex/com.android.art/bin/dex2oat64 in=base.apk out=/data/app/~~wgniHHocjDnaHJL4VSyDVA==/com.nativo.sampleapp-ygPXUGCWKN932pDs8nwTDg==/oat/x86_64/base.odex
08-30 10:46:48.309  4720 18954 W GCM     : Unexpected forwarded intent: Intent { act=android.intent.action.PACKAGE_ADDED dat=package:com.nativo.sampleapp flg=0x4000010 pkg=com.google.android.gms cmp=com.google.android.gms/.chimera.PersistentIntentOperationService (has extras) }
08-30 10:46:48.315  2406 19159 W Role    : Cannot get ApplicationInfo for default holder: com.google.android.apps.wellbeing
08-30 10:46:48.317  2406 19159 W Role    : Cannot get ApplicationInfo for default holder: com.google.android.as
08-30 10:46:48.318  7503  7570 E Finsky  : [54] mpa.a(16): ItemStore: getItems RPC failed.
08-30 10:46:48.325   598   700 I InputReader: Reconfiguring input devices, changes=KEYBOARD_LAYOUTS |
08-30 10:46:48.335   778   778 V MediaPlayerList: mPackageChangedBroadcastReceiver: action: android.intent.action.PACKAGE_CHANGED
08-30 10:46:48.335   778   778 D MediaPlayerList: Name of package changed: com.nativo.sampleapp
08-30 10:46:48.344 19205 19205 W dex2oat64: Unexpected CPU variant for X86 using defaults: x86_64
08-30 10:46:48.345 19205 19205 W dex2oat64: Mismatch between dex2oat instruction set features to use (ISA: X86_64 Feature string: -ssse3,-sse4.1,-sse4.2,-avx,-avx2,-popcnt) and those from CPP defines (ISA: X86_64 Feature string: ssse3,sse4.1,sse4.2,-avx,-avx2,popcnt) for the command line:
08-30 10:46:48.345 19205 19205 W dex2oat64: /apex/com.android.art/bin/dex2oat64 --zip-fd=7 --zip-location=base.apk --oat-fd=8 --oat-location=/data/app/~~wgniHHocjDnaHJL4VSyDVA==/com.nativo.sampleapp-ygPXUGCWKN932pDs8nwTDg==/oat/x86_64/base.odex --input-vdex-fd=9 --output-vdex-fd=10 --swap-fd=11 --classpath-dir=/data/app/~~wgniHHocjDnaHJL4VSyDVA==/com.nativo.sampleapp-ygPXUGCWKN932pDs8nwTDg== --class-loader-context=PCL[]{} --instruction-set=x86_64 --instruction-set-features=default --instruction-set-variant=x86_64 --compiler-filter=speed --compilation-reason=cmdline --max-image-block-size=524288 --resolve-startup-const-strings=true --generate-mini-debug-info --runtime-arg -Xtarget-sdk-version:32 --runtime-arg -Xhidden-api-policy:enabled --runtime-arg -Xms64m --runtime-arg -Xmx512m
08-30 10:46:48.345 19205 19205 I dex2oat64: /apex/com.android.art/bin/dex2oat64 --input-vdex-fd=9 --output-vdex-fd=10 --classpath-dir=/data/app/~~wgniHHocjDnaHJL4VSyDVA==/com.nativo.sampleapp-ygPXUGCWKN932pDs8nwTDg== --class-loader-context=PCL[]{} --compiler-filter=speed --compilation-reason=cmdline --max-image-block-size=524288 --resolve-startup-const-strings=true --generate-mini-debug-info
08-30 10:46:48.384   941   941 D CarrierSvcBindHelper: No carrier app for: 0
08-30 10:46:48.384   941   941 D ImsResolver: maybeAddedImsService, packageName: com.nativo.sampleapp
08-30 10:46:48.386  4676  4676 D BoundBrokerSvc: onBind: Intent { act=com.google.android.gms.common.BIND_SHARED_PREFS pkg=com.google.android.gms }
08-30 10:46:48.386  4676  4676 D BoundBrokerSvc: Loading bound service for intent: Intent { act=com.google.android.gms.common.BIND_SHARED_PREFS pkg=com.google.android.gms }
08-30 10:46:48.393  2406 19159 W Role    : Cannot get ApplicationInfo for default holder: com.google.android.as
08-30 10:46:48.397  4720 18965 I NetworkScheduler.Stats: Task com.google.android.gms/com.google.android.gms.ipa.base.IpaGcmTaskService started execution. cause:9 exec_start_elapsed_seconds: 3870 [CONTEXT service_id=218 ]
08-30 10:46:48.409  7503  7503 I Finsky  : [2] pva.i(0): PackageMonitorReceiverImpl - Received: android.intent.action.PACKAGE_CHANGED, [MKAGdxF6EUSa65sKywuwKgRpHRGwrjF3fkcnuf_3dVQ]
08-30 10:46:48.409  7503  7503 I Finsky  : [2] pvp.n(8): Invalidating cached PackageState for com.nativo.sampleapp
08-30 10:46:48.487  7503  7570 I Finsky  : [54] foe.a(5): AIM: AppInfoManager-Perf > OnDeviceAppInfo > cacheHitCount=0, cacheMissCount=1. Missed  in cache (limit 10) : [com.nativo.sampleapp]
08-30 10:46:48.488  7503  7569 I Finsky  : [53] flw.apply(82): AIM: Got app ownership map. App counts: . Unique apps: 0
08-30 10:46:48.492  7503 18919 I Finsky  : [386] jub.run(32): Wrote row to frosting DB: 819
08-30 10:46:48.497  4676  4676 D BoundBrokerSvc: onUnbind: Intent { act=com.google.android.gms.common.BIND_SHARED_PREFS pkg=com.google.android.gms }
08-30 10:46:48.513  7503 18919 I Finsky  : [386] jub.run(32): Wrote row to frosting DB: 820
08-30 10:46:48.513  4720 18965 I NetworkScheduler.Stats: Task com.google.android.gms/com.google.android.gms.ipa.base.IpaGcmTaskService finished executing. cause:9 result: 1 elapsed_millis: 249 uptime_millis: 249 exec_start_elapsed_seconds: 3870 [CONTEXT service_id=218 ]
08-30 10:46:48.551  7503  7571 I Finsky  : [55] fnz.a(11): AIM: AppInfoManager-Perf > ItemModel > CacheSize=0, cacheHitCount=0, cacheMissCount=1, total appsWithNoServerDataCount=0. Missed  in cache (limit 10) : [com.nativo.sampleapp]
08-30 10:46:48.551  7503  7571 I Finsky  : [55] foc.p(3): AIM: AppInfoManager-Perf > ItemModel > ItemStore Called 1 apps cacheOptions = USE_CACHE
08-30 10:46:48.552  7503  7571 I Finsky  : [55] fnz.a(80): AIM: ItemModel fetch - unauth(1), auth()
08-30 10:46:48.563 12003 19211 I ProvidersCache: Provider returned no roots. Possibly naughty: com.google.android.apps.docs.storage
08-30 10:46:48.565  7503  7567 I Finsky  : [52] mos.apply(5): ItemStore: Not cached: com.nativo.sampleapp
08-30 10:46:48.684  2406  2445 I PermissionControllerServiceImpl: Updating user sensitive for uid 10194
08-30 10:46:48.692  4720 18947 I Fitness : OnPackageChangedOperation got intent: Intent { act=android.intent.action.PACKAGE_CHANGED dat=package:com.nativo.sampleapp flg=0x5000010 pkg=com.google.android.gms cmp=com.google.android.gms/.chimera.PersistentIntentOperationService (has extras) } [CONTEXT service_id=17 ]
08-30 10:46:48.706  4720  4763 W ChimeraUtils: Module com.google.android.gms.nearby_en has empty metadata display_name_string_id
08-30 10:46:48.714  4720  4763 W ChimeraUtils: Module com.google.android.gms.nearby_en has empty metadata display_name_string_id
08-30 10:46:48.720  4720  4763 W ChimeraUtils: Module com.google.android.gms.nearby_en has empty metadata display_name_string_id
08-30 10:46:48.741  7503  7569 E Finsky  : [53] mpa.a(16): ItemStore: getItems RPC failed.
08-30 10:46:48.759  4676 13411 I Icing   : Indexing com.google.android.gms-apps from com.google.android.gms
08-30 10:46:48.768  4720 19202 I Fitness : FitCleanupIntentOperation received Intent android.intent.action.PACKAGE_CHANGED [CONTEXT service_id=17 ]
08-30 10:46:48.802  4676 13411 I Icing   : Indexing done com.google.android.gms-apps
08-30 10:46:48.840  4720 18947 I Fitness : OnPackageChangedOperation got intent: Intent { act=android.intent.action.PACKAGE_CHANGED dat=package:com.nativo.sampleapp flg=0x5000010 pkg=com.google.android.gms cmp=com.google.android.gms/.chimera.PersistentIntentOperationService (has extras) } [CONTEXT service_id=17 ]
08-30 10:46:48.852  4676  7576 I Icing   : Indexing com.google.android.gms-apps from com.google.android.gms
08-30 10:46:48.853  4676  7576 I Icing   : Indexing done com.google.android.gms-apps
08-30 10:46:48.868  2406 19159 W Role    : Cannot get ApplicationInfo for default holder: com.google.android.as
08-30 10:46:48.894  4676  9542 I Icing   : Indexing com.google.android.gms-apps from com.google.android.gms
08-30 10:46:48.902  4676  9542 I Icing   : Indexing done com.google.android.gms-apps
08-30 10:46:48.908  4720 19202 I Fitness : FitCleanupIntentOperation received Intent android.intent.action.PACKAGE_CHANGED [CONTEXT service_id=17 ]
08-30 10:46:48.938   598   692 I RoleService: Granting default roles...
08-30 10:46:48.944  4720  4763 W ChimeraUtils: Module com.google.android.gms.nearby_en has empty metadata display_name_string_id
08-30 10:46:48.955  4720  4763 W ChimeraUtils: Module com.google.android.gms.nearby_en has empty metadata display_name_string_id
08-30 10:46:48.958  4720  4763 W ChimeraUtils: Module com.google.android.gms.nearby_en has empty metadata display_name_string_id
08-30 10:46:49.009  2406 19159 W Role    : Cannot get ApplicationInfo for default holder: com.google.android.as
08-30 10:46:49.010  4720  4764 W ChimeraUtils: Module com.google.android.gms.nearby_en has empty metadata display_name_string_id
08-30 10:46:49.014  4720  4764 W ChimeraUtils: Module com.google.android.gms.nearby_en has empty metadata display_name_string_id
08-30 10:46:49.017  4720  4764 W ChimeraUtils: Module com.google.android.gms.nearby_en has empty metadata display_name_string_id
08-30 10:46:49.020  2406 19159 W Role    : Cannot get ApplicationInfo for default holder: com.google.android.as
08-30 10:46:49.050  2406 19159 W Role    : Cannot get ApplicationInfo for default holder: com.google.android.contacts
08-30 10:46:49.060  2406 19159 W Role    : Cannot get ApplicationInfo for default holder: com.google.android.as
08-30 10:46:49.093  2406 19159 W Role    : Cannot get ApplicationInfo for default holder: com.google.android.apps.wellbeing
08-30 10:46:49.098  2406 19159 W Role    : Cannot get ApplicationInfo for default holder: com.google.android.as
08-30 10:46:49.100  2406 19159 W Role    : Cannot get ApplicationInfo for default holder: com.google.android.as
08-30 10:46:49.195  2406 19159 W Role    : Cannot get ApplicationInfo for default holder: com.google.android.as
08-30 10:46:49.306  2406 19159 W Role    : Cannot get ApplicationInfo for default holder: com.google.android.as
08-30 10:46:49.310  2406 19159 W Role    : Cannot get ApplicationInfo for default holder: com.google.android.as
08-30 10:46:50.590   218   218 I servicemanager: Since 'apexservice' could not be found, trying to start it as a lazy AIDL service
08-30 10:46:51.014   218   218 I BpBinder: onLastStrongRef automatically unlinking death recipients: <uncached descriptor>
08-30 10:46:51.022   218   218 I servicemanager: Tried to unregister apexservice, but there is about to be a client.
08-30 10:46:54.007 12003 19236 I ProvidersCache: Provider returned no roots. Possibly naughty: com.google.android.apps.docs.storage
08-30 10:46:54.184 12003 19242 I ProvidersCache: Provider returned no roots. Possibly naughty: com.google.android.apps.docs.storage
08-30 10:46:54.390 12003 19247 I ProvidersCache: Provider returned no roots. Possibly naughty: com.google.android.apps.docs.storage
08-30 10:46:55.025 12003 19253 I ProvidersCache: Provider returned no roots. Possibly naughty: com.google.android.apps.docs.storage
08-30 10:46:55.046   233 19126 I keystore2: keystore2::watchdog: Watchdog thread idle -> terminating. Have a great day.
08-30 10:46:55.241   218   218 I servicemanager: Notifying apexservice they have clients: 1
08-30 10:46:58.261 12003 19260 I ProvidersCache: Provider returned no roots. Possibly naughty: com.google.android.apps.docs.storage
08-30 10:46:58.316 19205 19205 I dex2oat64: dex2oat took 9.973s (30.650s cpu) (threads: 4) arena alloc=16MB (17548128B) java alloc=16MB (17168352B) native alloc=84MB (88640816B) free=28MB (29959488B)
08-30 10:46:58.342   511   531 V installd: DexInv: --- END '/data/app/~~wgniHHocjDnaHJL4VSyDVA==/com.nativo.sampleapp-ygPXUGCWKN932pDs8nwTDg==/base.apk' (success) ---
08-30 10:46:58.360 19035 19051 D Benchmark: Killing process com.nativo.sampleapp
08-30 10:46:58.417   941   941 D CarrierSvcBindHelper: No carrier app for: 0
08-30 10:46:58.420  1402 18481 W MediaProvider: isAppCloneUserPair for user 0: false
08-30 10:46:58.529  4720 18965 I NetworkScheduler.Stats: Task com.google.android.gms/com.google.android.gms.ipa.base.IpaGcmTaskService started execution. cause:9 exec_start_elapsed_seconds: 3880 [CONTEXT service_id=218 ]
08-30 10:46:58.542  4720 19019 I NetworkScheduler.Stats: Task com.google.android.gms/com.google.android.gms.ipa.base.IpaGcmTaskService finished executing. cause:9 result: 1 elapsed_millis: 38 uptime_millis: 38 exec_start_elapsed_seconds: 3880 [CONTEXT service_id=218 ]
08-30 10:46:58.560  1402 15043 I MediaProvider: Deleted 0 0 0 0 0 0 1 items on external_primary due to com.nativo.benchmark
08-30 10:46:58.851 19035 19051 D Benchmark: Starting activity with command: am start -W "intent:#Intent;action=android.intent.action.MAIN;category=android.intent.category.LAUNCHER;launchFlags=0x10008000;package=com.nativo.sampleapp;component=com.nativo.sampleapp/.activities.MainActivity;end"
08-30 10:46:58.871  1402 17343 W MediaProvider: isAppCloneUserPair for user 0: false
08-30 10:46:58.937  4720 18964 I NetworkScheduler.Stats: Task com.google.android.gms/com.google.android.gms.ipa.base.IpaGcmTaskService started execution. cause:9 exec_start_elapsed_seconds: 3881 [CONTEXT service_id=218 ]
08-30 10:46:58.950  4720 18965 I NetworkScheduler.Stats: Task com.google.android.gms/com.google.android.gms.ipa.base.IpaGcmTaskService finished executing. cause:9 result: 1 elapsed_millis: 21 uptime_millis: 21 exec_start_elapsed_seconds: 3881 [CONTEXT service_id=218 ]
08-30 10:46:59.043   377   432 D goldfish-address-space: claimShared: Ask to claim region [0x3f4b95000 0x3f54fa000]
08-30 10:46:59.051   377   432 D goldfish-address-space: claimShared: Ask to claim region [0x3f54fa000 0x3f5e5f000]
08-30 10:46:59.053   361   361 D Zygote  : Forked child process 19309
08-30 10:46:59.055   377   432 D goldfish-address-space: claimShared: Ask to claim region [0x3f1ffe000 0x3f2963000]
08-30 10:46:59.088 19309 19309 W ativo.sampleap: Unexpected CPU variant for X86 using defaults: x86_64
08-30 10:46:59.099  1110  1562 D EGL_emulation: app_time_stats: avg=5435.28ms min=527.69ms max=10342.86ms count=2
08-30 10:46:59.114  1420  1420 I GsaVoiceInteractionSrv: Handling ACTION_STOP_HOTWORD
08-30 10:46:59.118  1420  1420 E HwDetectorWithState: a: 3
08-30 10:46:59.132   461   474 I adbd    : jdwp connection from 19309
08-30 10:46:59.184   598  2010 W InputReader: Device virtio_input_multi_touch_4 is associated with display ADISPLAY_ID_NONE.
08-30 10:46:59.185   598  2010 W InputReader: Device virtio_input_multi_touch_10 is associated with display ADISPLAY_ID_NONE.
08-30 10:46:59.186   598  2010 W InputReader: Device virtio_input_multi_touch_11 is associated with display ADISPLAY_ID_NONE.
08-30 10:46:59.187   598  2010 W InputReader: Device virtio_input_multi_touch_8 is associated with display ADISPLAY_ID_NONE.
08-30 10:46:59.188   598  2010 W InputReader: Device virtio_input_multi_touch_7 is associated with display ADISPLAY_ID_NONE.
08-30 10:46:59.189   598  2010 W InputReader: Device virtio_input_multi_touch_2 is associated with display ADISPLAY_ID_NONE.
08-30 10:46:59.198   598  2010 W InputReader: Device virtio_input_multi_touch_5 is associated with display ADISPLAY_ID_NONE.
08-30 10:46:59.198   598  2010 W InputReader: Device virtio_input_multi_touch_6 is associated with display ADISPLAY_ID_NONE.
08-30 10:46:59.198   598  2010 W InputReader: Device virtio_input_multi_touch_9 is associated with display ADISPLAY_ID_NONE.
08-30 10:46:59.198   598  2010 W InputReader: Device virtio_input_multi_touch_3 is associated with display ADISPLAY_ID_NONE.
08-30 10:46:59.201   598  2010 W InputReader: Device virtio_input_multi_touch_4 is associated with display ADISPLAY_ID_NONE.
08-30 10:46:59.202   598  2010 W InputReader: Device virtio_input_multi_touch_10 is associated with display ADISPLAY_ID_NONE.
08-30 10:46:59.202   598  2010 W InputReader: Device virtio_input_multi_touch_11 is associated with display ADISPLAY_ID_NONE.
08-30 10:46:59.202   598  2010 W InputReader: Device virtio_input_multi_touch_8 is associated with display ADISPLAY_ID_NONE.
08-30 10:46:59.202   598  2010 W InputReader: Device virtio_input_multi_touch_7 is associated with display ADISPLAY_ID_NONE.
08-30 10:46:59.202   598  2010 W InputReader: Device virtio_input_multi_touch_2 is associated with display ADISPLAY_ID_NONE.
08-30 10:46:59.202   598  2010 W InputReader: Device virtio_input_multi_touch_5 is associated with display ADISPLAY_ID_NONE.
08-30 10:46:59.202   598  2010 W InputReader: Device virtio_input_multi_touch_6 is associated with display ADISPLAY_ID_NONE.
08-30 10:46:59.202   598  2010 W InputReader: Device virtio_input_multi_touch_9 is associated with display ADISPLAY_ID_NONE.
08-30 10:46:59.202   598  2010 W InputReader: Device virtio_input_multi_touch_3 is associated with display ADISPLAY_ID_NONE.
08-30 10:46:59.218 19309 19309 D CompatibilityChangeReporter: Compat change id reported: 171979766; UID 10194; state: ENABLED
08-30 10:46:59.502  1587  1587 I A       : onApplyWindowInsets: systemWindowInsets=Insets{left=0, top=66, right=0, bottom=44}
08-30 10:46:59.503  1587  1587 I A       : onApplyWindowInsets: systemWindowInsets=Insets{left=0, top=66, right=0, bottom=44}
08-30 10:46:59.511   795  1004 D EGL_emulation: app_time_stats: avg=6615.22ms min=5.27ms max=105445.76ms count=16
08-30 10:46:59.628 19309 19309 V GraphicsEnvironment: ANGLE Developer option for 'com.nativo.sampleapp' set to: 'default'
08-30 10:46:59.629 19309 19309 V GraphicsEnvironment: ANGLE GameManagerService for com.nativo.sampleapp: false
08-30 10:46:59.629 19309 19309 V GraphicsEnvironment: Neither updatable production driver nor prerelease driver is supported.
08-30 10:46:59.632 19309 19309 D NetworkSecurityConfig: Using Network Security Config from resource network_security_config debugBuild: false
08-30 10:46:59.633 19309 19309 D NetworkSecurityConfig: Using Network Security Config from resource network_security_config debugBuild: false
08-30 10:46:59.921 19309 19337 D libEGL  : loaded /vendor/lib64/egl/libEGL_emulation.so
08-30 10:46:59.940 19309 19337 D libEGL  : loaded /vendor/lib64/egl/libGLESv1_CM_emulation.so
08-30 10:47:00.043 19309 19337 D libEGL  : loaded /vendor/lib64/egl/libGLESv2_emulation.so
08-30 10:47:00.150 19309 19309 D NativoSDK: Nativo developer logs enabled.
08-30 10:47:00.290   795  1004 D EGL_emulation: app_time_stats: avg=60224.08ms min=60224.08ms max=60224.08ms count=1
08-30 10:47:00.295 19309 19309 D CompatibilityChangeReporter: Compat change id reported: 171228096; UID 10194; state: ENABLED
08-30 10:47:00.537   795  1004 D EGL_emulation: app_time_stats: avg=30.02ms min=5.06ms max=243.02ms count=23
08-30 10:47:01.327   439   456 W ServiceManager: Permission failure: android.permission.ACCESS_SURFACE_FLINGER from uid=10194 pid=19309
08-30 10:47:01.327   439   456 D PermissionCache: checking android.permission.ACCESS_SURFACE_FLINGER for uid=10194 => denied (4457 us)
08-30 10:47:01.330   439   456 W ServiceManager: Permission failure: android.permission.ROTATE_SURFACE_FLINGER from uid=10194 pid=19309
08-30 10:47:01.330   439   456 D PermissionCache: checking android.permission.ROTATE_SURFACE_FLINGER for uid=10194 => denied (2529 us)
08-30 10:47:01.351 19309 19335 D HostConnection: createUnique: call
08-30 10:47:01.362 19309 19335 D HostConnection: HostConnection::get() New Host Connection established 0x79e0b2850990, tid 19335
08-30 10:47:01.384   795  1004 D EGL_emulation: app_time_stats: avg=1091.21ms min=1091.21ms max=1091.21ms count=1
08-30 10:47:01.439 19309 19335 D HostConnection: HostComposition ext ANDROID_EMU_CHECKSUM_HELPER_v1 ANDROID_EMU_native_sync_v2 ANDROID_EMU_native_sync_v3 ANDROID_EMU_native_sync_v4 ANDROID_EMU_dma_v1 ANDROID_EMU_direct_mem ANDROID_EMU_host_composition_v1 ANDROID_EMU_host_composition_v2 ANDROID_EMU_YUV_Cache ANDROID_EMU_has_shared_slots_host_memory_allocator ANDROID_EMU_sync_buffer_data ANDROID_EMU_read_color_buffer_dma GL_OES_EGL_image_external_essl3 GL_OES_vertex_array_object GL_KHR_texture_compression_astc_ldr ANDROID_EMU_host_side_tracing ANDROID_EMU_gles_max_version_3_0
08-30 10:47:01.454   220   220 I hwservicemanager: getTransport: Cannot find entry android.hardware.configstore@1.0::ISurfaceFlingerConfigs/default in either framework or device VINTF manifest.
08-30 10:47:01.459 19309 19335 W OpenGLRenderer: Failed to choose config with EGL_SWAP_BEHAVIOR_PRESERVED, retrying without...
08-30 10:47:01.463 19309 19335 W OpenGLRenderer: Failed to initialize 101010-2 format, error = EGL_SUCCESS
08-30 10:47:01.464 19309 19335 D EGL_emulation: eglCreateContext: 0x79e0b28508d0: maj 3 min 0 rcv 3
08-30 10:47:01.465 19309 19309 D NativoSDK: Test ads enabled.
08-30 10:47:01.480 19309 19335 D EGL_emulation: eglMakeCurrent: 0x79e0b28508d0: ver 3 0 (tinfo 0x79e2d397b080) (first time)
08-30 10:47:01.559   220   220 I hwservicemanager: getTransport: Cannot find entry android.hardware.graphics.mapper@4.0::IMapper/default in either framework or device VINTF manifest.
08-30 10:47:01.562 19309 19335 I Gralloc4: mapper 4.x is not supported
08-30 10:47:01.579 19309 19335 D HostConnection: createUnique: call
08-30 10:47:01.581 19309 19335 D HostConnection: HostConnection::get() New Host Connection established 0x79e0b28514d0, tid 19335
08-30 10:47:01.583 19309 19335 D goldfish-address-space: allocate: Ask for block of size 0x100
08-30 10:47:01.583 19309 19335 D goldfish-address-space: allocate: ioctl allocate returned offset 0x3edffc000 size 0x2000
08-30 10:47:01.588   220   220 I hwservicemanager: getTransport: Cannot find entry android.hardware.graphics.allocator@4.0::IAllocator/default in either framework or device VINTF manifest.
08-30 10:47:01.595 19309 19335 W Gralloc4: allocator 4.x is not supported
08-30 10:47:01.616   377   432 D goldfish-address-space: claimShared: Ask to claim region [0x3f0ef7000 0x3f185c000]
08-30 10:47:01.673 19309 19335 D HostConnection: HostComposition ext ANDROID_EMU_CHECKSUM_HELPER_v1 ANDROID_EMU_native_sync_v2 ANDROID_EMU_native_sync_v3 ANDROID_EMU_native_sync_v4 ANDROID_EMU_dma_v1 ANDROID_EMU_direct_mem ANDROID_EMU_host_composition_v1 ANDROID_EMU_host_composition_v2 ANDROID_EMU_YUV_Cache ANDROID_EMU_has_shared_slots_host_memory_allocator ANDROID_EMU_sync_buffer_data ANDROID_EMU_read_color_buffer_dma GL_OES_EGL_image_external_essl3 GL_OES_vertex_array_object GL_KHR_texture_compression_astc_ldr ANDROID_EMU_host_side_tracing ANDROID_EMU_gles_max_version_3_0
08-30 10:47:01.678 19309 19309 I WebViewFactory: Loading com.google.android.webview version 91.0.4472.114 (code 447211487)
08-30 10:47:01.680   377   432 D goldfish-address-space: claimShared: Ask to claim region [0x3ee963000 0x3ef2c8000]
08-30 10:47:01.686   377   432 D goldfish-address-space: claimShared: Ask to claim region [0x3ef2c8000 0x3efc2d000]
08-30 10:47:01.973 19309 19309 I cr_LibraryLoader: Loaded native library version number "91.0.4472.114"
08-30 10:47:01.977 19309 19309 I cr_CachingUmaRecorder: Flushed 5 samples from 5 histograms.
08-30 10:47:02.030  7503  7503 I Finsky  : [2] ski.onStartJob(4): SCH: job service start with id 9938.
08-30 10:47:02.060  7503 18931 I Finsky  : [390] six.a(92): SCH: Satisfied jobs for 9938 are: 12-1
08-30 10:47:02.075  7503 19355 I Finsky  : [406] sck.accept(46): SCH: Job 12-1 starting
08-30 10:47:02.076  7503  7503 I Finsky  : [2] ContentSyncJob.v(3): [ContentSync] job started
08-30 10:47:02.141   883   883 D Zygote  : Forked child process 19359
08-30 10:47:02.176 19359 19359 W ocessService0:: Unexpected CPU variant for X86 using defaults: x86_64
08-30 10:47:02.197 19359 19359 E ocessService0:: Not starting debugger since process cannot load the jdwp agent.
08-30 10:47:02.271 19359 19359 D CompatibilityChangeReporter: Compat change id reported: 171979766; UID 99023; state: ENABLED
08-30 10:47:02.276  7503 19015 I Finsky  : [398] fwb.j(1): Completed 0 account content syncs with 0 successful.
08-30 10:47:02.277  7503  7503 I Finsky  : [2] ContentSyncJob.a(1): [ContentSync] Installation state replication succeeded.
08-30 10:47:02.278  7503  7503 I Finsky  : [2] sis.r(4): SCH: jobFinished: 12-1. TimeElapsed: 202ms.
08-30 10:47:02.351  7503  7571 I Finsky  : [55] rtc.accept(26): SCH: Scheduling phonesky job Id: 1-1337, CT: 1661877908517, Constraints: [{ L: 24653200, D: 67853200, C: 1, I: 1, N: 1 }]
08-30 10:47:02.361 19359 19359 D NetworkSecurityConfig: No Network Security Config specified, using platform default
08-30 10:47:02.362 19359 19359 D NetworkSecurityConfig: No Network Security Config specified, using platform default
08-30 10:47:02.375 19359 19359 I cr_ChildProcessService: Creating new ChildProcessService pid=19359
08-30 10:47:02.382  7503  7567 I Finsky  : [52] scl.apply(62): SCH: Scheduling 1 system job(s)
08-30 10:47:02.385  7503  7567 I Finsky  : [52] scl.apply(68): SCH: Scheduling system job Id: 9941, L: 20939335, D: 64139335, C: false, I: false, N: 1
08-30 10:47:02.418  7503 19355 I Finsky  : [406] ski.a(16): SCH: job service finished with id 9938.
08-30 10:47:02.855   598   859 D ConnectivityService: requestNetwork for uid/pid:10194/19309 activeRequest: null callbackRequest: 381 [NetworkRequest [ REQUEST id=382, [ Capabilities: INTERNET&NOT_RESTRICTED&TRUSTED&NOT_VCN_MANAGED Uid: 10194 RequestorUid: 10194 RequestorPkg: com.nativo.sampleapp] ]] callback flags: 0 order: 2147483647
08-30 10:47:02.861   598   727 D ConnectivityService: NetReassign [382 : null → 100]
08-30 10:47:02.866   598   720 D WifiNetworkFactory: got request NetworkRequest [ REQUEST id=382, [ Capabilities: INTERNET&NOT_RESTRICTED&TRUSTED&NOT_VCN_MANAGED Uid: 10194 RequestorUid: 10194 RequestorPkg: com.nativo.sampleapp] ]
08-30 10:47:02.866   598   720 D UntrustedWifiNetworkFactory: got request NetworkRequest [ REQUEST id=382, [ Capabilities: INTERNET&NOT_RESTRICTED&TRUSTED&NOT_VCN_MANAGED Uid: 10194 RequestorUid: 10194 RequestorPkg: com.nativo.sampleapp] ]
