08-30 10:47:02.866   598   720 D OemPaidWifiNetworkFactory: got request NetworkRequest [ REQUEST id=382, [ Capabilities: INTERNET&NOT_RESTRICTED&TRUSTED&NOT_VCN_MANAGED Uid: 10194 RequestorUid: 10194 RequestorPkg: com.nativo.sampleapp] ]
08-30 10:47:02.868   598   727 D ConnectivityService: NetReassign [no changes]
08-30 10:47:02.947 19309 19309 I NativoSDK: Starting config request
08-30 10:47:02.965   598  2010 D ConnectivityService: requestNetwork for uid/pid:10194/19309 activeRequest: null callbackRequest: 384 [NetworkRequest [ REQUEST id=385, [ Capabilities: INTERNET&NOT_RESTRICTED&TRUSTED&NOT_VCN_MANAGED Uid: 10194 RequestorUid: 10194 RequestorPkg: com.nativo.sampleapp] ]] callback flags: 0 order: 2147483647
08-30 10:47:02.969   598   727 D ConnectivityService: NetReassign [385 : null → 100]
08-30 10:47:02.972 19309 19391 D Connectivity status: Started
08-30 10:47:02.973 19309 19391 W NativoSDK: Unable to connect. No internet connection.
08-30 10:47:02.975 19309 19393 D Connectivity status: Connected
08-30 10:47:02.980   598   720 D WifiNetworkFactory: got request NetworkRequest [ REQUEST id=385, [ Capabilities: INTERNET&NOT_RESTRICTED&TRUSTED&NOT_VCN_MANAGED Uid: 10194 RequestorUid: 10194 RequestorPkg: com.nativo.sampleapp] ]
08-30 10:47:02.983   598   720 D UntrustedWifiNetworkFactory: got request NetworkRequest [ REQUEST id=385, [ Capabilities: INTERNET&NOT_RESTRICTED&TRUSTED&NOT_VCN_MANAGED Uid: 10194 RequestorUid: 10194 RequestorPkg: com.nativo.sampleapp] ]
08-30 10:47:02.983   598   720 D OemPaidWifiNetworkFactory: got request NetworkRequest [ REQUEST id=385, [ Capabilities: INTERNET&NOT_RESTRICTED&TRUSTED&NOT_VCN_MANAGED Uid: 10194 RequestorUid: 10194 RequestorPkg: com.nativo.sampleapp] ]
08-30 10:47:03.049 19309 19309 D onBindViewHolder: At pos: 0
08-30 10:47:03.067 19309 19309 D SampleApp: placing ad at position 1, available: false
08-30 10:47:03.067 19309 19309 D onBindViewHolder: At pos: 1
08-30 10:47:03.069 19309 19392 D NativoSDK: Section(http://www.nativo.net/test) set placeholder at: 1
08-30 10:47:03.078 19309 19309 D onBindViewHolder: At pos: 2
08-30 10:47:03.084 19309 19309 D SampleApp: placing ad at position 3, available: false
08-30 10:47:03.084 19309 19309 D onBindViewHolder: At pos: 3
08-30 10:47:03.086 19309 19392 D NativoSDK: Section(http://www.nativo.net/test) set placeholder at: 3
08-30 10:47:03.089 19309 19309 D onBindViewHolder: At pos: 4
08-30 10:47:03.258 19309 19322 I OpenGLRenderer: Davey! duration=2204ms; Flags=1, FrameTimelineVsyncId=60028, IntendedVsync=3883476923455, Vsync=3883626923449, InputEventId=0, HandleInputStart=3883642062841, AnimationStart=3883642100841, PerformTraversalsStart=3883642177841, DrawStart=3885551053841, FrameDeadline=3883493590121, FrameInterval=3883641957841, FrameStartTime=16666666, SyncQueued=3885561358841, SyncStart=3885562145841, IssueDrawCommandsStart=3885565893841, SwapBuffers=3885667256841, FrameCompleted=3885682476841, DequeueBufferDuration=190000, QueueBufferDuration=3689000, GpuCompleted=3885680448841, SwapBuffersCompleted=3885682476841, DisplayPresentTime=0,
08-30 10:47:03.286 19309 19309 I Choreographer: Skipped 125 frames!  The application may be doing too much work on its main thread.
08-30 10:47:03.294   598   622 I ActivityTaskManager: Displayed com.nativo.sampleapp/.activities.MainActivity: +4s340ms
08-30 10:47:03.357  4720 13452 I FontLog : Received query Noto Color Emoji Compat, URI content://com.google.android.gms.fonts [CONTEXT service_id=132 ]
08-30 10:47:03.358  4720 13452 I FontLog : Query [emojicompat-emoji-font] resolved to {Noto Color Emoji Compat, wdth 100.0, wght 400, ital 0.0, bestEffort false} [CONTEXT service_id=132 ]
08-30 10:47:03.367  4720 13452 I FontLog : Fetch {Noto Color Emoji Compat, wdth 100.0, wght 400, ital 0.0, bestEffort false} end status Status{statusCode=SUCCESS, resolution=null} [CONTEXT service_id=132 ]
08-30 10:47:03.413 19309 19309 D SampleApp: onFail at location: null Error: com.nativo.core.NetworkConnectionError: No internet connection detected.
08-30 10:47:03.483  4720  6443 I FontLog : Pulling font file for id = 31, cache size = 5 [CONTEXT service_id=132 ]
08-30 10:47:03.487 19309 19322 I OpenGLRenderer: Davey! duration=2264ms; Flags=0, FrameTimelineVsyncId=60046, IntendedVsync=3883643590115, Vsync=3885726923365, InputEventId=0, HandleInputStart=3885741814841, AnimationStart=3885741840841, PerformTraversalsStart=3885743190841, DrawStart=3885746706841, FrameDeadline=3883676923447, FrameInterval=3885741642841, FrameStartTime=16666666, SyncQueued=3885748683841, SyncStart=3885749753841, IssueDrawCommandsStart=3885750605841, SwapBuffers=3885886853841, FrameCompleted=3885908962841, DequeueBufferDuration=163000, QueueBufferDuration=15455000, GpuCompleted=3885907745841, SwapBuffersCompleted=3885908962841, DisplayPresentTime=0,
08-30 10:47:03.520  4720  6443 I FontLog : Pulling font file for id = 31, cache size = 5 [CONTEXT service_id=132 ]
08-30 10:47:03.740   598  2183 W InputManager-JNI: Input channel object '3d9b92c Splash Screen com.nativo.sampleapp (client)' was disposed without first being removed with the input manager!
08-30 10:47:03.776  1309  1309 I GoogleInputMethodService: GoogleInputMethodService.onFinishInput():3269
08-30 10:47:03.782   795  1004 D EGL_emulation: app_time_stats: avg=187.88ms min=6.68ms max=2549.40ms count=16
08-30 10:47:03.795  1309  1309 I GoogleInputMethodService: GoogleInputMethodService.onStartInput():1947
08-30 10:47:03.799  1309  1309 I DeviceUnlockedTag: DeviceUnlockedTag.notifyDeviceLockStatusChanged():79 Notify device unlocked.
08-30 10:47:03.932  1402 15043 I MediaProvider: Deleted 0 0 0 0 0 0 1 items on external_primary due to com.nativo.benchmark
08-30 10:47:04.049 19035 19051 D Benchmark: Result: Starting: Intent { act=android.intent.action.MAIN cat=[android.intent.category.LAUNCHER] flg=0x10008000 pkg=com.nativo.sampleapp cmp=com.nativo.sampleapp/.activities.MainActivity }
08-30 10:47:04.049 19035 19051 D Benchmark: Status: ok
08-30 10:47:04.049 19035 19051 D Benchmark: LaunchState: COLD
08-30 10:47:04.049 19035 19051 D Benchmark: Activity: com.nativo.sampleapp/.activities.MainActivity
08-30 10:47:04.049 19035 19051 D Benchmark: TotalTime: 4340
08-30 10:47:04.049 19035 19051 D Benchmark: WaitTime: 4367
08-30 10:47:04.049 19035 19051 D Benchmark: Complete
08-30 10:47:04.218 19359 19366 I ocessService0:: Background concurrent copying GC freed 856(114KB) AllocSpace objects, 0(0B) LOS objects, 49% free, 1891KB/3783KB, paused 5.122ms,666us total 39.229ms
08-30 10:47:04.376   795  1004 D EGL_emulation: app_time_stats: avg=594.82ms min=29.97ms max=2798.72ms count=5
08-30 10:47:04.457 19035 19051 I System.out: 0 Flags,FrameTimelineVsyncId,IntendedVsync,Vsync,InputEventId,HandleInputStart,AnimationStart,PerformTraversalsStart,DrawStart,FrameDeadline,FrameInterval,FrameStartTime,SyncQueued,SyncStart,IssueDrawCommandsStart,SwapBuffers,FrameCompleted,DequeueBufferDuration,QueueBufferDuration,GpuCompleted,SwapBuffersCompleted,DisplayPresentTime,
08-30 10:47:04.458 19035 19051 I System.out: 1 1,60028,3883476923455,3883626923449,0,3883642062841,3883642100841,3883642177841,3885551053841,3883493590121,3883641957841,16666666,3885561358841,3885562145841,3885565893841,3885667256841,3885682476841,190000,3689000,3885680448841,3885682476841,0,
08-30 10:47:04.458 19035 19051 I System.out: 2 0,60046,3883643590115,3885726923365,0,3885741814841,3885741840841,3885743190841,3885746706841,3883676923447,3885741642841,16666666,3885748683841,3885749753841,3885750605841,3885886853841,3885908962841,163000,15455000,3885907745841,3885908962841,0,
08-30 10:47:04.459 19035 19051 I System.out: 3 0,60074,3885743590031,3885960256689,0,3885966715841,3885966777841,3885967784841,3885967892841,3885776923363,3885966697841,16666666,3885984445841,3885990712841,3885991060841,3886052237841,3886062637841,301000,5493000,3886059995841,3886062637841,0,
08-30 10:47:04.459 19035 19051 I System.out: 4 0,60100,3885976923355,3886060256685,0,3886064006841,3886064044841,3886064228841,3886064367841,3886010256687,3886063972841,16666666,3886067958841,3886068386841,3886069719841,3886137665841,3886234912841,3620000,87439000,3886230684841,3886234912841,0,
08-30 10:47:04.459 19035 19051 I System.out: 5 0,60106,3886076923351,3886076923351,0,3886083428841,3886083539841,3886084001841,3886084219841,3886110256683,3886083341841,16666666,3886086133841,3886272368841,3886274732841,3886323900841,3886351764841,4271000,6699000,3886346724841,3886351764841,0,
08-30 10:47:04.459 19035 19051 I System.out: 6 0,60107,3886093590017,3886276923343,0,3886291782841,3886294055841,3886316354841,3886316725841,3886126923349,3886291709841,16666666,3886318775841,3886352748841,3886383220841,3886435905841,3886463487841,274000,7798000,3886454332841,3886463487841,0,
08-30 10:47:04.459 19035 19051 I System.out: 7 0,60134,3886310256675,3886360256673,0,3886364723841,3886364773841,3886364830841,3886379030841,3886343590007,3886364710841,16666666,3886383129841,3886478792841,3886479314841,3886550572841,3886579279841,394000,18669000,3886572603841,3886579279841,0,
08-30 10:47:04.459 19035 19051 I System.out: 8 0,60145,3886426923337,3886476923335,0,3886485898841,3886485944841,3886486134841,3886487964841,3886460256669,3886485866841,16666666,3886488136841,3886582420841,3886582716841,3886627449841,3886657691841,241000,14911000,3886656387841,3886657691841,0,
08-30 10:47:04.460 19035 19051 I System.out: 0 Flags,FrameTimelineVsyncId,IntendedVsync,Vsync,InputEventId,HandleInputStart,AnimationStart,PerformTraversalsStart,DrawStart,FrameDeadline,FrameInterval,FrameStartTime,SyncQueued,SyncStart,IssueDrawCommandsStart,SwapBuffers,FrameCompleted,DequeueBufferDuration,QueueBufferDuration,GpuCompleted,SwapBuffersCompleted,DisplayPresentTime,
08-30 10:47:04.460 19035 19051 I System.out: 1 1,60028,3883476923455,3883626923449,0,3883642062841,3883642100841,3883642177841,3885551053841,3883493590121,3883641957841,16666666,3885561358841,3885562145841,3885565893841,3885667256841,3885682476841,190000,3689000,3885680448841,3885682476841,0,
08-30 10:47:04.460 19035 19051 I System.out: 2 0,60046,3883643590115,3885726923365,0,3885741814841,3885741840841,3885743190841,3885746706841,3883676923447,3885741642841,16666666,3885748683841,3885749753841,3885750605841,3885886853841,3885908962841,163000,15455000,3885907745841,3885908962841,0,
08-30 10:47:04.460 19035 19051 I System.out: 3 0,60074,3885743590031,3885960256689,0,3885966715841,3885966777841,3885967784841,3885967892841,3885776923363,3885966697841,16666666,3885984445841,3885990712841,3885991060841,3886052237841,3886062637841,301000,5493000,3886059995841,3886062637841,0,
08-30 10:47:04.460 19035 19051 I System.out: 4 0,60100,3885976923355,3886060256685,0,3886064006841,3886064044841,3886064228841,3886064367841,3886010256687,3886063972841,16666666,3886067958841,3886068386841,3886069719841,3886137665841,3886234912841,3620000,87439000,3886230684841,3886234912841,0,
08-30 10:47:04.460 19035 19051 I System.out: 5 0,60106,3886076923351,3886076923351,0,3886083428841,3886083539841,3886084001841,3886084219841,3886110256683,3886083341841,16666666,3886086133841,3886272368841,3886274732841,3886323900841,3886351764841,4271000,6699000,3886346724841,3886351764841,0,
08-30 10:47:04.460 19035 19051 I System.out: 6 0,60107,3886093590017,3886276923343,0,3886291782841,3886294055841,3886316354841,3886316725841,3886126923349,3886291709841,16666666,3886318775841,3886352748841,3886383220841,3886435905841,3886463487841,274000,7798000,3886454332841,3886463487841,0,
08-30 10:47:04.460 19035 19051 I System.out: 7 0,60134,3886310256675,3886360256673,0,3886364723841,3886364773841,3886364830841,3886379030841,3886343590007,3886364710841,16666666,3886383129841,3886478792841,3886479314841,3886550572841,3886579279841,394000,18669000,3886572603841,3886579279841,0,
08-30 10:47:04.460 19035 19051 I System.out: 8 0,60145,3886426923337,3886476923335,0,3886485898841,3886485944841,3886486134841,3886487964841,3886460256669,3886485866841,16666666,3886488136841,3886582420841,3886582716841,3886627449841,3886657691841,241000,14911000,3886656387841,3886657691841,0,
08-30 10:47:04.461 19035 19051 D PerfettoCapture: Supported ABIs: x86_64, arm64-v8a
08-30 10:47:04.462 19035 19051 D PerfettoCapture: Recording perfetto trace
08-30 10:47:04.692  1402 17053 W MediaProvider: isAppCloneUserPair for user 0: false
08-30 10:47:04.706 19035 19051 I PerfettoCapture: Cleanup perfetto before starting.
08-30 10:47:04.768  4720 19019 I NetworkScheduler.Stats: Task com.google.android.gms/com.google.android.gms.ipa.base.IpaGcmTaskService started execution. cause:9 exec_start_elapsed_seconds: 3886 [CONTEXT service_id=218 ]
08-30 10:47:04.813   795  1004 D EGL_emulation: app_time_stats: avg=69.20ms min=9.29ms max=121.45ms count=12
08-30 10:47:04.902 19035 19051 D Benchmark: kill -TERM command output -
08-30 10:47:04.913 18712 18712 I perfetto: perfetto_cmd.cc:951     SIGINT/SIGTERM received: disabling tracing.
08-30 10:47:04.935   478   478 I perfetto: probes_producer.cc:340  Producer stop (id=65)
08-30 10:47:04.936 19309 19309 I NativoSDK: unblock request queue
08-30 10:47:04.948 19309 19342 D NativoSDK: Requesting ad in section: http://www.nativo.net/test at 1
08-30 10:47:05.172  4720 19019 I NetworkScheduler.Stats: Task com.google.android.gms/com.google.android.gms.ipa.base.IpaGcmTaskService finished executing. cause:9 result: 1 elapsed_millis: 660 uptime_millis: 659 exec_start_elapsed_seconds: 3886 [CONTEXT service_id=218 ]
08-30 10:47:05.196   478   478 I perfetto: ftrace_procfs.cc:213    disabled ftrace in /sys/kernel/tracing/
08-30 10:47:05.229  4720  4731 I .gms.persisten: Background young concurrent copying GC freed 216840(10MB) AllocSpace objects, 11(320KB) LOS objects, 43% free, 13MB/23MB, paused 4.165ms,407us total 876.940ms
08-30 10:47:05.231 19035 19051 D Benchmark: Waiting 100 ms for [ProcessPid(processName=perfetto, pid=18712)] to die
08-30 10:47:05.333 19309 19392 D NativoSDK: Section(http://www.nativo.net/test) set ad at: 1
08-30 10:47:05.334 19309 19309 D NativoSDK: Test ads enabled.
08-30 10:47:05.334 19309 19309 D SampleApp: Did receive ad: true
08-30 10:47:05.334 19309 19309 D SampleApp: didAssignAdToLocation: 1
08-30 10:47:05.335 19309 19342 D NativoSDK: Requesting ad in section: http://www.nativo.net/test at 3
08-30 10:47:05.348 19309 19309 I NativoSDK: Inflated new view for NativeAd at position 1
08-30 10:47:05.357 19309 19309 D SampleApp: didPlaceAdInView: 1 AdData: net.nativo.sdk.NtvAdData@3d77984, hasAdContent: true, adType: NtvAdtypeDisplay, title: What is Ransomware? (Demo), adID: 168641
08-30 10:47:05.358 19309 19309 D NativoSDK: Tracker using container androidx.recyclerview.widget.RecyclerViewwith hash 190909187
08-30 10:47:05.360 19309 19309 D NativoSDK: 64452996: Started tracking ad: What is Ransomware? (Demo)
08-30 10:47:05.361 19309 19309 D SampleApp: placing ad at position 1, available: true
08-30 10:47:05.362 19309 19309 D onBindViewHolder: At pos: 1
08-30 10:47:05.389 19309 19335 D EGL_emulation: app_time_stats: avg=267.16ms min=78.36ms max=1186.83ms count=8
08-30 10:47:05.411 19309 19392 D NativoSDK: Section(http://www.nativo.net/test) set ad at: 3
08-30 10:47:05.424 19035 19051 D Benchmark: Waiting 100 ms for [ProcessPid(processName=perfetto, pid=18712)] to die
08-30 10:47:05.486 19309 19309 D NativoSDK: Test ads enabled.
08-30 10:47:05.486 19309 19309 D SampleApp: Did receive ad: true
08-30 10:47:05.486 19309 19309 D SampleApp: didAssignAdToLocation: 3
08-30 10:47:05.525 19309 19309 D NativoSDK: 64452996: CPM impression tracking fired.
08-30 10:47:05.536   478   478 I perfetto: probes_producer.cc:340  Producer stop (id=66)
08-30 10:47:05.537   478   478 I perfetto: probes_producer.cc:340  Producer stop (id=67)
08-30 10:47:05.557 19309 19309 D NativoSDK: 64452996: Pixel tracking fired
08-30 10:47:05.613 19035 19051 D Benchmark: Waiting 100 ms for [ProcessPid(processName=perfetto, pid=18712)] to die
08-30 10:47:05.703 18712 18712 I perfetto: perfetto_cmd.cc:913     Trace written into the output file
08-30 10:47:05.726   502   502 I perfetto: ng_service_impl.cc:2293 Tracing session 17 ended, total sessions:0
08-30 10:47:05.807 19035 19051 D Benchmark: Waiting 100 ms for [ProcessPid(processName=perfetto, pid=18712)] to die
08-30 10:47:05.881 19460 19460 W rm      : type=1400 audit(0.0:248): avc: denied { write } for name="trace_output.pb" dev="dm-30" ino=16450 scontext=u:r:shell:s0 tcontext=u:object_r:perfetto_traces_data_file:s0 tclass=file permissive=0
08-30 10:47:05.892 19035 19051 I PerfettoCapture: Perfetto output file cleanup -
08-30 10:47:05.892 19035 19051 I PerfettoCapture: Starting perfetto tracing with cmd: cat /storage/emulated/0/Android/media/com.nativo.benchmark/trace_config.pb | perfetto --background -c - -o /data/misc/perfetto-traces/trace_output.pb
08-30 10:47:05.902  1402 17684 W MediaProvider: isAppCloneUserPair for user 0: false
08-30 10:47:05.977 19474 19474 I perfetto: perfetto_cmd.cc:794     Connected to the Perfetto traced service, starting tracing
08-30 10:47:05.978   502   502 I perfetto: ing_service_impl.cc:912 Configured tracing session 18, #sources:4, duration:0 ms, #buffers:2, total buffer size:36864 KB, total sessions:1, uid:2000 session name: ""
08-30 10:47:05.979   478   478 I perfetto: probes_producer.cc:241  Ftrace setup (target_buf=35)
08-30 10:47:05.990  4720 18965 I NetworkScheduler.Stats: Task com.google.android.gms/com.google.android.gms.ipa.base.IpaGcmTaskService started execution. cause:9 exec_start_elapsed_seconds: 3888 [CONTEXT service_id=218 ]
08-30 10:47:05.993  1402 15043 I MediaProvider: Deleted 0 0 0 0 0 0 1 items on external_primary due to com.nativo.benchmark
08-30 10:47:06.016 19035 19051 I PerfettoCapture: Perfetto output - 19474
08-30 10:47:06.016 19035 19051 I PerfettoCapture: EXITCODE=0
08-30 10:47:06.028  4720 19019 I NetworkScheduler.Stats: Task com.google.android.gms/com.google.android.gms.ipa.base.IpaGcmTaskService finished executing. cause:9 result: 1 elapsed_millis: 59 uptime_millis: 59 exec_start_elapsed_seconds: 3888 [CONTEXT service_id=218 ]
08-30 10:47:06.070 19035 19051 I PerfettoCapture: Perfetto tracing started successfully with pid 19474.
08-30 10:47:06.136   478   478 I perfetto: ftrace_procfs.cc:206    enabled ftrace in /sys/kernel/tracing/
08-30 10:47:06.230 19035 19051 I PerfettoCapture: /sys/kernel/tracing/tracing_on = 1, polled 1 times, capture fully started
08-30 10:47:06.240  1402 18478 I MediaProvider: Deleted 1 0 0 0 0 0 0 items on external_primary due to com.nativo.benchmark
08-30 10:47:06.243 19035 19051 D UiScrollable: scrollForward() on selector = UiSelector[SCROLLABLE=true]
08-30 10:47:06.268 19035 19051 I QueryController: Matched selector: UiSelector[SCROLLABLE=true] <<==>> [android.view.accessibility.AccessibilityNodeInfo@c3b4; boundsInParent: Rect(0, 0 - 1080, 1884); boundsInScreen: Rect(0, 352 - 1080, 2236); packageName: com.nativo.sampleapp; className: androidx.recyclerview.widget.RecyclerView; text: null; error: null; maxTextLength: -1; stateDescription: null; contentDescription: null; tooltipText: null; viewIdResName: com.nativo.sampleapp:id/recycler_list_view; checkable: false; checked: false; focusable: true; focused: false; selected: false; clickable: false; longClickable: false; contextClickable: false; enabled: true; password: false; scrollable: true; importantForAccessibility: true; visible: true; actions: [AccessibilityAction: ACTION_FOCUS - null, AccessibilityAction: ACTION_SELECT - null, AccessibilityAction: ACTION_CLEAR_SELECTION - null, AccessibilityAction: ACTION_ACCESSIBILITY_FOCUS - null, AccessibilityAction: ACTION_SCROLL_FORWARD - null, AccessibilityAction: ACTION_SHOW_ON_SCREEN - null]]
08-30 10:47:06.268 19035 19051 D InteractionController: scrollSwipe (540, 2048, 540, 540, 55)
08-30 10:47:06.327  4720 18965 I NetworkScheduler.Stats: Task com.google.android.gms/com.google.android.gms.ipa.base.IpaGcmTaskService started execution. cause:9 exec_start_elapsed_seconds: 3888 [CONTEXT service_id=218 ]
08-30 10:47:06.342  4720 18964 I NetworkScheduler.Stats: Task com.google.android.gms/com.google.android.gms.ipa.base.IpaGcmTaskService finished executing. cause:9 result: 1 elapsed_millis: 41 uptime_millis: 41 exec_start_elapsed_seconds: 3888 [CONTEXT service_id=218 ]
08-30 10:47:06.364 19309 19309 I NativoSDK: Inflated new view for NativeAd at position 3
08-30 10:47:06.368 19309 19309 D SampleApp: didPlaceAdInView: 3 AdData: net.nativo.sdk.NtvAdData@c4ae24f, hasAdContent: true, adType: NtvAdTypeNative, title: 10 Things You Can Do Instead of Snacking (Demo), adID: 168639
08-30 10:47:06.368 19309 19309 D NativoSDK: 206234191: Started tracking ad: 10 Things You Can Do Instead of Snacking (Demo)
08-30 10:47:06.368 19309 19309 D SampleApp: placing ad at position 3, available: true
08-30 10:47:06.368 19309 19309 D onBindViewHolder: At pos: 3
08-30 10:47:06.393 19309 19335 D EGL_emulation: app_time_stats: avg=93.06ms min=7.35ms max=721.43ms count=10
08-30 10:47:06.404 19309 19309 D NativoSDK: 206234191: CPM impression tracking fired.
08-30 10:47:06.432 19309 19309 D NativoSDK: 64452996: Viewable Impression tracking  fired.
08-30 10:47:06.555 19309 19309 D NativoSDK: 206234191: Pixel tracking fired
08-30 10:47:07.394 19309 19335 D EGL_emulation: app_time_stats: avg=18.08ms min=12.08ms max=34.47ms count=34
08-30 10:47:07.547   502   502 E libc    : The property "ro.build.fingerprint" has a value with length 95 that is too large for __system_property_get()/__system_property_read(); use __system_property_read_callback() instead.
08-30 10:47:07.755 19309 19309 D SampleApp: placing ad at position 5, available: false
08-30 10:47:07.767 19309 19309 D onBindViewHolder: At pos: 5
08-30 10:47:07.769 19309 19392 D NativoSDK: Section(http://www.nativo.net/test) set placeholder at: 5
08-30 10:47:07.775 19309 19394 D NativoSDK: Requesting ad in section: http://www.nativo.net/test at 5
08-30 10:47:07.778 19309 19309 D onBindViewHolder: At pos: 6
08-30 10:47:07.827 19309 19392 D NativoSDK: Section(http://www.nativo.net/test) set ad at: 5
08-30 10:47:07.851 19309 19309 D NativoSDK: Test ads enabled.
08-30 10:47:07.851 19309 19309 D SampleApp: Did receive ad: true
08-30 10:47:07.851 19309 19309 D SampleApp: didAssignAdToLocation: 5
08-30 10:47:07.987 19309 19309 D NativoSDK: 206234191: Viewable Impression tracking  fired.
08-30 10:47:08.200 19035 19051 W InteractionController: runAndwaitForEvents timed out waiting for events
08-30 10:47:08.200 19035 19051 D InteractionController: scrollSwipe reached scroll end: false
08-30 10:47:08.201 19035 19051 D UiScrollable: scrollForward() on selector = UiSelector[SCROLLABLE=true]
08-30 10:47:08.622 19309 19335 D EGL_emulation: app_time_stats: avg=28.83ms min=11.88ms max=353.01ms count=32
08-30 10:47:08.633 12003 19494 I ProvidersCache: Provider returned no roots. Possibly naughty: com.google.android.apps.docs.storage
08-30 10:47:08.864 19035 19051 I QueryController: Matched selector: UiSelector[SCROLLABLE=true] <<==>> [android.view.accessibility.AccessibilityNodeInfo@c3b4; boundsInParent: Rect(0, 0 - 1080, 1884); boundsInScreen: Rect(0, 352 - 1080, 2236); packageName: com.nativo.sampleapp; className: androidx.recyclerview.widget.RecyclerView; text: null; error: null; maxTextLength: -1; stateDescription: null; contentDescription: null; tooltipText: null; viewIdResName: com.nativo.sampleapp:id/recycler_list_view; checkable: false; checked: false; focusable: true; focused: false; selected: false; clickable: false; longClickable: false; contextClickable: false; enabled: true; password: false; scrollable: true; importantForAccessibility: true; visible: true; actions: [AccessibilityAction: ACTION_FOCUS - null, AccessibilityAction: ACTION_SELECT - null, AccessibilityAction: ACTION_CLEAR_SELECTION - null, AccessibilityAction: ACTION_ACCESSIBILITY_FOCUS - null, AccessibilityAction: ACTION_SCROLL_FORWARD - null, AccessibilityAction: ACTION_SCROLL_BACKWARD - null, AccessibilityAction: ACTION_SHOW_ON_SCREEN - null]]
08-30 10:47:08.865 19035 19051 D InteractionController: scrollSwipe (540, 2048, 540, 540, 55)
08-30 10:47:08.894   388   388 E android.hardware.power.stats@1.0-service-mock: Failed to getEnergyData
08-30 10:47:09.198 19309 19309 D SampleApp: placing ad at position 7, available: false
08-30 10:47:09.198 19309 19309 D onBindViewHolder: At pos: 7
08-30 10:47:09.199 19309 19392 D NativoSDK: Section(http://www.nativo.net/test) set placeholder at: 7
08-30 10:47:09.200 19309 19394 D NativoSDK: Requesting ad in section: http://www.nativo.net/test at 7
08-30 10:47:09.345 19309 19392 D NativoSDK: Section(http://www.nativo.net/test) set ad at: 7
08-30 10:47:09.352 19309 19309 D NativoSDK: Test ads enabled.
08-30 10:47:09.352 19309 19309 D SampleApp: Did receive ad: true
08-30 10:47:09.352 19309 19309 D SampleApp: didAssignAdToLocation: 7
08-30 10:47:09.462 19309 19309 D onBindViewHolder: At pos: 8
08-30 10:47:09.498 19309 19309 D SampleApp: placing ad at position 9, available: false
08-30 10:47:09.498 19309 19309 D onBindViewHolder: At pos: 9
08-30 10:47:09.499 19309 19392 D NativoSDK: Section(http://www.nativo.net/test) set placeholder at: 9
08-30 10:47:09.499 19309 19394 D NativoSDK: Requesting ad in section: http://www.nativo.net/test at 9
08-30 10:47:09.580 19309 19392 D NativoSDK: Section(http://www.nativo.net/test) set ad at: 9
08-30 10:47:09.580 19309 19309 D NativoSDK: Test ads enabled.
08-30 10:47:09.580 19309 19309 D SampleApp: Did receive ad: true
08-30 10:47:09.580 19309 19309 D SampleApp: didAssignAdToLocation: 9
08-30 10:47:09.640 19309 19335 D EGL_emulation: app_time_stats: avg=25.63ms min=12.75ms max=62.61ms count=32
08-30 10:47:10.161 19309 19309 D onBindViewHolder: At pos: 10
08-30 10:47:10.644 19309 19335 D EGL_emulation: app_time_stats: avg=19.79ms min=12.04ms max=43.70ms count=33
08-30 10:47:10.935 19035 19051 W InteractionController: runAndwaitForEvents timed out waiting for events
08-30 10:47:10.935 19035 19051 D InteractionController: scrollSwipe reached scroll end: false
08-30 10:47:10.935 19035 19051 D UiScrollable: scrollForward() on selector = UiSelector[SCROLLABLE=true]
08-30 10:47:11.363 19035 19051 I QueryController: Matched selector: UiSelector[SCROLLABLE=true] <<==>> [android.view.accessibility.AccessibilityNodeInfo@c3b4; boundsInParent: Rect(0, 0 - 1080, 1884); boundsInScreen: Rect(0, 352 - 1080, 2236); packageName: com.nativo.sampleapp; className: androidx.recyclerview.widget.RecyclerView; text: null; error: null; maxTextLength: -1; stateDescription: null; contentDescription: null; tooltipText: null; viewIdResName: com.nativo.sampleapp:id/recycler_list_view; checkable: false; checked: false; focusable: true; focused: false; selected: false; clickable: false; longClickable: false; contextClickable: false; enabled: true; password: false; scrollable: true; importantForAccessibility: true; visible: true; actions: [AccessibilityAction: ACTION_FOCUS - null, AccessibilityAction: ACTION_SELECT - null, AccessibilityAction: ACTION_CLEAR_SELECTION - null, AccessibilityAction: ACTION_ACCESSIBILITY_FOCUS - null, AccessibilityAction: ACTION_SCROLL_FORWARD - null, AccessibilityAction: ACTION_SCROLL_BACKWARD - null, AccessibilityAction: ACTION_SHOW_ON_SCREEN - null]]
08-30 10:47:11.364 19035 19051 D InteractionController: scrollSwipe (540, 2048, 540, 540, 55)
08-30 10:47:11.447 19309 19309 D SampleApp: placing ad at position 11, available: false
08-30 10:47:11.447 19309 19309 D onBindViewHolder: At pos: 11
08-30 10:47:11.448 19309 19392 D NativoSDK: Section(http://www.nativo.net/test) set placeholder at: 11
08-30 10:47:11.448 19309 19394 D NativoSDK: Requesting ad in section: http://www.nativo.net/test at 11
08-30 10:47:11.488 19309 19392 D NativoSDK: Section(http://www.nativo.net/test) set ad at: 11
08-30 10:47:11.491 19309 19309 D NativoSDK: Test ads enabled.
08-30 10:47:11.491 19309 19309 D SampleApp: Did receive ad: true
08-30 10:47:11.491 19309 19309 D SampleApp: didAssignAdToLocation: 11
08-30 10:47:11.653 19309 19335 D EGL_emulation: app_time_stats: avg=40.15ms min=12.10ms max=378.57ms count=22
08-30 10:47:11.745 19309 19309 D onBindViewHolder: At pos: 12
08-30 10:47:12.317 19309 19309 D SampleApp: placing ad at position 13, available: false
08-30 10:47:12.317 19309 19309 D onBindViewHolder: At pos: 13
08-30 10:47:12.319 19309 19392 D NativoSDK: Section(http://www.nativo.net/test) set placeholder at: 13
08-30 10:47:12.325 19309 19394 D NativoSDK: Requesting ad in section: http://www.nativo.net/test at 13
08-30 10:47:12.369 19309 19392 D NativoSDK: Section(http://www.nativo.net/test) set ad at: 13
08-30 10:47:12.370 19309 19309 D NativoSDK: Test ads enabled.
08-30 10:47:12.370 19309 19309 D SampleApp: Did receive ad: true
08-30 10:47:12.370 19309 19309 D SampleApp: didAssignAdToLocation: 13
08-30 10:47:12.670 19309 19335 D EGL_emulation: app_time_stats: avg=20.53ms min=12.46ms max=45.96ms count=37
08-30 10:47:13.103 19035 19051 W InteractionController: runAndwaitForEvents timed out waiting for events
08-30 10:47:13.103 19035 19051 D InteractionController: scrollSwipe reached scroll end: false
08-30 10:47:13.103 19035 19051 D UiScrollable: scrollForward() on selector = UiSelector[SCROLLABLE=true]
08-30 10:47:13.352  4676 19502 I GmscoreIpa: Starting mediastore instant index [CONTEXT service_id=255 ]
08-30 10:47:13.690 19309 19335 D EGL_emulation: app_time_stats: avg=30.86ms min=11.03ms max=368.84ms count=25
08-30 10:47:13.815 19035 19051 I QueryController: Matched selector: UiSelector[SCROLLABLE=true] <<==>> [android.view.accessibility.AccessibilityNodeInfo@c3b4; boundsInParent: Rect(0, 0 - 1080, 1884); boundsInScreen: Rect(0, 352 - 1080, 2236); packageName: com.nativo.sampleapp; className: androidx.recyclerview.widget.RecyclerView; text: null; error: null; maxTextLength: -1; stateDescription: null; contentDescription: null; tooltipText: null; viewIdResName: com.nativo.sampleapp:id/recycler_list_view; checkable: false; checked: false; focusable: true; focused: false; selected: false; clickable: false; longClickable: false; contextClickable: false; enabled: true; password: false; scrollable: true; importantForAccessibility: true; visible: true; actions: [AccessibilityAction: ACTION_FOCUS - null, AccessibilityAction: ACTION_SELECT - null, AccessibilityAction: ACTION_CLEAR_SELECTION - null, AccessibilityAction: ACTION_ACCESSIBILITY_FOCUS - null, AccessibilityAction: ACTION_SCROLL_FORWARD - null, AccessibilityAction: ACTION_SCROLL_BACKWARD - null, AccessibilityAction: ACTION_SHOW_ON_SCREEN - null]]
08-30 10:47:13.815 19035 19051 D InteractionController: scrollSwipe (540, 2048, 540, 540, 55)
08-30 10:47:13.891 19309 19309 D onBindViewHolder: At pos: 14
08-30 10:47:13.896 19309 19309 D SampleApp: placing ad at position 15, available: false
08-30 10:47:13.896 19309 19309 D onBindViewHolder: At pos: 15
08-30 10:47:13.897 19309 19392 D NativoSDK: Section(http://www.nativo.net/test) set placeholder at: 15
08-30 10:47:13.897 19309 19394 D NativoSDK: Requesting ad in section: http://www.nativo.net/test at 15
08-30 10:47:13.959 19309 19392 D NativoSDK: Section(http://www.nativo.net/test) set ad at: 15
08-30 10:47:13.960 19309 19309 D NativoSDK: Test ads enabled.
08-30 10:47:13.961 19309 19309 D SampleApp: Did receive ad: true
08-30 10:47:13.961 19309 19309 D SampleApp: didAssignAdToLocation: 15
08-30 10:47:14.486 12003 19507 I ProvidersCache: Provider returned no roots. Possibly naughty: com.google.android.apps.docs.storage
08-30 10:47:14.491 19309 19309 D onBindViewHolder: At pos: 16
08-30 10:47:14.530 19309 19309 D SampleApp: placing ad at position 17, available: false
08-30 10:47:14.530 19309 19309 D onBindViewHolder: At pos: 17
08-30 10:47:14.530 19309 19392 D NativoSDK: Section(http://www.nativo.net/test) set placeholder at: 17
08-30 10:47:14.538 19309 19394 D NativoSDK: Requesting ad in section: http://www.nativo.net/test at 17
08-30 10:47:14.586 19309 19392 D NativoSDK: Section(http://www.nativo.net/test) set ad at: 17
08-30 10:47:14.587 19309 19309 D NativoSDK: Test ads enabled.
08-30 10:47:14.587 19309 19309 D SampleApp: Did receive ad: true
08-30 10:47:14.587 19309 19309 D SampleApp: didAssignAdToLocation: 17
08-30 10:47:14.690 19309 19335 D EGL_emulation: app_time_stats: avg=23.16ms min=12.26ms max=72.07ms count=36
08-30 10:47:15.142 19309 19309 D onBindViewHolder: At pos: 18
08-30 10:47:15.148 19309 19309 D SampleApp: placing ad at position 19, available: false
08-30 10:47:15.148 19309 19309 D onBindViewHolder: At pos: 19
08-30 10:47:15.152 19309 19392 D NativoSDK: Section(http://www.nativo.net/test) set placeholder at: 19
08-30 10:47:15.154 19309 19394 D NativoSDK: Requesting ad in section: http://www.nativo.net/test at 19
08-30 10:47:15.196 19309 19392 D NativoSDK: Section(http://www.nativo.net/test) set ad at: 19
08-30 10:47:15.197 19309 19309 D NativoSDK: Test ads enabled.
08-30 10:47:15.197 19309 19309 D SampleApp: Did receive ad: true
08-30 10:47:15.197 19309 19309 D SampleApp: didAssignAdToLocation: 19
08-30 10:47:15.550 19035 19051 W InteractionController: runAndwaitForEvents timed out waiting for events
08-30 10:47:15.550 19035 19051 D InteractionController: scrollSwipe reached scroll end: false
08-30 10:47:15.550 19035 19051 D UiScrollable: scrollForward() on selector = UiSelector[SCROLLABLE=true]
08-30 10:47:15.954 19309 19335 D EGL_emulation: app_time_stats: avg=31.37ms min=12.74ms max=354.34ms count=35
08-30 10:47:16.045 12003 19513 I ProvidersCache: Provider returned no roots. Possibly naughty: com.google.android.apps.docs.storage
08-30 10:47:16.124 19035 19051 I QueryController: Matched selector: UiSelector[SCROLLABLE=true] <<==>> [android.view.accessibility.AccessibilityNodeInfo@c3b4; boundsInParent: Rect(0, 0 - 1080, 1884); boundsInScreen: Rect(0, 352 - 1080, 2236); packageName: com.nativo.sampleapp; className: androidx.recyclerview.widget.RecyclerView; text: null; error: null; maxTextLength: -1; stateDescription: null; contentDescription: null; tooltipText: null; viewIdResName: com.nativo.sampleapp:id/recycler_list_view; checkable: false; checked: false; focusable: true; focused: false; selected: false; clickable: false; longClickable: false; contextClickable: false; enabled: true; password: false; scrollable: true; importantForAccessibility: true; visible: true; actions: [AccessibilityAction: ACTION_FOCUS - null, AccessibilityAction: ACTION_SELECT - null, AccessibilityAction: ACTION_CLEAR_SELECTION - null, AccessibilityAction: ACTION_ACCESSIBILITY_FOCUS - null, AccessibilityAction: ACTION_SCROLL_FORWARD - null, AccessibilityAction: ACTION_SCROLL_BACKWARD - null, AccessibilityAction: ACTION_SHOW_ON_SCREEN - null]]
08-30 10:47:16.125 19035 19051 D InteractionController: scrollSwipe (540, 2048, 540, 540, 55)
08-30 10:47:16.711 19309 19309 D onBindViewHolder: At pos: 20
08-30 10:47:16.967 19309 19335 D EGL_emulation: app_time_stats: avg=20.31ms min=12.56ms max=31.14ms count=38
08-30 10:47:17.469 19309 19309 D SampleApp: placing ad at position 21, available: false
08-30 10:47:17.470 19309 19392 D NativoSDK: Section(http://www.nativo.net/test) set placeholder at: 21
08-30 10:47:17.470 19309 19394 D NativoSDK: Requesting ad in section: http://www.nativo.net/test at 21
08-30 10:47:17.470 19309 19309 D onBindViewHolder: At pos: 21
08-30 10:47:17.506 19309 19392 D NativoSDK: Section(http://www.nativo.net/test) set unfilled at: 21
08-30 10:47:17.534 19309 19309 D NativoSDK: Test ads enabled.
08-30 10:47:17.534 19309 19309 D SampleApp: Did receive ad: false
08-30 10:47:17.535 19309 19309 D SampleApp: onFail at location: 21 Error: com.nativo.core.NoFillError: No fill for ad request at 21
08-30 10:47:17.535 19309 19309 W SampleApp: Removing Nativo Ad! [Publisher Article 1, Nativo Placeholder 1, Publisher Article 2, Nativo Placeholder 2, Publisher Article 3, Nativo Placeholder 3, Publisher Article 4, Nativo Placeholder 4, Publisher Article 5, Nativo Placeholder 5, Publisher Article 6, Nativo Placeholder 6, Publisher Article 7, Nativo Placeholder 7, Publisher Article 8, Nativo Placeholder 8, Publisher Article 9, Nativo Placeholder 9, Publisher Article 10, Nativo Placeholder 10, Publisher Article 11, Nativo Placeholder 11]
08-30 10:47:17.968 19309 19335 D EGL_emulation: app_time_stats: avg=19.71ms min=11.48ms max=34.22ms count=36
08-30 10:47:17.970 19035 19051 W InteractionController: runAndwaitForEvents timed out waiting for events
08-30 10:47:17.970 19035 19051 D InteractionController: scrollSwipe reached scroll end: true
08-30 10:47:17.973 19035 19051 I PerfettoCapture: Stopping perfetto.
08-30 10:47:17.996 19474 19474 I perfetto: perfetto_cmd.cc:951     SIGINT/SIGTERM received: disabling tracing.
08-30 10:47:17.999 19035 19051 D Benchmark: kill -TERM command output -
08-30 10:47:18.002   478   478 I perfetto: probes_producer.cc:340  Producer stop (id=69)
08-30 10:47:18.133   478   478 I perfetto: ftrace_procfs.cc:213    disabled ftrace in /sys/kernel/tracing/
08-30 10:47:18.165 19035 19051 D Benchmark: Waiting 100 ms for [ProcessPid(processName=perfetto, pid=19474)] to die
08-30 10:47:18.294 19035 19051 D Benchmark: Waiting 100 ms for [ProcessPid(processName=perfetto, pid=19474)] to die
08-30 10:47:18.424 19035 19051 D Benchmark: Waiting 100 ms for [ProcessPid(processName=perfetto, pid=19474)] to die
08-30 10:47:18.439   478   478 I perfetto: probes_producer.cc:340  Producer stop (id=70)
08-30 10:47:18.439   478   478 I perfetto: probes_producer.cc:340  Producer stop (id=71)
08-30 10:47:18.470 19474 19474 I perfetto: perfetto_cmd.cc:913     Trace written into the output file
08-30 10:47:18.473   502   502 I perfetto: ng_service_impl.cc:2293 Tracing session 18 ended, total sessions:0
08-30 10:47:18.554 19035 19051 D Benchmark: Waiting 100 ms for [ProcessPid(processName=perfetto, pid=19474)] to die
08-30 10:47:18.585 19035 19051 I PerfettoCapture: Writing to /storage/emulated/0/Android/media/com.nativo.benchmark/ExampleStartupBenchmark_scrollCold_iter000_2022-08-30-17-47-17.perfetto-trace.
08-30 10:47:18.617  1402 17343 W MediaProvider: isAppCloneUserPair for user 0: false
08-30 10:47:18.714  4720 18965 I NetworkScheduler.Stats: Task com.google.android.gms/com.google.android.gms.ipa.base.IpaGcmTaskService started execution. cause:9 exec_start_elapsed_seconds: 3901 [CONTEXT service_id=218 ]
08-30 10:47:18.727  4720 18964 I NetworkScheduler.Stats: Task com.google.android.gms/com.google.android.gms.ipa.base.IpaGcmTaskService finished executing. cause:9 result: 1 elapsed_millis: 36 uptime_millis: 36 exec_start_elapsed_seconds: 3901 [CONTEXT service_id=218 ]
08-30 10:47:18.839 19035 19051 D Benchmark: Copying /storage/emulated/0/Android/media/com.nativo.benchmark/ExampleStartupBenchmark_scrollCold_iter000_2022-08-30-17-47-17.perfetto-trace to /sdcard/Android/media/com.nativo.benchmark/additional_test_output/ExampleStartupBenchmark_scrollCold_iter000_2022-08-30-17-47-17.perfetto-trace
08-30 10:47:18.870  1402 18478 W MediaProvider: isAppCloneUserPair for user 0: false
08-30 10:47:18.943  4720 19019 I NetworkScheduler.Stats: Task com.google.android.gms/com.google.android.gms.ipa.base.IpaGcmTaskService started execution. cause:9 exec_start_elapsed_seconds: 3901 [CONTEXT service_id=218 ]
08-30 10:47:18.951  4720 18965 I NetworkScheduler.Stats: Task com.google.android.gms/com.google.android.gms.ipa.base.IpaGcmTaskService finished executing. cause:9 result: 1 elapsed_millis: 37 uptime_millis: 37 exec_start_elapsed_seconds: 3901 [CONTEXT service_id=218 ]
08-30 10:47:19.011  1402 18478 W MediaProvider: isAppCloneUserPair for user 0: false
08-30 10:47:19.014 19035 19051 D PerfettoCapture: Supported ABIs: x86_64, arm64-v8a
08-30 10:47:19.022  1402 17683 W MediaProvider: isAppCloneUserPair for user 0: false
08-30 10:47:19.088  4720 19544 I NetworkScheduler.Stats: Task com.google.android.gms/com.google.android.gms.ipa.base.IpaGcmTaskService started execution. cause:9 exec_start_elapsed_seconds: 3901 [CONTEXT service_id=218 ]
08-30 10:47:19.105  4720 19019 I NetworkScheduler.Stats: Task com.google.android.gms/com.google.android.gms.ipa.base.IpaGcmTaskService finished executing. cause:9 result: 1 elapsed_millis: 30 uptime_millis: 30 exec_start_elapsed_seconds: 3901 [CONTEXT service_id=218 ]
08-30 10:47:19.269  1402 17343 I MediaProvider: Deleted 1 0 0 0 0 0 0 items on external_primary due to com.nativo.benchmark
08-30 10:47:19.340  4720 18965 I NetworkScheduler.Stats: Task com.google.android.gms/com.google.android.gms.ipa.base.IpaGcmTaskService started execution. cause:9 exec_start_elapsed_seconds: 3901 [CONTEXT service_id=218 ]
08-30 10:47:19.346  4720 19544 I NetworkScheduler.Stats: Task com.google.android.gms/com.google.android.gms.ipa.base.IpaGcmTaskService finished executing. cause:9 result: 1 elapsed_millis: 21 uptime_millis: 21 exec_start_elapsed_seconds: 3901 [CONTEXT service_id=218 ]
08-30 10:47:20.243 19551 19551 W perfetto: processor_shell.cc:1367 Trace loaded: 16.31 MB in 0.95s (17.2 MB/s)
08-30 10:47:20.249 19551 19551 W perfetto: _processor_shell.cc:619 Executing query: SELECT
08-30 10:47:20.249 19551 19551 W perfetto: slice.name as name,
08-30 10:47:20.249 19551 19551 W perfetto: slice.ts as ts,
08-30 10:47:20.249 19551 19551 W perfetto: slice.dur as dur
08-30 10:47:20.249 19551 19551 W perfetto: FROM slice
08-30 10:47:20.249 19551 19551 W perfetto: INNER JOIN thread_track on slice.track_id = thread_track.id
08-30 10:47:20.249 19551 19551 W perfetto: INNER JOIN thread USING(utid)
08-30 10:47:20.249 19551 19551 W perfetto: INNER JOIN process USING(upid)
08-30 10:47:20.249 19551 19551 W perfetto: WHERE (
08-30 10:47:20.249 19551 19551 W perfetto: ( slice.name LIKE "Choreographer#doFrame%" AND process.pid LIKE thread.tid ) OR
08-30 10:47:20.249 19551 19551 W perfetto: ( slice.name LIKE "DrawFrame%" AND thread.name like "RenderThread" )
08-30 10:47:20.249 19551 19551 W perfetto: ) AND (process.name LIKE "com.nativo.sampleapp" OR process.name LIKE "com.nativo.sampleapp:%")
08-30 10:47:20.249 19551 19551 W perfetto: UNION
08-30 10:47:20.249 19551 19551 W perfetto: SELECT
08-30 10:47:20.249 19551 19551 W perfetto: "actual " || actual_frame_timeline_slice.name as name,
08-30 10:47:20.249 19551 19551 W perfetto: actual_frame_timeline_slice.ts as ts,
08-30 10:47:20.249 19551 19551 W perfetto: actual_frame_timeline_slice.dur as dur
08-30 10:47:20.249 19551 19551 W perfetto: FROM actual_frame_timeline_slice
08-30 10:47:20.249 19551 19551 W perfetto: INNER JOIN process USING(upid)
08-30 10:47:20.249 19551 19551 W perfetto: WHERE
08-30 10:47:20.249 19551 19551 W perfetto: (process.name LIKE "com.nativo.sampleapp" OR process.name LIKE "com.nativo.sampleapp:%")
08-30 10:47:20.249 19551 19551 W perfetto: UNION
08-30 10:47:20.249 19551 19551 W perfetto: SELECT
08-30 10:47:20.249 19551 19551 W perfetto: "expected " || expected_frame_timeline_slice.name as name,
08-30 10:47:20.249 19551 19551 W perfetto: expected_frame_timeline_slice.ts as ts,
08-30 10:47:20.249 19551 19551 W perfetto: expected_frame_timeline_slice.dur as dur
08-30 10:47:20.249 19551 19551 W perfetto: FROM expected_frame_timeline_slice
08-30 10:47:20.249 19551 19551 W perfetto: INNER JOIN process USING(upid)
08-30 10:47:20.249 19551 19551 W perfetto: WHERE
08-30 10:47:20.249 19551 19551 W perfetto: (process.
08-30 10:47:20.412  1402 17053 I MediaProvider: Deleted 1 0 0 0 0 0 0 items on external_primary due to com.nativo.benchmark
08-30 10:47:20.414 19035 19051 I System.out: query result line "name","ts","dur"
08-30 10:47:20.414 19035 19051 I System.out: query result line "actual 60264",3888076882271,49456570
08-30 10:47:20.414 19035 19051 I System.out: query result line "expected 60264",3888076882271,16666666
08-30 10:47:20.414 19035 19051 I System.out: query result line "Choreographer#doFrame 60272",3888795112841,779000
08-30 10:47:20.414 19035 19051 I System.out: query result line "actual 60273",3888810211575,37632266
08-30 10:47:20.415 19035 19051 I System.out: query result line "expected 60273",3888810211575,16666666
08-30 10:47:20.415 19035 19051 I System.out: query result line "Choreographer#doFrame 60273",3888813106841,3788000
08-30 10:47:20.415 19035 19051 I System.out: query result line "DrawFrames 60273",3888815841841,33677000
08-30 10:47:20.416 19035 19051 I System.out: query result line "Choreographer#doFrame 60274",3888831332841,552000
08-30 10:47:20.416 19035 19051 I System.out: query result line "actual 60275",3888843544907,41685934
08-30 10:47:20.416 19035 19051 I System.out: query result line "expected 60275",3888843544907,16666666
08-30 10:47:20.416 19035 19051 I System.out: query result line "Choreographer#doFrame 60275",3888854310841,5304000
08-30 10:47:20.416 19035 19051 I System.out: query result line "DrawFrames 60275",3888858999841,25598000
08-30 10:47:20.416 19035 19051 I System.out: query result line "actual 60277",3888860211573,42296268
08-30 10:47:20.416 19035 19051 I System.out: query result line "expected 60277",3888860211573,16666666
08-30 10:47:20.416 19035 19051 I System.out: query result line "Choreographer#doFrame 60277",3888863803841,23607000
08-30 10:47:20.416 19035 19051 I System.out: query result line "actual 60278",3888876878239,51194602
08-30 10:47:20.416 19035 19051 I System.out: query result line "expected 60278",3888876878239,16666666
08-30 10:47:20.416 19035 19051 I System.out: query result line "DrawFrames 60277",3888884719841,29377000
08-30 10:47:20.416 19035 19051 I System.out: query result line "Choreographer#doFrame 60278",3888887964841,27321000
08-30 10:47:20.416 19035 19051 I System.out: query result line "actual 60280",3888893544905,62755936
08-30 10:47:20.416 19035 19051 I System.out: query result line "expected 60280",3888893544905,16666666
08-30 10:47:20.416 19035 19051 I System.out: query result line "DrawFrames 60278",3888914193841,28217000
08-30 10:47:20.416 19035 19051 I System.out: query result line "Choreographer#doFrame 60280",3888915639841,27489000
08-30 10:47:20.416 19035 19051 I System.out: query result line "actual 60284",3888926878237,60586604
08-30 10:47:20.416 19035 19051 I System.out: query result line "expected 60284",3888926878237,16666666
08-30 10:47:20.416 19035 19051 I System.out: query result line "DrawFrames 60280",3888942515841,31872000
08-30 10:47:20.416 19035 19051 I System.out: query result line "Choreographer#doFrame 60284",3888944666841,30419000
08-30 10:47:20.416 19035 19051 I System.out: query result line "actual 60288",3888960211569,67618272
08-30 10:47:20.416 19035 19051 I System.out: query result line "expected 60288",3888960211569,16666666
08-30 10:47:20.416 19035 19051 I System.out: query result line "DrawFrames 60284",3888974495841,34351000
08-30 10:47:20.417 19035 19051 I System.out: query result line "Choreographer#doFrame 60288",3888975446841,34719000
08-30 10:47:20.417 19035 19051 I System.out: query result line "actual 60290",3888976878235,65065606
08-30 10:47:20.417 19035 19051 I System.out: query result line "expected 60290",3888976878235,16666666
08-30 10:47:20.417 19035 19051 I System.out: query result line "DrawFrames 60288",3889008916841,18573000
08-30 10:47:20.418 19035 19051 I System.out: query result line "Choreographer#doFrame 60290",3889013221841,16751000
08-30 10:47:20.418 19035 19051 I System.out: query result line "DrawFrames 60290",3889028023841,30600000
08-30 10:47:20.418 19035 19051 I System.out: query result line "Choreographer#doFrame 60296",3889030240841,1999000
08-30 10:47:20.418 19035 19051 I System.out: query result line "actual 60298",3889043544899,31718942
08-30 10:47:20.418 19035 19051 I System.out: query result line "expected 60298",3889043544899,16666666
08-30 10:47:20.418 19035 19051 I System.out: query result line "Choreographer#doFrame 60298",3889045509841,13915000
08-30 10:47:20.418 19035 19051 I System.out: query result line "DrawFrames 60298",3889058736841,33124000
08-30 10:47:20.418 19035 19051 I System.out: query result line "actual 60300",3889060211565,45990276
08-30 10:47:20.418 19035 19051 I System.out: query result line "expected 60300",3889060211565,16666666
08-30 10:47:20.418 19035 19051 I System.out: query result line "Choreographer#doFrame 60300",3889064432841,28251000
08-30 10:47:20.418 19035 19051 I System.out: query result line "DrawFrames 60300",3889091959841,37311000
08-30 10:47:20.419 19035 19051 I System.out: query result line "Choreographer#doFrame 60302",3889093023841,738000
08-30 10:47:20.419 19035 19051 I System.out: query result line "actual 60304",3889093544897,64750944
08-30 10:47:20.419 19035 19051 I System.out: query result line "expected 60304",3889093544897,16666666
08-30 10:47:20.419 19035 19051 I System.out: query result line "Choreographer#doFrame 60304",3889095823841,34317000
08-30 10:47:20.419 19035 19051 I System.out: query result line "actual 60306",3889110211563,66939278
08-30 10:47:20.419 19035 19051 I System.out: query result line "expected 60306",3889110211563,16666666
08-30 10:47:20.419 19035 19051 I System.out: query result line "DrawFrames 60304",3889129392841,29645000
08-30 10:47:20.419 19035 19051 I System.out: query result line "Choreographer#doFrame 60306",3889130381841,29675000
08-30 10:47:20.419 19035 19051 I System.out: query result line "actual 60309",3889143544895,56525946
08-30 10:47:20.420 19035 19051 I System.out: query result line "expected 60309",3889143544895,16666666
08-30 10:47:20.420 19035 19051 I System.out: query result line "DrawFrames 60306",3889159133841,21283000
08-30 10:47:20.420 19035 19051 I System.out: query result line "Choreographer#doFrame 60309",3889161421841,20225000
08-30 10:47:20.420 19035 19051 I System.out: query result line "actual 60313",3889176878227,40691614
08-30 10:47:20.420 19035 19051 I System.out: query result line "expected 60313",3889176878227,16666666
08-30 10:47:20.420 19035 19051 I System.out: query result line "DrawFrames 60309",3889180543841,20741000
08-30 10:47:20.420 19035 19051 I System.out: query result line "Choreographer#doFrame 60313",3889182419841,19575000
