08-30 10:47:40.707 19035 19051 I QueryController: Matched selector: UiSelector[SCROLLABLE=true] <<==>> [android.view.accessibility.AccessibilityNodeInfo@c3b6; boundsInParent: Rect(0, 0 - 1080, 1884); boundsInScreen: Rect(0, 352 - 1080, 2236); packageName: com.nativo.sampleapp; className: androidx.recyclerview.widget.RecyclerView; text: null; error: null; maxTextLength: -1; stateDescription: null; contentDescription: null; tooltipText: null; viewIdResName: com.nativo.sampleapp:id/recycler_list_view; checkable: false; checked: false; focusable: true; focused: false; selected: false; clickable: false; longClickable: false; contextClickable: false; enabled: true; password: false; scrollable: true; importantForAccessibility: true; visible: true; actions: [AccessibilityAction: ACTION_FOCUS - null, AccessibilityAction: ACTION_SELECT - null, AccessibilityAction: ACTION_CLEAR_SELECTION - null, AccessibilityAction: ACTION_ACCESSIBILITY_FOCUS - null, AccessibilityAction: ACTION_SCROLL_FORWARD - null, AccessibilityAction: ACTION_SCROLL_BACKWARD - null, AccessibilityAction: ACTION_SHOW_ON_SCREEN - null]]
08-30 10:47:40.707 19035 19051 D InteractionController: scrollSwipe (540, 2048, 540, 540, 55)
08-30 10:47:40.778   414   554 D AudioFlinger: mixer(0x7caaa7d58a60) throttle end: throttle time(27)
08-30 10:47:40.872   414   554 D AudioFlinger: mixer(0x7caaa7d58a60) throttle end: throttle time(31)
08-30 10:47:40.873 19610 19808 D CCodecBuffers: [c2.android.aac.decoder#197:1D-Input.Impl[N]] codec released a buffer owned by client (index 2)
08-30 10:47:40.909 19610 19808 D CCodecBuffers: [c2.android.aac.decoder#197:1D-Input.Impl[N]] codec released a buffer owned by client (index 0)
08-30 10:47:40.953   414   554 D AudioFlinger: mixer(0x7caaa7d58a60) throttle end: throttle time(44)
08-30 10:47:41.037   414   554 D AudioFlinger: mixer(0x7caaa7d58a60) throttle end: throttle time(10)
08-30 10:47:41.219   414   554 D AudioFlinger: mixer(0x7caaa7d58a60) throttle end: throttle time(58)
08-30 10:47:41.275 19610 19808 D CCodecBuffers: [c2.android.aac.decoder#197:1D-Input.Impl[N]] codec released a buffer owned by client (index 1)
08-30 10:47:41.313   414   554 D AudioFlinger: mixer(0x7caaa7d58a60) throttle end: throttle time(40)
08-30 10:47:41.419 19610 19808 D CCodecBuffers: [c2.android.aac.decoder#197:1D-Input.Impl[N]] codec released a buffer owned by client (index 2)
08-30 10:47:41.424   414   554 D AudioFlinger: mixer(0x7caaa7d58a60) throttle end: throttle time(43)
08-30 10:47:41.464   414   554 D AudioFlinger: mixer(0x7caaa7d58a60) throttle end: throttle time(9)
08-30 10:47:41.576 19610 19817 D BufferPoolAccessor2.0: bufferpool2 0x79e102873c38 : 5(40960 size) total buffers - 4(32768 size) used buffers - 1/6 (recycle/alloc) - 5/314 (fetch/transfer)
08-30 10:47:41.580   529 19818 D BufferPoolAccessor2.0: bufferpool2 0x7a105b0e49c8 : 5(20480 size) total buffers - 1(4096 size) used buffers - 305/310 (recycle/alloc) - 6/309 (fetch/transfer)
08-30 10:47:41.608 19610 19808 D CCodecBuffers: [c2.android.aac.decoder#197:1D-Input.Impl[N]] codec released a buffer owned by client (index 3)
08-30 10:47:41.686 19610 19632 D EGL_emulation: app_time_stats: avg=48.77ms min=17.39ms max=122.48ms count=20
08-30 10:47:41.715 19610 19807 D BufferPoolAccessor2.0: evictor expired: 1, evicted: 1
08-30 10:47:41.877 19610 19680 D NativoSDK: Section(http://www.nativo.net/test) dequeued ad to: 13
08-30 10:47:41.886 19610 19610 I NativoSDK: Inflated new view for NativeVideoAd at position 13
08-30 10:47:41.887 19610 19802 E BufferQueueProducer: [SurfaceTexture-0-19610-1](id:4c9a00000002,api:3,p:19610,c:19610) queueBuffer: BufferQueue has been abandoned
08-30 10:47:41.890 19610 19802 E Codec2-OutputBufferQueue: outputBuffer -- queueBuffer() failed on bufferqueue-based block. Error = -19.
08-30 10:47:41.891 19610 19802 I CCodecBufferChannel: [c2.goldfish.h264.decoder#823] queueBuffer failed: -19
08-30 10:47:41.892 19610 19802 E MediaCodec: rendering to non-initilized(obsolete) surface
08-30 10:47:41.895 19610 19802 E MediaCodec: Codec reported err 0x80000000, actionCode 0, while in state 6/STARTED
08-30 10:47:41.896 19610 19802 D SurfaceUtils: disconnecting from surface 0x79e1a287b750, reason disconnectFromSurface
08-30 10:47:41.896 19610 19610 D SampleApp: didPlaceAdInView: 13 AdData: net.nativo.sdk.NtvAdData@67af105, hasAdContent: true, adType: NtvAdTypeVideoClickToPlay, title: Reboot, Recharge and Experience the Drama of AMC’s HUMANS (Demo), adID: 168646
08-30 10:47:41.896 19610 19802 E BufferQueueProducer: [SurfaceTexture-0-19610-1](id:4c9a00000002,api:3,p:19610,c:19610) cancelBuffer: BufferQueue has been abandoned
08-30 10:47:41.896 19610 19610 D NativoSDK: 108720389: Started tracking ad: Reboot, Recharge and Experience the Drama of AMC’s HUMANS (Demo)
08-30 10:47:41.896 19610 19610 D SampleApp: placing ad at position 13, available: true
08-30 10:47:41.896 19610 19610 D onBindViewHolder: At pos: 13
08-30 10:47:41.898 19610 19610 D SampleApp: didAssignAdToLocation: 13
08-30 10:47:41.901 19610 19802 E BufferQueueProducer: [SurfaceTexture-0-19610-1](id:4c9a00000002,api:3,p:19610,c:19610) cancelBuffer: BufferQueue has been abandoned
08-30 10:47:41.901 19610 19802 E BufferQueueProducer: [SurfaceTexture-0-19610-1](id:4c9a00000002,api:3,p:19610,c:19610) cancelBuffer: BufferQueue has been abandoned
08-30 10:47:41.901 19610 19802 E BufferQueueProducer: [SurfaceTexture-0-19610-1](id:4c9a00000002,api:3,p:19610,c:19610) cancelBuffer: BufferQueue has been abandoned
08-30 10:47:41.901 19610 19802 E BufferQueueProducer: [SurfaceTexture-0-19610-1](id:4c9a00000002,api:3,p:19610,c:19610) cancelBuffer: BufferQueue has been abandoned
08-30 10:47:41.901 19610 19802 E BufferQueueProducer: [SurfaceTexture-0-19610-1](id:4c9a00000002,api:3,p:19610,c:19610) cancelBuffer: BufferQueue has been abandoned
08-30 10:47:41.902 19610 19802 E BufferQueueProducer: [SurfaceTexture-0-19610-1](id:4c9a00000002,api:3,p:19610,c:19610) cancelBuffer: BufferQueue has been abandoned
08-30 10:47:41.902 19610 19802 E BufferQueueProducer: [SurfaceTexture-0-19610-1](id:4c9a00000002,api:3,p:19610,c:19610) cancelBuffer: BufferQueue has been abandoned
08-30 10:47:41.902 19610 19802 E BufferQueueProducer: [SurfaceTexture-0-19610-1](id:4c9a00000002,api:3,p:19610,c:19610) cancelBuffer: BufferQueue has been abandoned
08-30 10:47:41.902 19610 19802 E BufferQueueProducer: [SurfaceTexture-0-19610-1](id:4c9a00000002,api:3,p:19610,c:19610) cancelBuffer: BufferQueue has been abandoned
08-30 10:47:41.906 19610 19791 E MediaCodecVideoRenderer: Video codec error
08-30 10:47:41.906 19610 19791 E MediaCodecVideoRenderer:   android.media.MediaCodec$CodecException: Error 0xffffffed
08-30 10:47:41.906 19610 19791 E MediaCodecVideoRenderer:       at android.media.MediaCodec.releaseOutputBuffer(Native Method)
08-30 10:47:41.906 19610 19791 E MediaCodecVideoRenderer:       at android.media.MediaCodec.releaseOutputBufferInternal(MediaCodec.java:3651)
08-30 10:47:41.906 19610 19791 E MediaCodecVideoRenderer:       at android.media.MediaCodec.releaseOutputBuffer(MediaCodec.java:3625)
08-30 10:47:41.906 19610 19791 E MediaCodecVideoRenderer:       at s.m.a(SynchronousMediaCodecAdapter.java:9)
08-30 10:47:41.906 19610 19791 E MediaCodecVideoRenderer:       at q0.h.a(MediaCodecVideoRenderer.java:639)
08-30 10:47:41.906 19610 19791 E MediaCodecVideoRenderer:       at q0.h.a(MediaCodecVideoRenderer.java:156)
08-30 10:47:41.906 19610 19791 E MediaCodecVideoRenderer:       at s.j.c(MediaCodecRenderer.java:114)
08-30 10:47:41.906 19610 19791 E MediaCodecVideoRenderer:       at s.j.a(MediaCodecRenderer.java:74)
08-30 10:47:41.906 19610 19791 E MediaCodecVideoRenderer:       at b.r.a(ExoPlayerImplInternal.java:307)
08-30 10:47:41.906 19610 19791 E MediaCodecVideoRenderer:       at b.r.handleMessage(ExoPlayerImplInternal.java:104)
08-30 10:47:41.906 19610 19791 E MediaCodecVideoRenderer:       at android.os.Handler.dispatchMessage(Handler.java:102)
08-30 10:47:41.906 19610 19791 E MediaCodecVideoRenderer:       at android.os.Looper.loopOnce(Looper.java:201)
08-30 10:47:41.906 19610 19791 E MediaCodecVideoRenderer:       at android.os.Looper.loop(Looper.java:288)
08-30 10:47:41.906 19610 19791 E MediaCodecVideoRenderer:       at android.os.HandlerThread.run(HandlerThread.java:67)
08-30 10:47:41.909 19610 19682 D NativoSDK: Requesting ad in section: http://www.nativo.net/test
08-30 10:47:41.914 19610 19791 E ExoPlayerImplInternal: Playback error
08-30 10:47:41.914 19610 19791 E ExoPlayerImplInternal:   b.n: MediaCodecVideoRenderer error, index=0, format=Format(2, null, null, video/avc, avc1.42C01F, -1, null, [1280, 720, 29.969498], [-1, -1]), format_supported=YES
08-30 10:47:41.914 19610 19791 E ExoPlayerImplInternal:       at b.r.handleMessage(ExoPlayerImplInternal.java:273)
08-30 10:47:41.914 19610 19791 E ExoPlayerImplInternal:       at android.os.Handler.dispatchMessage(Handler.java:102)
08-30 10:47:41.914 19610 19791 E ExoPlayerImplInternal:       at android.os.Looper.loopOnce(Looper.java:201)
08-30 10:47:41.914 19610 19791 E ExoPlayerImplInternal:       at android.os.Looper.loop(Looper.java:288)
08-30 10:47:41.914 19610 19791 E ExoPlayerImplInternal:       at android.os.HandlerThread.run(HandlerThread.java:67)
08-30 10:47:41.914 19610 19791 E ExoPlayerImplInternal:   Caused by: q0.g: Decoder failed: c2.goldfish.h264.decoder
08-30 10:47:41.914 19610 19791 E ExoPlayerImplInternal:       at q0.h.a(MediaCodecVideoRenderer.java:645)
08-30 10:47:41.914 19610 19791 E ExoPlayerImplInternal:       at s.j.a(MediaCodecRenderer.java:100)
08-30 10:47:41.914 19610 19791 E ExoPlayerImplInternal:       at b.r.a(ExoPlayerImplInternal.java:307)
08-30 10:47:41.914 19610 19791 E ExoPlayerImplInternal:       at b.r.handleMessage(ExoPlayerImplInternal.java:104)
08-30 10:47:41.914 19610 19791 E ExoPlayerImplInternal:       ... 4 more
08-30 10:47:41.914 19610 19791 E ExoPlayerImplInternal:   Caused by: android.media.MediaCodec$CodecException: Error 0xffffffed
08-30 10:47:41.914 19610 19791 E ExoPlayerImplInternal:       at android.media.MediaCodec.releaseOutputBuffer(Native Method)
08-30 10:47:41.914 19610 19791 E ExoPlayerImplInternal:       at android.media.MediaCodec.releaseOutputBufferInternal(MediaCodec.java:3651)
08-30 10:47:41.914 19610 19791 E ExoPlayerImplInternal:       at android.media.MediaCodec.releaseOutputBuffer(MediaCodec.java:3625)
08-30 10:47:41.914 19610 19791 E ExoPlayerImplInternal:       at s.m.a(SynchronousMediaCodecAdapter.java:9)
08-30 10:47:41.914 19610 19791 E ExoPlayerImplInternal:       at q0.h.a(MediaCodecVideoRenderer.java:639)
08-30 10:47:41.914 19610 19791 E ExoPlayerImplInternal:       at q0.h.a(MediaCodecVideoRenderer.java:156)
08-30 10:47:41.914 19610 19791 E ExoPlayerImplInternal:       at s.j.c(MediaCodecRenderer.java:114)
08-30 10:47:41.914 19610 19791 E ExoPlayerImplInternal:       at s.j.a(MediaCodecRenderer.java:74)
08-30 10:47:41.914 19610 19791 E ExoPlayerImplInternal:       ... 6 more
08-30 10:47:41.923   439   439 E SurfaceFlinger: Attempt to set frame rate on an unrecognized IGraphicBufferProducer
08-30 10:47:41.926 19610 19791 E ExoPlayerImplInternal: Disable failed.
08-30 10:47:41.926 19610 19791 E ExoPlayerImplInternal:   java.lang.IllegalStateException
08-30 10:47:41.926 19610 19791 E ExoPlayerImplInternal:       at android.media.MediaCodec.native_flush(Native Method)
08-30 10:47:41.926 19610 19791 E ExoPlayerImplInternal:       at android.media.MediaCodec.flush(MediaCodec.java:2350)
08-30 10:47:41.926 19610 19791 E ExoPlayerImplInternal:       at s.m.a(SynchronousMediaCodecAdapter.java:10)
08-30 10:47:41.926 19610 19791 E ExoPlayerImplInternal:       at s.j.D(MediaCodecRenderer.java:1)
08-30 10:47:41.926 19610 19791 E ExoPlayerImplInternal:       at s.j.F(MediaCodecRenderer.java:11)
08-30 10:47:41.926 19610 19791 E ExoPlayerImplInternal:       at s.j.v(MediaCodecRenderer.java:5)
08-30 10:47:41.926 19610 19791 E ExoPlayerImplInternal:       at q0.h.v(MediaCodecVideoRenderer.java:12)
08-30 10:47:41.926 19610 19791 E ExoPlayerImplInternal:       at b.f.f(BaseRenderer.java:7)
08-30 10:47:41.926 19610 19791 E ExoPlayerImplInternal:       at b.r.a(ExoPlayerImplInternal.java:1483)
08-30 10:47:41.926 19610 19791 E ExoPlayerImplInternal:       at b.r.a(ExoPlayerImplInternal.java:682)
08-30 10:47:41.926 19610 19791 E ExoPlayerImplInternal:       at b.r.a(ExoPlayerImplInternal.java:661)
08-30 10:47:41.926 19610 19791 E ExoPlayerImplInternal:       at b.r.handleMessage(ExoPlayerImplInternal.java:292)
08-30 10:47:41.926 19610 19791 E ExoPlayerImplInternal:       at android.os.Handler.dispatchMessage(Handler.java:102)
08-30 10:47:41.926 19610 19791 E ExoPlayerImplInternal:       at android.os.Looper.loopOnce(Looper.java:201)
08-30 10:47:41.926 19610 19791 E ExoPlayerImplInternal:       at android.os.Looper.loop(Looper.java:288)
08-30 10:47:41.926 19610 19791 E ExoPlayerImplInternal:       at android.os.HandlerThread.run(HandlerThread.java:67)
08-30 10:47:41.934 19610 19817 D CCodecBuffers: [c2.android.aac.decoder#197:1D-Output.Impl[N]] Client returned a buffer it does not own according to our record: 0
08-30 10:47:41.935 19610 19817 D CCodecBuffers: [c2.android.aac.decoder#197:1D-Output.Impl[N]] Client returned a buffer it does not own according to our record: 1
08-30 10:47:41.935 19610 19817 D CCodecBuffers: [c2.android.aac.decoder#197:1D-Output.Impl[N]] Client returned a buffer it does not own according to our record: 2
08-30 10:47:41.938 19610 19817 I CCodecConfig: query failed after returning 19 values (BAD_INDEX)
08-30 10:47:41.945 19610 19817 W Codec2Client: query -- param skipped: index = 1342179345.
08-30 10:47:41.946 19610 19817 W Codec2Client: query -- param skipped: index = 2415921170.
08-30 10:47:41.946 19610 19817 W Codec2Client: query -- param skipped: index = 1610614798.
08-30 10:47:41.949 19610 19802 D CCodecBufferChannel: [c2.goldfish.h264.decoder#823] MediaCodec discarded an unknown buffer
08-30 10:47:41.949 19610 19802 D CCodecBufferChannel: [c2.goldfish.h264.decoder#823] MediaCodec discarded an unknown buffer
08-30 10:47:41.949 19610 19802 D CCodecBufferChannel: [c2.goldfish.h264.decoder#823] MediaCodec discarded an unknown buffer
08-30 10:47:41.952 19610 19802 D CCodecBufferChannel: [c2.goldfish.h264.decoder#823] MediaCodec discarded an unknown buffer
08-30 10:47:41.957 19610 19817 D CCodecBufferChannel: [c2.android.aac.decoder#197] MediaCodec discarded an unknown buffer
08-30 10:47:41.960 19610 19817 D CCodecBufferChannel: [c2.android.aac.decoder#197] MediaCodec discarded an unknown buffer
08-30 10:47:41.963 19610 19817 D CCodecBufferChannel: [c2.android.aac.decoder#197] MediaCodec discarded an unknown buffer
08-30 10:47:41.964 19610 19817 D CCodecBufferChannel: [c2.android.aac.decoder#197] MediaCodec discarded an unknown buffer
08-30 10:47:41.975   366   366 E android.hardware.audio@7.0-impl.ranchu: device/generic/goldfish/audio/stream_out.cpp:updateSourceMetadata:377 failure: Result::NOT_SUPPORTED
08-30 10:47:41.977 19610 19828 I hw-BpHwBinder: onLastStrongRef automatically unlinking death recipients
08-30 10:47:41.978 19610 19808 E BufferQueueProducer: [SurfaceTexture-0-19610-1](id:4c9a00000002,api:3,p:19610,c:19610) detachBuffer: BufferQueue has been abandoned
08-30 10:47:41.985   382   911 I GoldfishComponentStore: in ~ComponentModule
08-30 10:47:41.986   382   911 I GoldfishComponentStore: unloading dll
08-30 10:47:42.012 19610 19610 D NativoSDK: 108720389: CPM impression tracking fired.
08-30 10:47:42.014 19610 19610 D NativoSDK: 108720389: Pixel tracking fired
08-30 10:47:42.016 19610 19610 D NativoSDK: Releasing mediaPlayer at position 9 due to error.
08-30 10:47:42.018 19610 19610 I ExoPlayerImpl: Release 2837e9a [ExoPlayerLib/2.15.1] [emulator64_x86_64_arm64, sdk_gphone64_x86_64, Google, 32] [goog.exo.core]
08-30 10:47:42.027 19610 19817 I hw-BpHwBinder: onLastStrongRef automatically unlinking death recipients
08-30 10:47:42.027   529 15086 I hw-BpHwBinder: onLastStrongRef automatically unlinking death recipients
08-30 10:47:42.028   529 15086 V C2Store : in ~ComponentModule
08-30 10:47:42.028   529 15086 V C2Store : unloading dll
08-30 10:47:42.046 19610 19680 D NativoSDK: Section(http://www.nativo.net/test) set ad in prefetch queue
08-30 10:47:42.088 19610 19610 D NativoSDK: Test ads enabled.
08-30 10:47:42.088 19610 19610 D SampleApp: Did receive ad: true
08-30 10:47:42.347 19610 19610 D onBindViewHolder: At pos: 14
08-30 10:47:42.713 19610 19632 D EGL_emulation: app_time_stats: avg=32.16ms min=11.72ms max=113.32ms count=30
08-30 10:47:43.253 19035 19051 W InteractionController: runAndwaitForEvents timed out waiting for events
08-30 10:47:43.253 19035 19051 D InteractionController: scrollSwipe reached scroll end: false
08-30 10:47:43.253 19035 19051 D UiScrollable: scrollForward() on selector = UiSelector[SCROLLABLE=true]
08-30 10:47:43.575 19610 19610 D NativoSDK: 108720389: Viewable Impression tracking  fired.
08-30 10:47:43.726 19610 19632 D EGL_emulation: app_time_stats: avg=37.87ms min=12.29ms max=362.39ms count=25
08-30 10:47:43.926 19035 19051 I QueryController: Matched selector: UiSelector[SCROLLABLE=true] <<==>> [android.view.accessibility.AccessibilityNodeInfo@c3b6; boundsInParent: Rect(0, 0 - 1080, 1884); boundsInScreen: Rect(0, 352 - 1080, 2236); packageName: com.nativo.sampleapp; className: androidx.recyclerview.widget.RecyclerView; text: null; error: null; maxTextLength: -1; stateDescription: null; contentDescription: null; tooltipText: null; viewIdResName: com.nativo.sampleapp:id/recycler_list_view; checkable: false; checked: false; focusable: true; focused: false; selected: false; clickable: false; longClickable: false; contextClickable: false; enabled: true; password: false; scrollable: true; importantForAccessibility: true; visible: true; actions: [AccessibilityAction: ACTION_FOCUS - null, AccessibilityAction: ACTION_SELECT - null, AccessibilityAction: ACTION_CLEAR_SELECTION - null, AccessibilityAction: ACTION_ACCESSIBILITY_FOCUS - null, AccessibilityAction: ACTION_SCROLL_FORWARD - null, AccessibilityAction: ACTION_SCROLL_BACKWARD - null, AccessibilityAction: ACTION_SHOW_ON_SCREEN - null]]
08-30 10:47:43.926 19035 19051 D InteractionController: scrollSwipe (540, 2048, 540, 540, 55)
08-30 10:47:44.247 19610 19680 D NativoSDK: Section(http://www.nativo.net/test) dequeued ad to: 15
08-30 10:47:44.251 19610 19610 I NativoSDK: Recycling ad of type NativeAd at position 15
08-30 10:47:44.263 19610 19610 D SampleApp: didPlaceAdInView: 15 AdData: net.nativo.sdk.NtvAdData@5a17686, hasAdContent: true, adType: NtvAdTypeStory, title: Test Ad for Stories, adID: 350180
08-30 10:47:44.264 19610 19610 D NativoSDK: 94467718: Third party tags for CPM impression will be fired.
08-30 10:47:44.274 19610 19610 D NativoSDK: 94467718: Started tracking ad: Test Ad for Stories
08-30 10:47:44.274 19610 19610 D SampleApp: placing ad at position 15, available: true
08-30 10:47:44.274 19610 19610 D onBindViewHolder: At pos: 15
08-30 10:47:44.275 19610 19610 D SampleApp: didAssignAdToLocation: 15
08-30 10:47:44.287 19610 19682 D NativoSDK: Requesting ad in section: http://www.nativo.net/test
08-30 10:47:44.316 19610 19610 D NativoSDK: 94467718: CPM impression tracking fired.
08-30 10:47:44.359 19610 19680 D NativoSDK: Section(http://www.nativo.net/test) set ad in prefetch queue
08-30 10:47:44.403 19610 19610 D NativoSDK: Test ads enabled.
08-30 10:47:44.404 19610 19610 D SampleApp: Did receive ad: true
08-30 10:47:44.437 19610 19610 D NativoSDK: 94467718: Pixel tracking fired
08-30 10:47:44.450 19610 19610 D onBindViewHolder: At pos: 16
08-30 10:47:44.726 19610 19632 D EGL_emulation: app_time_stats: avg=26.40ms min=13.59ms max=49.82ms count=33
08-30 10:47:45.727 19610 19632 D EGL_emulation: app_time_stats: avg=24.16ms min=13.97ms max=38.47ms count=38
08-30 10:47:45.792 19035 19051 W InteractionController: runAndwaitForEvents timed out waiting for events
08-30 10:47:45.792 19035 19051 D InteractionController: scrollSwipe reached scroll end: false
08-30 10:47:45.792 19035 19051 D UiScrollable: scrollForward() on selector = UiSelector[SCROLLABLE=true]
08-30 10:47:45.819 19610 19610 D NativoSDK: 94467718: Viewable Impression tracking  fired.
08-30 10:47:46.402 19035 19051 I QueryController: Matched selector: UiSelector[SCROLLABLE=true] <<==>> [android.view.accessibility.AccessibilityNodeInfo@c3b6; boundsInParent: Rect(0, 0 - 1080, 1884); boundsInScreen: Rect(0, 352 - 1080, 2236); packageName: com.nativo.sampleapp; className: androidx.recyclerview.widget.RecyclerView; text: null; error: null; maxTextLength: -1; stateDescription: null; contentDescription: null; tooltipText: null; viewIdResName: com.nativo.sampleapp:id/recycler_list_view; checkable: false; checked: false; focusable: true; focused: false; selected: false; clickable: false; longClickable: false; contextClickable: false; enabled: true; password: false; scrollable: true; importantForAccessibility: true; visible: true; actions: [AccessibilityAction: ACTION_FOCUS - null, AccessibilityAction: ACTION_SELECT - null, AccessibilityAction: ACTION_CLEAR_SELECTION - null, AccessibilityAction: ACTION_ACCESSIBILITY_FOCUS - null, AccessibilityAction: ACTION_SCROLL_FORWARD - null, AccessibilityAction: ACTION_SCROLL_BACKWARD - null, AccessibilityAction: ACTION_SHOW_ON_SCREEN - null]]
08-30 10:47:46.402 19035 19051 D InteractionController: scrollSwipe (540, 2048, 540, 540, 55)
08-30 10:47:46.515 19610 19680 D NativoSDK: Section(http://www.nativo.net/test) dequeued ad to: 17
08-30 10:47:46.533 19610 19610 I NativoSDK: Inflated new view for NativeVideoAd at position 17
08-30 10:47:46.534 19610 19610 D SampleApp: didPlaceAdInView: 17 AdData: net.nativo.sdk.NtvAdData@9807b47, hasAdContent: true, adType: NtvAdTypeVideoScrollToPlay, title: [Demo], adID: 180314
08-30 10:47:46.536 19610 19610 D NativoSDK: 159415111: Started tracking ad: [Demo]
08-30 10:47:46.536 19610 19610 D SampleApp: placing ad at position 17, available: true
08-30 10:47:46.536 19610 19610 D onBindViewHolder: At pos: 17
08-30 10:47:46.536 19610 19610 D SampleApp: didAssignAdToLocation: 17
08-30 10:47:46.539 19610 19637 D NativoSDK: Requesting ad in section: http://www.nativo.net/test
08-30 10:47:46.553 19610 19610 I ExoPlayerImpl: Init 888a709 [ExoPlayerLib/2.15.1] [emulator64_x86_64_arm64, sdk_gphone64_x86_64, Google, 32]
08-30 10:47:46.574 19610 19610 D NativoSDK: Attempting to load video source: https://ntvassets-a.akamaihd.net/FDFF56BBD95540629D5CE9CD020FD7D3.m3u8
08-30 10:47:46.579 19610 19610 D NativoSDK: Attempting to load video source: https://ntvassets-a.akamaihd.net/FDFF56BBD95540629D5CE9CD020FD7D3_720p.mp4
08-30 10:47:46.579   439   439 E SurfaceFlinger: Attempt to set frame rate on an unrecognized IGraphicBufferProducer
08-30 10:47:46.594 19610 19680 D NativoSDK: Section(http://www.nativo.net/test) set ad in prefetch queue
08-30 10:47:46.607 19610 19610 D NativoSDK: 159415111: CPM impression tracking fired.
08-30 10:47:46.634 19610 19610 D NativoSDK: Test ads enabled.
08-30 10:47:46.635 19610 19610 D SampleApp: Did receive ad: true
08-30 10:47:46.684 19610 19836 D CCodec  : allocate(c2.goldfish.h264.decoder)
08-30 10:47:46.699 19610 19836 I CCodec  : setting up 'default' as default (vendor) store
08-30 10:47:46.702   382   911 I GoldfishComponentStore: in init
08-30 10:47:46.703   382   911 I GoldfishComponentStore: loading dll of path libcodec2_goldfish_avcdec.so
08-30 10:47:46.703   382   911 I GoldfishComponentStore: Create()
08-30 10:47:46.704   382   911 I GoldfishComponentStore: created interface
08-30 10:47:46.705   382   911 I GoldfishComponentStore: created component
08-30 10:47:46.733 19610 19836 I CCodec  : Created component [c2.goldfish.h264.decoder]
08-30 10:47:46.737 19610 19836 D CCodecConfig: read media type: video/avc
08-30 10:47:46.747 19610 19632 D EGL_emulation: app_time_stats: avg=37.41ms min=10.96ms max=348.20ms count=25
08-30 10:47:46.780 19610 19836 D ReflectedParamUpdater: extent() != 1 for single value type: algo.buffers.max-count.values
08-30 10:47:46.795 19610 19836 D ReflectedParamUpdater: extent() != 1 for single value type: output.subscribed-indices.values
08-30 10:47:46.797 19610 19836 D ReflectedParamUpdater: extent() != 1 for single value type: input.buffers.allocator-ids.values
08-30 10:47:46.799 19610 19836 D ReflectedParamUpdater: extent() != 1 for single value type: output.buffers.allocator-ids.values
08-30 10:47:46.801 19610 19836 D ReflectedParamUpdater: extent() != 1 for single value type: algo.buffers.allocator-ids.values
08-30 10:47:46.803 19610 19836 D ReflectedParamUpdater: extent() != 1 for single value type: output.buffers.pool-ids.values
08-30 10:47:46.804 19610 19836 D ReflectedParamUpdater: extent() != 1 for single value type: algo.buffers.pool-ids.values
08-30 10:47:46.826 19610 19610 D NativoSDK: 159415111: Pixel tracking fired
08-30 10:47:46.840 19610 19836 D ReflectedParamUpdater: ignored struct field coded.color-format.locations
08-30 10:47:46.866 19610 19836 D CCodecConfig: ignoring local param raw.size (0xd2001800) as it is already supported
08-30 10:47:46.866 19610 19836 D CCodecConfig: ignoring local param default.color (0x5200180b) as it is already supported
08-30 10:47:46.866 19610 19836 D ReflectedParamUpdater: ignored struct field raw.hdr-static-info.mastering
08-30 10:47:46.870 19610 19836 I CCodecConfig: query failed after returning 12 values (BAD_INDEX)
08-30 10:47:46.871 19610 19836 D CCodecConfig: c2 config diff is Dict {
08-30 10:47:46.871 19610 19836 D CCodecConfig:   c2::u32 coded.pl.level = 20496
08-30 10:47:46.871 19610 19836 D CCodecConfig:   c2::u32 coded.pl.profile = 20481
08-30 10:47:46.871 19610 19836 D CCodecConfig:   c2::u32 coded.vui.color.matrix = 0
08-30 10:47:46.871 19610 19836 D CCodecConfig:   c2::u32 coded.vui.color.primaries = 0
08-30 10:47:46.871 19610 19836 D CCodecConfig:   c2::u32 coded.vui.color.range = 2
08-30 10:47:46.871 19610 19836 D CCodecConfig:   c2::u32 coded.vui.color.transfer = 0
08-30 10:47:46.871 19610 19836 D CCodecConfig:   c2::u32 default.color.matrix = 0
08-30 10:47:46.871 19610 19836 D CCodecConfig:   c2::u32 default.color.primaries = 0
08-30 10:47:46.871 19610 19836 D CCodecConfig:   c2::u32 default.color.range = 0
08-30 10:47:46.871 19610 19836 D CCodecConfig:   c2::u32 default.color.transfer = 0
08-30 10:47:46.871 19610 19836 D CCodecConfig:   c2::u32 input.buffers.max-size.value = 2097152
08-30 10:47:46.871 19610 19836 D CCodecConfig:   c2::u32 input.delay.value = 0
08-30 10:47:46.871 19610 19836 D CCodecConfig:   string input.media-type.value = "video/avc"
08-30 10:47:46.871 19610 19836 D CCodecConfig:   c2::u32 output.delay.value = 8
08-30 10:47:46.871 19610 19836 D CCodecConfig:   string output.media-type.value = "video/raw"
08-30 10:47:46.871 19610 19836 D CCodecConfig:   c2::u32 raw.color.matrix = 0
08-30 10:47:46.871 19610 19836 D CCodecConfig:   c2::u32 raw.color.primaries = 0
08-30 10:47:46.871 19610 19836 D CCodecConfig:   c2::u32 raw.color.range = 2
08-30 10:47:46.871 19610 19836 D CCodecConfig:   c2::u32 raw.color.transfer = 0
08-30 10:47:46.871 19610 19836 D CCodecConfig:   c2::u32 raw.max-size.height = 240
08-30 10:47:46.871 19610 19836 D CCodecConfig:   c2::u32 raw.max-size.width = 320
08-30 10:47:46.871 19610 19836 D CCodecConfig:   c2::u32 raw.pixel-format.value = 35
08-30 10:47:46.871 19610 19836 D CCodecConfig:   c2::i32 raw.rotation.flip = 0
08-30 10:47:46.871 19610 19836 D CCodecConfig:   c2::i32 raw.rotation.value = 0
08-30 10:47:46.871 19610 19836 D CCodecConfig:   c2::u32 raw.sar.height = 1
08-30 10:47:46.871 19610 19836 D CCodecConfig:   c2::u32 raw.sar.width = 1
08-30 10:47:46.871 19610 19836 D CCodecConfig:   c2::u32 raw.size.height = 240
08-30 10:47:46.871 19610 19836 D CCodecConfig:   c2::u32 raw.size.width = 320
08-30 10:47:46.871 19610 19836 D CCodecConfig:   c2:
08-30 10:47:46.871 19610 19836 W ColorUtils: expected specified color aspects (2:0:0:0)
08-30 10:47:46.881 19610 19835 D SurfaceUtils: connecting to surface 0x79e1a287fb70, reason connectToSurface
08-30 10:47:46.883 19610 19835 I MediaCodec: [c2.goldfish.h264.decoder] setting surface generation to 20080642
08-30 10:47:46.886 19610 19835 D SurfaceUtils: disconnecting from surface 0x79e1a287fb70, reason connectToSurface(reconnect)
08-30 10:47:46.890 19610 19835 D SurfaceUtils: connecting to surface 0x79e1a287fb70, reason connectToSurface(reconnect)
08-30 10:47:46.896 19610 19836 D CCodec  : [c2.goldfish.h264.decoder] buffers are bound to CCodec for this session
08-30 10:47:46.897 19610 19836 D CCodecConfig: no c2 equivalents for csd-1
08-30 10:47:46.897 19610 19836 D CCodecConfig: no c2 equivalents for native-window
08-30 10:47:46.897 19610 19836 D CCodecConfig: no c2 equivalents for flags
08-30 10:47:46.902 19610 19836 D CCodecConfig: config failed => CORRUPTED
08-30 10:47:46.904 19610 19836 D CCodecConfig: c2 config diff is   c2::u32 raw.max-size.height = 720
08-30 10:47:46.904 19610 19836 D CCodecConfig:   c2::u32 raw.max-size.width = 1280
08-30 10:47:46.904 19610 19836 D CCodecConfig:   c2::u32 raw.size.height = 720
08-30 10:47:46.904 19610 19836 D CCodecConfig:   c2::u32 raw.size.width = 1280
08-30 10:47:46.910 19610 19836 W Codec2Client: query -- param skipped: index = 1107298332.
08-30 10:47:46.911 19610 19836 D CCodec  : client requested max input size 447303, which is smaller than what component recommended (2097152); overriding with component recommendation.
08-30 10:47:46.916 19610 19836 W CCodec  : This behavior is subject to change. It is recommended that app developers double check whether the requested max input size is in reasonable range.
08-30 10:47:46.916 19610 19836 D CCodec  : setup formats input: AMessage(what = 0x00000000) = {
08-30 10:47:46.916 19610 19836 D CCodec  :   int32_t height = 720
08-30 10:47:46.916 19610 19836 D CCodec  :   int32_t level = 65536
08-30 10:47:46.916 19610 19836 D CCodec  :   int32_t max-input-size = 2097152
08-30 10:47:46.916 19610 19836 D CCodec  :   string mime = "video/avc"
08-30 10:47:46.916 19610 19836 D CCodec  :   int32_t profile = 65536
08-30 10:47:46.916 19610 19836 D CCodec  :   int32_t width = 1280
08-30 10:47:46.916 19610 19836 D CCodec  :   Rect crop(0, 0, 1279, 719)
08-30 10:47:46.916 19610 19836 D CCodec  : }
08-30 10:47:46.916 19610 19836 D CCodec  : setup formats output: AMessage(what = 0x00000000) = {
08-30 10:47:46.916 19610 19836 D CCodec  :   int32_t android._color-format = 2135033992
08-30 10:47:46.916 19610 19836 D CCodec  :   int32_t android._video-scaling = 1
08-30 10:47:46.916 19610 19836 D CCodec  :   int32_t rotation-degrees = 0
08-30 10:47:46.916 19610 19836 D CCodec  :   int32_t color-standard = 1
08-30 10:47:46.916 19610 19836 D CCodec  :   int32_t color-range = 2
08-30 10:47:46.916 19610 19836 D CCodec  :   int32_t color-transfer = 3
08-30 10:47:46.916 19610 19836 D CCodec  :   int32_t sar-height = 1
08-30 10:47:46.916 19610 19836 D CCodec  :   int32_t sar-width = 1
08-30 10:47:46.916 19610 19836 D CCodec  :   Rect crop(0, 0, 1279, 719)
08-30 10:47:46.916 19610 19836 D CCodec  :   int32_t width = 1280
08-30 10:47:46.916 19610 19836 D CCodec  :   int32_t height = 720
08-30 10:47:46.916 19610 19836 D CCodec  :   int32_t max-height = 720
08-30 10:47:46.916 19610 19836 D CCodec  :   int32_t max-width = 1280
08-30 10:47:46.916 19610 19836 D CCodec  :   string mime = "video/raw"
08-30 10:47:46.916 19610 19836 D CCodec  :   int32_t android._dataspace = 260
08-30 10:47:46.916 19610 19836 D CCodec  :   int32_t color-format = 2130708361
08-30 10:47:46.916 19610 19836 D CCodec  : }
08-30 10:47:46.917 19610 19836 I CCodecConfig: query failed after returning 12 values (BAD_INDEX)
08-30 10:47:46.930 19610 19836 W Codec2Client: query -- param skipped: index = 1342179345.
08-30 10:47:46.930 19610 19836 W Codec2Client: query -- param skipped: index = 2415921170.
08-30 10:47:46.930 19610 19836 W Codec2Client: query -- param skipped: index = 1610614798.
08-30 10:47:46.935 19610 19836 W Codec2Client: query -- param skipped: index = 2684356609.
08-30 10:47:46.938 19610 19836 D CCodecBufferChannel: [c2.goldfish.h264.decoder#794] Created input block pool with allocatorID 16 => poolID 19 - OK (0)
08-30 10:47:46.945 19610 19836 D CCodecBufferChannel: [c2.goldfish.h264.decoder#794] Query output surface allocator returned 0 params => BAD_INDEX (6)
08-30 10:47:46.961 19610 19836 I CCodecBufferChannel: [c2.goldfish.h264.decoder#794] Created output block pool with allocatorID 18 => poolID 62 - OK
08-30 10:47:46.963 19610 19836 D CCodecBufferChannel: [c2.goldfish.h264.decoder#794] Configured output block pool ids 62 => OK
08-30 10:47:46.963 19610 19836 D Codec2-OutputBufferQueue: remote graphic buffer migration 0/0
08-30 10:47:46.966 19610 19836 D Codec2Client: setOutputSurface -- failed to set consumer usage (6/BAD_INDEX)
08-30 10:47:46.966 19610 19836 D Codec2Client: setOutputSurface -- generation=20080642 consumer usage=0x900
08-30 10:47:46.974   377   432 D goldfish-address-space: claimShared: Ask to claim region [0x3f0ef7000 0x3f0f68000]
08-30 10:47:46.990   382   911 D C2BqBuffer: local generation change 20080642 , bqId: 84224308674564 migrated buffers # 0
08-30 10:47:46.991 19610 19836 D Codec2Client: Surface configure completed
08-30 10:47:46.994   517   916 W ResourceManagerService: Ignoring request to add new resource entry with value <= 0
08-30 10:47:47.002 19610 19808 D BufferPoolAccessor2.0: bufferpool2 0x79e1028817e8 : 0(0 size) total buffers - 0(0 size) used buffers - 0/4 (recycle/alloc) - 4/168 (fetch/transfer)
08-30 10:47:47.002 19610 19808 D BufferPoolAccessor2.0: Destruction - bufferpool2 0x79e1028817e8 cached: 0/0M, 0/0% in use; allocs: 4, 0% recycled; transfers: 168, 98% unfetched
08-30 10:47:47.007   382 19837 D SimpleC2Component: Using output block pool with poolID 62 => got 62 - 0
08-30 10:47:47.008   377   432 D goldfish-address-space: claimShared: Ask to claim region [0x3f0ef7000 0x3f1049000]
08-30 10:47:47.075 19610 19836 D CCodecConfig: c2 config diff is   c2::u32 raw.color.matrix = 1
08-30 10:47:47.075 19610 19836 D CCodecConfig:   c2::u32 raw.color.primaries = 1
08-30 10:47:47.075 19610 19836 D CCodecConfig:   c2::u32 raw.color.transfer = 3
08-30 10:47:47.075 19610 19836 D CCodecConfig:   c2::u32 raw.crop.height = 720
08-30 10:47:47.075 19610 19836 D CCodecConfig:   c2::u32 raw.crop.left = 0
08-30 10:47:47.075 19610 19836 D CCodecConfig:   c2::u32 raw.crop.top = 0
08-30 10:47:47.075 19610 19836 D CCodecConfig:   c2::u32 raw.crop.width = 1280
08-30 10:47:47.080   377   432 D goldfish-address-space: claimShared: Ask to claim region [0x3f1049000 0x3f119b000]
08-30 10:47:47.107 19610 19838 D CCodec  : allocate(c2.android.aac.decoder)
08-30 10:47:47.115   377   432 D goldfish-address-space: claimShared: Ask to claim region [0x3f119b000 0x3f12ed000]
08-30 10:47:47.149   377   432 D goldfish-address-space: claimShared: Ask to claim region [0x3f12ed000 0x3f143f000]
08-30 10:47:47.179   377   432 D goldfish-address-space: claimShared: Ask to claim region [0x3f143f000 0x3f1591000]
08-30 10:47:47.181 19610 19838 I CCodec  : setting up 'default' as default (vendor) store
08-30 10:47:47.182   529 17714 V C2Store : in init
08-30 10:47:47.182   529 17714 V C2Store : loading dll
08-30 10:47:47.212 19610 19838 I CCodec  : Created component [c2.android.aac.decoder]
08-30 10:47:47.214 19610 19838 D CCodecConfig: read media type: audio/mp4a-latm
08-30 10:47:47.238 19610 19838 D ReflectedParamUpdater: extent() != 1 for single value type: algo.buffers.max-count.values
08-30 10:47:47.250 19610 19838 D ReflectedParamUpdater: extent() != 1 for single value type: output.subscribed-indices.values
08-30 10:47:47.251 19610 19838 D ReflectedParamUpdater: extent() != 1 for single value type: input.buffers.allocator-ids.values
08-30 10:47:47.261 19610 19838 D ReflectedParamUpdater: extent() != 1 for single value type: output.buffers.allocator-ids.values
08-30 10:47:47.266 19610 19838 D ReflectedParamUpdater: extent() != 1 for single value type: algo.buffers.allocator-ids.values
08-30 10:47:47.266 19610 19838 D ReflectedParamUpdater: extent() != 1 for single value type: output.buffers.pool-ids.values
08-30 10:47:47.270 19610 19838 D ReflectedParamUpdater: extent() != 1 for single value type: algo.buffers.pool-ids.values
08-30 10:47:47.290   529   849 D BufferPoolAccessor2.0: bufferpool2 0x7a105b0e49c8 : 0(0 size) total buffers - 0(0 size) used buffers - 327/332 (recycle/alloc) - 6/332 (fetch/transfer)
08-30 10:47:47.290   529   849 D BufferPoolAccessor2.0: evictor expired: 1, evicted: 1
08-30 10:47:47.306 19610 19838 I CCodecConfig: query failed after returning 19 values (BAD_INDEX)
08-30 10:47:47.306 19610 19838 D CCodecConfig: c2 config diff is Dict {
08-30 10:47:47.306 19610 19838 D CCodecConfig:   c2::u32 coded.aac-packaging.value = 0
08-30 10:47:47.306 19610 19838 D CCodecConfig:   c2::u32 coded.bitrate.value = 64000
08-30 10:47:47.306 19610 19838 D CCodecConfig:   c2::u32 coded.pl.level = 0
08-30 10:47:47.306 19610 19838 D CCodecConfig:   c2::u32 coded.pl.profile = 8192
08-30 10:47:47.306 19610 19838 D CCodecConfig:   c2::i32 coding.drc.album-mode.value = 0
08-30 10:47:47.306 19610 19838 D CCodecConfig:   c2::float coding.drc.attenuation-factor.value = 1
08-30 10:47:47.306 19610 19838 D CCodecConfig:   c2::float coding.drc.boost-factor.value = 1
08-30 10:47:47.306 19610 19838 D CCodecConfig:   c2::i32 coding.drc.compression-mode.value = 3
08-30 10:47:47.306 19610 19838 D CCodecConfig:   c2::i32 coding.drc.effect-type.value = 3
08-30 10:47:47.306 19610 19838 D CCodecConfig:   c2::float coding.drc.encoded-level.value = 0.25
08-30 10:47:47.306 19610 19838 D CCodecConfig:   c2::float coding.drc.reference-level.value = -16
08-30 10:47:47.306 19610 19838 D CCodecConfig:   c2::u32 input.buffers.max-size.value = 8192
08-30 10:47:47.306 19610 19838 D CCodecConfig:   c2::u32 input.delay.value = 0
08-30 10:47:47.306 19610 19838 D CCodecConfig:   string input.media-type.value = "audio/mp4a-latm"
08-30 10:47:47.306 19610 19838 D CCodecConfig:   c2::u32 output.delay.value = 2
08-30 10:47:47.306 19610 19838 D CCodecConfig:   c2::float output.drc.output-loudness.value = 0.25
08-30 10:47:47.306 19610 19838 D CCodecConfig:   string output.media-type.value = "audio/raw"
08-30 10:47:47.306 19610 19838 D CCodecConfig:   c2::u32 raw.channel-count.value = 1
08-30 10:47:47.306 19610 19838 D CCodecConfig:   c2::u32 raw.max-channel-count.value = 8
08-30 10:47:47.306 19610 19838 D CCodecConfig:   c2::u32 raw.sample-rate.value = 44100
08-30 10:47:47.306 19610 19838 D CCodecConfig: }
08-30 10:47:47.308 19610 19838 D CCodec  : [c2.android.aac.decoder] buffers are bound to CCodec for this session
08-30 10:47:47.308 19610 19838 D CCodecConfig: no c2 equivalents for flags
08-30 10:47:47.311 19610 19838 D CCodecConfig: config failed => CORRUPTED
08-30 10:47:47.316 19610 19838 D CCodecConfig: c2 config diff is   c2::u32 raw.channel-count.value = 2
08-30 10:47:47.320 19610 19838 W Codec2Client: query -- param skipped: index = 1107298332.
08-30 10:47:47.323 19610 19838 D CCodec  : client requested max input size 705, which is smaller than what component recommended (8192); overriding with component recommendation.
08-30 10:47:47.323 19610 19838 W CCodec  : This behavior is subject to change. It is recommended that app developers double check whether the requested max input size is in reasonable range.
08-30 10:47:47.324 19610 19838 D CCodec  : setup formats input: AMessage(what = 0x00000000) = {
08-30 10:47:47.324 19610 19838 D CCodec  :   int32_t aac-drc-album-mode = 0
08-30 10:47:47.324 19610 19838 D CCodec  :   int32_t aac-drc-boost-level = 127
08-30 10:47:47.324 19610 19838 D CCodec  :   int32_t aac-drc-cut-level = 127
08-30 10:47:47.324 19610 19838 D CCodec  :   int32_t aac-drc-effect-type = 3
08-30 10:47:47.324 19610 19838 D CCodec  :   int32_t aac-encoded-target-level = -1
08-30 10:47:47.324 19610 19838 D CCodec  :   int32_t aac-max-output-channel_count = 8
08-30 10:47:47.324 19610 19838 D CCodec  :   int32_t aac-target-ref-level = 64
08-30 10:47:47.324 19610 19838 D CCodec  :   int32_t bitrate = 64000
08-30 10:47:47.324 19610 19838 D CCodec  :   int32_t channel-count = 2
08-30 10:47:47.324 19610 19838 D CCodec  :   int32_t level = 0
08-30 10:47:47.324 19610 19838 D CCodec  :   int32_t max-input-size = 8192
08-30 10:47:47.324 19610 19838 D CCodec  :   string mime = "audio/mp4a-latm"
08-30 10:47:47.324 19610 19838 D CCodec  :   int32_t profile = 2
08-30 10:47:47.324 19610 19838 D CCodec  :   int32_t sample-rate = 44100
08-30 10:47:47.324 19610 19838 D CCodec  : }
08-30 10:47:47.324 19610 19838 D CCodec  : setup formats output: AMessage(what = 0x00000000) = {
08-30 10:47:47.324 19610 19838 D CCodec  :   int32_t aac-drc-album-mode = 0
08-30 10:47:47.324 19610 19838 D CCodec  :   int32_t aac-drc-boost-level = 127
08-30 10:47:47.324 19610 19838 D CCodec  :   int32_t aac-drc-cut-level = 127
08-30 10:47:47.324 19610 19838 D CCodec  :   int32_t aac-drc-effect-type = 3
08-30 10:47:47.324 19610 19838 D CCodec  :   int32_t aac-drc-output-loudness = -1
08-30 10:47:47.324 19610 19838 D CCodec  :   int32_t aac-encoded-target-level = -1
08-30 10:47:47.324 19610 19838 D CCodec  :   int32_t aac-max-output-channel_count = 8
08-30 10:47:47.324 19610 19838 D CCodec  :   int32_t aac-target-ref-level = 64
08-30 10:47:47.324 19610 19838 D CCodec  :   int32_t channel-count = 2
08-30 10:47:47.324 19610 19838 D CCodec  :   string mime = "audio/raw"
08-30 10:47:47.324 19610 19838 D CCodec  :   int32_t sample-rate = 44100
08-30 10:47:47.324 19610 19838 D CCodec  : }
08-30 10:47:47.326 19610 19838 I CCodecConfig: query failed after returning 19 values (BAD_INDEX)
08-30 10:47:47.331 19610 19838 W Codec2Client: query -- param skipped: index = 1342179345.
08-30 10:47:47.332 19610 19838 W Codec2Client: query -- param skipped: index = 2415921170.
08-30 10:47:47.332 19610 19838 W Codec2Client: query -- param skipped: index = 1610614798.
08-30 10:47:47.334 19610 19838 D CCodecBufferChannel: [c2.android.aac.decoder#283] Created input block pool with allocatorID 16 => poolID 20 - OK (0)
08-30 10:47:47.337   529  8346 D BufferPoolAccessor2.0: Destruction - bufferpool2 0x7a105b0e49c8 cached: 0/0M, 0/0% in use; allocs: 332, 98% recycled; transfers: 332, 98% unfetched
08-30 10:47:47.340 19610 19808 D BufferPoolAccessor2.0: bufferpool2 0x79e102873c38 : 0(0 size) total buffers - 0(0 size) used buffers - 1/6 (recycle/alloc) - 5/336 (fetch/transfer)
08-30 10:47:47.340 19610 19808 D BufferPoolAccessor2.0: Destruction - bufferpool2 0x79e102873c38 cached: 0/0M, 0/0% in use; allocs: 6, 17% recycled; transfers: 336, 99% unfetched
08-30 10:47:47.344 19610 19838 I CCodecBufferChannel: [c2.android.aac.decoder#283] Created output block pool with allocatorID 16 => poolID 70 - OK
08-30 10:47:47.350 19610 19838 D CCodecBufferChannel: [c2.android.aac.decoder#283] Configured output block pool ids 70 => OK
08-30 10:47:47.355   529 19839 D SimpleC2Component: Using output block pool with poolID 70 => got 70 - 0
08-30 10:47:47.378   529 19839 I C2SoftAacDec: Reconfiguring decoder: 0->44100 Hz, 0->2 channels
08-30 10:47:47.416 19610 19808 D CCodecBuffers: [c2.android.aac.decoder#283:1D-Input.Impl[N]] codec released a buffer owned by client (index 2)
08-30 10:47:47.443 19610 19835 W MediaCodec: mapFormat: no mediaType information
08-30 10:47:47.449 19610 19610 D NativoSDK: Media player prepared: [Demo]
08-30 10:47:47.449 19610 19610 D NativoSDK: Video format not found. Could not render video.
08-30 10:47:47.451 19610 19610 D NativoSDK: Seeking to position: 0
08-30 10:47:47.454 19610 19610 D NativoSDK: Starting
08-30 10:47:47.454 19610 19610 D NativeVideoAd: onVideoPlay:
08-30 10:47:47.459   377   432 D goldfish-address-space: claimShared: Ask to claim region [0x3f1591000 0x3f16e3000]
08-30 10:47:47.485   414 17713 W AudioFlinger: createTrack_l(): mismatch between requested flags (00000008) and output flags (00000002)
08-30 10:47:47.486   414 17713 D AudioFlinger: Client defaulted notificationFrames to 5512 for frameCount 11025
08-30 10:47:47.494   377   432 D goldfish-address-space: claimShared: Ask to claim region [0x3f16e3000 0x3f1835000]
08-30 10:47:47.525   377   432 D goldfish-address-space: claimShared: Ask to claim region [0x3f1835000 0x3f1987000]
08-30 10:47:47.525   414 17713 D AF::TrackHandle: OpPlayAudio: track:111 usage:1 not muted
08-30 10:47:47.547   377   432 D goldfish-address-space: claimShared: Ask to claim region [0x3f1987000 0x3f1ad9000]
08-30 10:47:47.612   439   439 E SurfaceFlinger: Attempt to set frame rate on an unrecognized IGraphicBufferProducer
08-30 10:47:47.625   366   366 E android.hardware.audio@7.0-impl.ranchu: device/generic/goldfish/audio/stream_out.cpp:updateSourceMetadata:377 failure: Result::NOT_SUPPORTED
08-30 10:47:47.625   377   432 D goldfish-address-space: claimShared: Ask to claim region [0x3f1ad9000 0x3f1c2b000]
08-30 10:47:47.632  4720  4764 I NearbyDiscovery: FastPair: AudioEventListener check active usage=1, package=com.nativo.sampleapp [CONTEXT service_id=49 ]
08-30 10:47:47.649  4720  4764 I NearbyDiscovery: FastPair: AudioEventListener find media event, but the active package com.nativo.sampleapp doesn't hold the AudioFocus [CONTEXT service_id=49 ]
08-30 10:47:47.652   377   432 D goldfish-address-space: claimShared: Ask to claim region [0x3f1c2b000 0x3f1d7d000]
08-30 10:47:47.674 19610 19610 D onBindViewHolder: At pos: 18
08-30 10:47:47.681   377   432 D goldfish-address-space: claimShared: Ask to claim region [0x3f1d7d000 0x3f1ecf000]
08-30 10:47:47.702   414   554 D AudioFlinger: mixer(0x7caaa7d58a60) throttle end: throttle time(2)
08-30 10:47:47.706  4720  4764 I NearbyDiscovery: FastPair: AudioEventListener check active usage=1, package=com.nativo.sampleapp [CONTEXT service_id=49 ]
08-30 10:47:47.707  4720  4764 I NearbyDiscovery: FastPair: AudioEventListener find media event, but the active package com.nativo.sampleapp doesn't hold the AudioFocus [CONTEXT service_id=49 ]
08-30 10:47:47.708   377   432 D goldfish-address-space: claimShared: Ask to claim region [0x3edffe000 0x3ee150000]
08-30 10:47:47.721 19610 19830 D AudioTrack: getTimestamp_l(71): device stall time corrected using current time 3930176109841
08-30 10:47:47.734   377   432 D goldfish-address-space: claimShared: Ask to claim region [0x3ee150000 0x3ee2a2000]
08-30 10:47:47.762 19610 19632 D EGL_emulation: app_time_stats: avg=51.64ms min=15.06ms max=106.47ms count=19
08-30 10:47:47.765   377   432 D goldfish-address-space: claimShared: Ask to claim region [0x3ee2a2000 0x3ee3f4000]
08-30 10:47:47.813   414   554 D AudioFlinger: mixer(0x7caaa7d58a60) throttle end: throttle time(47)
08-30 10:47:47.815   414   554 D AF::Track: interceptBuffer: took 1692us to intercept 0 tracks
08-30 10:47:47.829 19610 19610 D NativoSDK: Tracking videoStart
08-30 10:47:47.839   414   554 D AudioFlinger: mixer(0x7caaa7d58a60) throttle end: throttle time(4)
08-30 10:47:47.847   377   432 D goldfish-address-space: claimShared: Ask to claim region [0x3ee3f4000 0x3ee546000]
08-30 10:47:47.931 19610 19620 I ativo.sampleap: Background young concurrent copying GC freed 59557(3347KB) AllocSpace objects, 26(948KB) LOS objects, 20% free, 15MB/19MB, paused 1.912ms,184us total 192.045ms
08-30 10:47:48.148   414   554 D AudioFlinger: mixer(0x7caaa7d58a60) throttle end: throttle time(33)
08-30 10:47:48.376   414   554 D AudioFlinger: mixer(0x7caaa7d58a60) throttle end: throttle time(9)
08-30 10:47:48.498 19610 19610 D NativoSDK: 159415111: Viewable Impression tracking  fired.
08-30 10:47:48.655   414   554 D AudioFlinger: mixer(0x7caaa7d58a60) throttle end: throttle time(15)
08-30 10:47:48.700   414   554 D AF::Track: interceptBuffer: took 690us to intercept 0 tracks
08-30 10:47:48.780 19610 19632 D EGL_emulation: app_time_stats: avg=45.11ms min=18.63ms max=84.00ms count=22
08-30 10:47:48.801  4676 19842 I GmscoreIpa: Starting mediastore instant index [CONTEXT service_id=255 ]
08-30 10:47:48.918 19610 19680 D NativoSDK: Section(http://www.nativo.net/test) dequeued ad to: 19
08-30 10:47:48.919 19610 19610 I NativoSDK: Recycling ad of type NativeAd at position 19
08-30 10:47:48.937 19610 19610 D SampleApp: didPlaceAdInView: 19 AdData: net.nativo.sdk.NtvAdData@49dafed, hasAdContent: true, adType: NtvAdtypeDisplay, title: 3 Ways to Protect Yourself From Ransomware (Demo), adID: 168641
08-30 10:47:48.937 19610 19610 D NativoSDK: 77443053: Started tracking ad: 3 Ways to Protect Yourself From Ransomware (Demo)
08-30 10:47:48.937 19610 19610 D SampleApp: placing ad at position 19, available: true
08-30 10:47:48.937 19610 19610 D onBindViewHolder: At pos: 19
08-30 10:47:48.945   414   554 D AudioFlinger: mixer(0x7caaa7d58a60) throttle end: throttle time(15)
08-30 10:47:48.959 19610 19610 D SampleApp: didAssignAdToLocation: 19
08-30 10:47:48.961 19610 19638 D NativoSDK: Requesting ad in section: http://www.nativo.net/test
08-30 10:47:48.999 19610 19610 D onBindViewHolder: At pos: 20
08-30 10:47:49.058   414   554 D AudioFlinger: mixer(0x7caaa7d58a60) throttle end: throttle time(2)
08-30 10:47:49.091 19610 19610 D NativoSDK: 77443053: CPM impression tracking fired.
08-30 10:47:49.091 19610 19610 D NativoSDK: Test ads enabled.
08-30 10:47:49.091 19610 19610 D SampleApp: Did receive ad: false
08-30 10:47:49.161 19610 19610 D NativoSDK: 77443053: Pixel tracking fired
08-30 10:47:49.275   414   554 D AudioFlinger: mixer(0x7caaa7d58a60) throttle end: throttle time(1)
08-30 10:47:49.467 19035 19051 W InteractionController: runAndwaitForEvents timed out waiting for events
08-30 10:47:49.467 19035 19051 D InteractionController: scrollSwipe reached scroll end: false
08-30 10:47:49.467 19035 19051 D UiScrollable: scrollForward() on selector = UiSelector[SCROLLABLE=true]
08-30 10:47:49.549 19610 19808 D CCodecBuffers: [c2.goldfish.h264.decoder#794:1D-Input.Impl[N]] codec released a buffer owned by client (index 3)
